================ CombatCheck 开始 ================
    [ OK ] 配表加载 TableLoader.LoadAll（与 Bootstrap 同一入口）   (dir=C:\Work\Server\full-dev\clover-project-diablo2\client\Assets\Scripts\Table\Tsv)
[INFO ] [Combat] DeathFlow 已订阅：MonsterKilled（经验+掉落）、PlayerDied（脱战+死亡屏）
    [ OK ] AppContext 装配完成（Map/Player/Combat/Monster/Skill/View/Item/Audio 全部非 null）   ((见装配代码))

────────────────────────────────────────────────────────────
▶ 0. 宿主可用性自证（验证手段自身要自证）
────────────────────────────────────────────────────────────
Vector2Int(3,-4) = (3, -4)；Mathf.FloorToInt(-0.5) = -1
Iso.GridToWorld(3,5) = (-2.00, -4.50, 0.00)；SortOrder(3,5) = 132
    [ OK ] Iso 正/逆投影往返一致   (见上行)
⚠️ Time.realtimeSinceStartup 在非 Unity 进程不可用（SecurityException）⇒ `Core/Log.WarnThrottled/WarnOnce` 会抛异常，故本模块组的降频日志（`CombatLog/MonsterLog/SkillLog/ViewLog`）**自己实现无时钟降频**（见各文件头）。


────────────────────────────────────────────────────────────
▶ 1. 官方伤害 / 命中 / 抗性公式：固定输入 → 固定输出
────────────────────────────────────────────────────────────
物理伤害：武器10 力量100 倍率1.0 → 20（期望 20 = 10×(1+100/100)）
物理伤害：武器10 力量100 倍率1.5 → 30（期望 30）
物理伤害：武器 9 力量  0 倍率1.0 → 9（期望  9）
    [ OK ] 物理伤害公式 = 武器 × (1+力量/100) × 技能倍率   (20/30/9)
命中率：ALvl=DLvl=10 AR=DR=100 → 50.00%（期望 50.00%）
命中率：ALvl=1  DLvl=10 AR=DR=100 → 9.09%（期望 9.09%）
命中率：ALvl=20 DLvl=1  AR=DR=100 → 95.00%（期望 95.00%，被上限夹住）
命中率：极差（AR=1 vs DR=100000）→ 5.00%（被下限 5% 夹住）
命中率：极优（AR=100000 vs DR=1）→ 95.00%（被上限 95% 夹住）
    [ OK ] 命中率：同 AR/DR 同等级 = 50%   (50.00)
    [ OK ] 命中率：等级差会改变命中率（ALvl<DLvl 更低，ALvl>DLvl 更高）   (9.1 < 50.0 < 95.0)
    [ OK ] 命中率：被夹在 5%~95%   (5.00/95.00)
抗性：raw=100 → 抗性 0% → 100；50% → 50；75% → 25；200%（应夹到 75%）→ 25；-50%（负抗性加伤）→ 150
    [ OK ] 抗性减免公式（含 75% 上限与负抗性加伤）   (100/50/25/25/150)
    [ OK ] skill_c 取到法师「火弹」(id=31)   (火弹)
火弹：1 级伤害 3-6（表 dmg_min/dmg_max=3/6），3 级伤害 9-18；1 级法力 5（表 mana=5/每级 0），3 级法力 5
    [ OK ] 技能伤害随等级线性放大（本项目近似，见 DamageFormula.SkillDamageRange）   (3/9)
    [ OK ] 技能法力消耗 = mana + lvlmana×(slvl-1)（官方）   (5/5)
致命一击成功率：1 级=25% 10 级=52% 30 级=75%（上限 75%，未学=0%）
    [ OK ] 致命一击：未学为 0%，且随等级上升并被上限夹住   (0.25/0.75)


────────────────────────────────────────────────────────────
▶ 2. 命中率统计：固定 seed 打 1000 次（可复现）
────────────────────────────────────────────────────────────
  中档 50%（ALvl=DLvl=10 AR=DR=100）：期望 50.00% ⇒ 实测 51.20%（512/1000，seed=20250916）
    [ OK ] 命中率落在期望区间 [44%, 56%]（中档 50%（ALvl=DLvl=10 AR=DR=100））   (51.20 %)
  上限 95%（AR 远大于 DR、等级碾压）：期望 95.00% ⇒ 实测 94.60%（946/1000，seed=20250916）
    [ OK ] 命中率落在期望区间 [91%, 99%]（上限 95%（AR 远大于 DR、等级碾压））   (94.60 %)
  下限 5%（AR 远小于 DR、等级被碾压）：期望 5.00% ⇒ 实测 4.30%（43/1000，seed=20250916）
    [ OK ] 命中率落在期望区间 [2%, 9%]（下限 5%（AR 远小于 DR、等级被碾压））   (4.30 %)


────────────────────────────────────────────────────────────
▶ 3. 命中反馈三件套（飘字 + 音效钩子 + 头顶血条下降）必须在**同一次命中**里都发生
────────────────────────────────────────────────────────────
[INFO ] [Map] MapGenWilderness: 树林 8 片 + 零散树 35 棵（共落 226+ 格）
[INFO ] [Map] MapGenWilderness: 岩石群 15 簇
[INFO ] [Map] MapGenWilderness: 尖刺栅栏 4 段
[INFO ] [Map] 连通性修整：填掉 17 格「从 (6, 33) 不可达的孤立口袋」（否则掉落/刷怪会落进死地）→ 地形改为 Rock
[INFO ] [Map] MapGenWilderness: 血腥荒野生成完成（size=77x67 seed=20250916 出生点=(6, 33) 回城口=(0, 33) 洞穴入口=(76, 38)）
[INFO ] [Map] 连通性自检：从出生点 (6, 33) 可达 4562 格（可走共 4562），需可达目标 2 个，不可达 0 个
[INFO ] [Map] Generate 完成：area=BloodMoor(血腥荒野) requestedSeed=20250916 effectiveSeed=20250916 attempts=1 size=77x67 blocked=597 walkable=4562 timeMs=16.8
[INFO ] [Map] area=BloodMoor(血腥荒野) size=77x67 seed=20250916 blocked=597 walkable=4562 timeMs=16.8 attempts=1 spawn=(6, 33) exits=2 caveEntrance=(76, 38) npc=0 monsterSpawns=0
[INFO ] [Map] DumpStats →
── MAP STATS ────────────────────────────────────────────────
  区域      : BloodMoor（血腥荒野）
  尺寸      : 77 x 67 = 5159 格
  seed      : 20250916（重试次数 1）
  障碍数    : 597
  可走数    : 4562（88.4%）
  生成耗时  : 16.8 ms
  出生点    : (6, 33)
  出口      : 2 个 [0,33, 76,38]
  洞穴入口  : (76, 38)
  NPC 站位  : 0 个
  刷怪点    : 0 个
  地形哈希  : 6F6A8F2B2E537171
─────────────────────────────────────────────────────────────
[INFO ] [Map] DumpAscii hash=6F6A8F2B2E537171（同 seed 两次生成必须同哈希）
ASCII y=66→0  x=0→76   图例: ' '=图外/未生成 '.'=可走 '#'=障碍 'S'=出生点 'E'=出口 'C'=洞穴入口 'N'=NPC 'M'=刷怪点
066|#############################################################################
065|#...........................................................................#
064|#...........................................................................#
063|#.........#..................................................#..............#
062|#...........................................................................#
061|#........................................................................#..#
060|#...........................................................................#
059|#...........................................................................#
058|#..................#..............#.........................................#
057|#.................................#...................................#.....#
056|#......#....................................................................#
055|#.....###...................................................................#

[INFO ] [Map] BuildMinimap: area=BloodMoor 77x67 tiles=5159 markers=2
[INFO ] [Monster] 区域切换为 BloodMoor ⇒ 清空 0 只怪的仇恨与路径（避免拿着旧地图的路径走）
[WARN ] [Monster] AreaLevelTable：`Def.AreaId`（0 基，BloodMoor=1）与 `level_c.id`（1 基）**差 1**，已按 id=2 解析到「血腥荒野」。（契约不一致：`Def/Enums.cs` 的 AreaId 注释写「取值 = 配表 level_c 的主键」，但实际数据是 1 基；已回报主 agent，本类两种口径都兼容）
[WARN ] [Monster] 精英怪保底：level_c.mon_umin/mon_umax=0/0（官方实际值）⇒ **本项目新增**保底刷 1 群精英，否则「精英词缀」在整个 Act I 都不可见
[INFO ] [Monster] spawn m#1000 僵尸 lvl=1 hp=10/10 dmg=1-3 ac=5 ar=8 exp=33 ai=Melee speed=1.0 格=(3,21) 区域=BloodMoor 尸体可用=True 抗性=[物0 火0 冰0 电0 毒50]
[INFO ] [Monster] spawn m#1001 僵尸 lvl=1 hp=10/10 dmg=1-3 ac=5 ar=8 exp=33 ai=Melee speed=1.0 格=(2,20) 区域=BloodMoor 尸体可用=True 抗性=[物0 火0 冰0 电0 毒50]
[INFO ] [Monster] spawn m#1002 僵尸 lvl=1 hp=10/10 dmg=1-3 ac=5 ar=8 exp=33 ai=Melee speed=1.0 格=(26,65) 区域=BloodMoor 尸体可用=True 抗性=[物0 火0 冰0 电0 毒50]
[INFO ] [Monster] spawn m#1003 僵尸 lvl=1 hp=10/10 dmg=1-3 ac=5 ar=8 exp=33 ai=Melee speed=1.0 格=(25,64) 区域=BloodMoor 尸体可用=True 抗性=[物0 火0 冰0 电0 毒50]
[INFO ] [Monster] spawn m#1004 僵尸 lvl=1 hp=10/10 dmg=1-3 ac=5 ar=8 exp=33 ai=Melee speed=1.0 格=(28,50) 区域=BloodMoor 尸体可用=True 抗性=[物0 火0 冰0 电0 毒50]
[INFO ] [Monster] spawn m#1005 堕落者 lvl=1 hp=3/3 dmg=1-2 ac=5 ar=8 exp=18 ai=Coward speed=5.0 格=(5,40) 区域=BloodMoor 尸体可用=True 抗性=[物0 火0 冰0 电0 毒0]
[INFO ] [Monster] spawn m#1006 堕落者 lvl=1 hp=3/3 dmg=1-2 ac=5 ar=8 exp=18 ai=Coward speed=5.0 格=(4,40) 区域=BloodMoor 尸体可用=True 抗性=[物0 火0 冰0 电0 毒0]
[INFO ] [Monster] spawn m#1007 堕落者 lvl=1 hp=3/3 dmg=1-2 ac=5 ar=8 exp=18 ai=Coward speed=5.0 格=(15,5) 区域=BloodMoor 尸体可用=True 抗性=[物0 火0 冰0 电0 毒0]
[INFO ] [Monster] spawn m#1008 堕落者 lvl=1 hp=3/3 dmg=1-2 ac=5 ar=8 exp=18 ai=Coward speed=5.0 格=(14,4) 区域=BloodMoor 尸体可用=True 抗性=[物0 火0 冰0 电0 毒0]
[INFO ] [Monster] spawn m#1009 堕落者 lvl=1 hp=3/3 dmg=1-2 ac=5 ar=8 exp=18 ai=Coward speed=5.0 格=(3,28) 区域=BloodMoor 尸体可用=True 抗性=[物0 火0 冰0 电0 毒0]
[INFO ] [Monster] spawn m#1010 堕落者 lvl=1 hp=3/3 dmg=1-2 ac=5 ar=8 exp=18 ai=Coward speed=5.0 格=(2,27) 区域=BloodMoor 尸体可用=True 抗性=[物0 火0 冰0 电0 毒0]
[INFO ] [Monster] spawn m#1011 堕落者 lvl=1 hp=3/3 dmg=1-2 ac=5 ar=8 exp=18 ai=Coward speed=5.0 格=(2,28) 区域=BloodMoor 尸体可用=True 抗性=[物0 火0 冰0 电0 毒0]
[INFO ] [Monster] spawn m#1012 尖刺鼠 lvl=1 hp=4/4 dmg=1-2 ac=5 ar=8 exp=21 ai=Range speed=3.0 格=(44,22) 区域=BloodMoor 尸体可用=True 抗性=[物0 火0 冰0 电0 毒0]
[INFO ] [Monster] spawn m#1013 尖刺鼠 lvl=1 hp=4/4 dmg=1-2 ac=5 ar=8 exp=21 ai=Range speed=3.0 格=(69,58) 区域=BloodMoor 尸体可用=True 抗性=[物0 火0 冰0 电0 毒0]
[INFO ] [Monster] spawn m#1014 尖刺鼠 lvl=1 hp=4/4 dmg=1-2 ac=5 ar=8 exp=21 ai=Range speed=3.0 格=(13,13) 区域=BloodMoor 尸体可用=True 抗性=[物0 火0 冰0 电0 毒0]
[INFO ] [Monster] spawn m#1015 尖刺鼠 lvl=1 hp=4/4 dmg=1-2 ac=5 ar=8 exp=21 ai=Range speed=3.0 格=(12,12) 区域=BloodMoor 尸体可用=True 抗性=[物0 火0 冰0 电0 毒0]
[INFO ] [Monster] spawn m#1016 狂热 僵尸 lvl=1 hp=30/30 dmg=2-6 ac=5 ar=14 exp=99 ai=Melee speed=1.0 格=(58,27) 区域=BloodMoor 尸体可用=True 抗性=[物0 火0 冰0 电0 毒50]
[INFO ] [Monster] elite m#1016「狂热 僵尸」词缀=狂热(id=16) hp 10→30（×3.0） dmg 1-3→2-6（×2.0） ar 8→14（+75%） ac ×1.0
[INFO ] [Monster] SpawnArea(BloodMoor=血腥荒野)完成：普通 16 只 + 精英 1 只 = 17 只（种类 3，每类 3 群，精英 1 群；密度 mon_density=520 区域等级 1；精英词缀=狂热(id=16,冠军)）
[INFO ] [Monster] SpawnArea(BloodMoor=血腥荒野)：本区域共 17 只（存活 17）；地图 77x67 seed=20250916 刷新点来源=RandomWalkableTile（野外）
    [ OK ] 血腥荒野刷出了近战怪（僵尸）   (m#1000 僵尸)
[INFO ] [Combat] 目标变化：-1 → 1000（-1 = 无目标）
[INFO ] [Monster] aggro(被打) m#1000 僵尸：被玩家攻击 ⇒ 转入仇恨
[WARN ] [Combat] GetWeaponDamage: 没有装备武器 ⇒ 按官方空手 1-2 结算（第 1 次）
[INFO ] [Combat] [普攻] m#1000 僵尸：武器 1-2 掷=2 力量=20 ⇒ raw=2；命中率=83.3% ALvl=1 DLvl=1 AR=25 DR=5 ⇒ 命中（距离 1.41）
[INFO ] [Monster] hurt m#1000 僵尸：raw=2 Physical 抗性=0% ⇒ 实扣=2，hp 10/10 → 8/10
[INFO ] [Combat] [普攻] 命中 m#1000 僵尸：raw=2 实扣=2 (Physical) → hp 10/10 → 8/10
    [ OK ] 出现过一次命中（飘字已产生）   (命中)
  本次命中的调用序列（同一次 RequestAttack 内）：
    monsterHp:1000=8/10
    float:2
    view.PlayHit:1000
    sfxAt:hit
    event.DamageDealt:from=1,to=1000,amount=2,hit=True
    [ OK ] ③ 头顶血条下降（ViewModule.UpdateMonster 被调用，同一调用栈）   (有 monsterHp: 记录)
    [ OK ] ① 飘字（ViewModule.ShowFloatingText 被调用）   (有 float: 记录)
    [ OK ] ② 音效钩子（IAudioModule.SfxAt 被调用）   (有 sfxAt: 记录)
    [ OK ] 受击表现（PlayHit 闪白 + Hit 动画）   (有 view.PlayHit: 记录)
    [ OK ] 三者出现在**同一次**攻击调用里（不是三次各自触发）   (monsterHp:1000=8/10 | float:2 | view.PlayHit:1000 | sfxAt:hit | event.DamageDealt:from=1,to=1000,amount=2,hit=True)
    [ OK ] 目标血量确实下降   (10 → 8)
    [ OK ] 飘字颜色是打包的 ARGB（非 0）   (0xFFFF5050)


────────────────────────────────────────────────────────────
▶ 4. 四种 AI 各演一次
────────────────────────────────────────────────────────────
[INFO ] [Map] MapGenWilderness: 树林 8 片 + 零散树 28 棵（共落 141+ 格）
[INFO ] [Map] MapGenWilderness: 岩石群 13 簇
[INFO ] [Map] MapGenWilderness: 尖刺栅栏 7 段
[INFO ] [Map] 连通性修整：填掉 16 格「从 (6, 29) 不可达的孤立口袋」（否则掉落/刷怪会落进死地）→ 地形改为 Rock
[INFO ] [Map] MapGenWilderness: 血腥荒野生成完成（size=64x58 seed=424242 出生点=(6, 29) 回城口=(0, 29) 洞穴入口=(63, 33)）
[INFO ] [Map] 连通性自检：从出生点 (6, 29) 可达 3246 格（可走共 3246），需可达目标 2 个，不可达 0 个
[INFO ] [Map] Generate 完成：area=BloodMoor(血腥荒野) requestedSeed=424242 effectiveSeed=424242 attempts=1 size=64x58 blocked=466 walkable=3246 timeMs=0.6
[INFO ] [Map] area=BloodMoor(血腥荒野) size=64x58 seed=424242 blocked=466 walkable=3246 timeMs=0.6 attempts=1 spawn=(6, 29) exits=2 caveEntrance=(63, 33) npc=0 monsterSpawns=0
[INFO ] [Map] DumpStats →
── MAP STATS ────────────────────────────────────────────────
  区域      : BloodMoor（血腥荒野）
  尺寸      : 64 x 58 = 3712 格
  seed      : 424242（重试次数 1）
  障碍数    : 466
  可走数    : 3246（87.4%）
  生成耗时  : 0.6 ms
  出生点    : (6, 29)
  出口      : 2 个 [0,29, 63,33]
  洞穴入口  : (63, 33)
  NPC 站位  : 0 个
  刷怪点    : 0 个
  地形哈希  : 5F31EA42E381729A
─────────────────────────────────────────────────────────────
[INFO ] [Map] DumpAscii hash=5F31EA42E381729A（同 seed 两次生成必须同哈希）
ASCII y=57→0  x=0→63   图例: ' '=图外/未生成 '.'=可走 '#'=障碍 'S'=出生点 'E'=出口 'C'=洞穴入口 'N'=NPC 'M'=刷怪点
057|################################################################
056|#..............................................................#
055|#..............................................................#
054|#....................................#####.....................#
053|#.....................................###..........#...........#
052|#...................................#######....................#
051|#....................................####....#.................#
050|#...............#.....................####.....................#
049|#......................#...............#.......................#
048|#..............#...............................................#
047|#..............#...............................................#
046|#..............#.......................................#.......#

[INFO ] [Map] BuildMinimap: area=BloodMoor 64x58 tiles=3712 markers=2
[INFO ] [Monster] 区域切换为 BloodMoor ⇒ 清空 1 只怪的仇恨与路径（避免拿着旧地图的路径走）
[INFO ] [Monster] DespawnAll：清空 17 只怪物（含尸体）与其视图
[WARN ] [Monster] 精英怪保底：level_c.mon_umin/mon_umax=0/0（官方实际值）⇒ **本项目新增**保底刷 1 群精英，否则「精英词缀」在整个 Act I 都不可见
[INFO ] [Monster] spawn m#1017 僵尸 lvl=1 hp=10/10 dmg=1-3 ac=5 ar=8 exp=33 ai=Melee speed=1.0 格=(57,27) 区域=BloodMoor 尸体可用=True 抗性=[物0 火0 冰0 电0 毒50]
[INFO ] [Monster] spawn m#1018 僵尸 lvl=1 hp=10/10 dmg=1-3 ac=5 ar=8 exp=33 ai=Melee speed=1.0 格=(48,50) 区域=BloodMoor 尸体可用=True 抗性=[物0 火0 冰0 电0 毒50]
[INFO ] [Monster] spawn m#1019 僵尸 lvl=1 hp=10/10 dmg=1-3 ac=5 ar=8 exp=33 ai=Melee speed=1.0 格=(47,49) 区域=BloodMoor 尸体可用=True 抗性=[物0 火0 冰0 电0 毒50]
[INFO ] [Monster] spawn m#1020 僵尸 lvl=1 hp=10/10 dmg=1-3 ac=5 ar=8 exp=33 ai=Melee speed=1.0 格=(41,29) 区域=BloodMoor 尸体可用=True 抗性=[物0 火0 冰0 电0 毒50]
[INFO ] [Monster] spawn m#1021 僵尸 lvl=1 hp=10/10 dmg=1-3 ac=5 ar=8 exp=33 ai=Melee speed=1.0 格=(40,28) 区域=BloodMoor 尸体可用=True 抗性=[物0 火0 冰0 电0 毒50]
[INFO ] [Monster] spawn m#1022 堕落者 lvl=1 hp=3/3 dmg=1-2 ac=5 ar=8 exp=18 ai=Coward speed=5.0 格=(2,22) 区域=BloodMoor 尸体可用=True 抗性=[物0 火0 冰0 电0 毒0]
[INFO ] [Monster] spawn m#1023 堕落者 lvl=1 hp=3/3 dmg=1-2 ac=5 ar=8 exp=18 ai=Coward speed=5.0 格=(1,21) 区域=BloodMoor 尸体可用=True 抗性=[物0 火0 冰0 电0 毒0]
[INFO ] [Monster] spawn m#1024 堕落者 lvl=1 hp=3/3 dmg=1-2 ac=5 ar=8 exp=18 ai=Coward speed=5.0 格=(47,50) 区域=BloodMoor 尸体可用=True 抗性=[物0 火0 冰0 电0 毒0]
[INFO ] [Monster] spawn m#1025 堕落者 lvl=1 hp=3/3 dmg=1-2 ac=5 ar=8 exp=18 ai=Coward speed=5.0 格=(47,51) 区域=BloodMoor 尸体可用=True 抗性=[物0 火0 冰0 电0 毒0]
[INFO ] [Monster] spawn m#1026 堕落者 lvl=1 hp=3/3 dmg=1-2 ac=5 ar=8 exp=18 ai=Coward speed=5.0 格=(59,49) 区域=BloodMoor 尸体可用=True 抗性=[物0 火0 冰0 电0 毒0]
[INFO ] [Monster] spawn m#1027 堕落者 lvl=1 hp=3/3 dmg=1-2 ac=5 ar=8 exp=18 ai=Coward speed=5.0 格=(58,48) 区域=BloodMoor 尸体可用=True 抗性=[物0 火0 冰0 电0 毒0]
[INFO ] [Monster] spawn m#1028 堕落者 lvl=1 hp=3/3 dmg=1-2 ac=5 ar=8 exp=18 ai=Coward speed=5.0 格=(58,49) 区域=BloodMoor 尸体可用=True 抗性=[物0 火0 冰0 电0 毒0]
[INFO ] [Monster] spawn m#1029 尖刺鼠 lvl=1 hp=4/4 dmg=1-2 ac=5 ar=8 exp=21 ai=Range speed=3.0 格=(7,38) 区域=BloodMoor 尸体可用=True 抗性=[物0 火0 冰0 电0 毒0]
[INFO ] [Monster] spawn m#1030 尖刺鼠 lvl=1 hp=4/4 dmg=1-2 ac=5 ar=8 exp=21 ai=Range speed=3.0 格=(6,37) 区域=BloodMoor 尸体可用=True 抗性=[物0 火0 冰0 电0 毒0]
[INFO ] [Monster] spawn m#1031 尖刺鼠 lvl=1 hp=4/4 dmg=1-2 ac=5 ar=8 exp=21 ai=Range speed=3.0 格=(2,46) 区域=BloodMoor 尸体可用=True 抗性=[物0 火0 冰0 电0 毒0]
[INFO ] [Monster] spawn m#1032 尖刺鼠 lvl=1 hp=4/4 dmg=1-2 ac=5 ar=8 exp=21 ai=Range speed=3.0 格=(19,50) 区域=BloodMoor 尸体可用=True 抗性=[物0 火0 冰0 电0 毒0]
[INFO ] [Monster] spawn m#1033 附身 僵尸 lvl=1 hp=30/30 dmg=2-6 ac=5 ar=14 exp=99 ai=Melee speed=1.0 格=(29,31) 区域=BloodMoor 尸体可用=True 抗性=[物0 火0 冰0 电0 毒50]
[INFO ] [Monster] elite m#1033「附身 僵尸」词缀=附身(id=17) hp 10→30（×3.0） dmg 1-3→2-6（×2.0） ar 8→14（+75%） ac ×1.0
[INFO ] [Monster] spawn m#1034 附身 僵尸 lvl=1 hp=30/30 dmg=2-6 ac=5 ar=14 exp=99 ai=Melee speed=1.0 格=(28,30) 区域=BloodMoor 尸体可用=True 抗性=[物0 火0 冰0 电0 毒50]
[INFO ] [Monster] elite m#1034「附身 僵尸」词缀=附身(id=17) hp 10→30（×3.0） dmg 1-3→2-6（×2.0） ar 8→14（+75%） ac ×1.0
[INFO ] [Monster] SpawnArea(BloodMoor=血腥荒野)完成：普通 16 只 + 精英 2 只 = 18 只（种类 3，每类 3 群，精英 1 群；密度 mon_density=520 区域等级 1；精英词缀=附身(id=17,冠军)）
[INFO ] [Monster] SpawnArea(BloodMoor=血腥荒野)：本区域共 18 只（存活 18）；地图 64x58 seed=424242 刷新点来源=RandomWalkableTile（野外）
[INFO ] [Monster] aggro m#1017 僵尸（Melee）：发现玩家，距离 7.1 ≤ 8.0 ⇒ 进入仇恨
[INFO ] [Combat] [怪攻] m#1017 僵尸（Melee）掷=1 命中率=40.0% ALvl=1 DLvl=1 AR=8 DR=12 ⇒ 未命中（距离 1.41）
[INFO ] [Combat] [怪攻] 未命中：attacker=1017 target=1 (raw=1 已丢弃) 目标免疫/闪避
  Melee（m#1017 僵尸，speed=1）：与玩家距离 7.07 → 1.41 格，该怪出手 1 次
    [ OK ] Melee：会靠近（距离显著减小）   (7.07 → 1.41)
    [ OK ] Melee：进入近战范围后出手攻击   (出手 1 次)
[INFO ] [Monster] leash m#1017 僵尸：距离 52.3 > 14.0 ⇒ 脱战回原位 (57, 27)
[INFO ] [Monster] aggro m#1029 尖刺鼠（Range）：发现玩家，距离 6.4 ≤ 8.0 ⇒ 进入仇恨
[INFO ] [Combat] [怪攻] m#1029 尖刺鼠（Range）掷=1 命中率=40.0% ALvl=1 DLvl=1 AR=8 DR=12 ⇒ 未命中（距离 6.40）
[INFO ] [Combat] [怪攻] 未命中：attacker=1029 target=1 (raw=1 已丢弃) 目标免疫/闪避
[INFO ] [Monster] aggro m#1030 尖刺鼠（Range）：发现玩家，距离 5.0 ≤ 8.0 ⇒ 进入仇恨
[INFO ] [Combat] [怪攻] m#1030 尖刺鼠（Range）掷=2 命中率=40.0% ALvl=1 DLvl=1 AR=8 DR=12 ⇒ 命中（距离 5.00）
[INFO ] [Combat] [怪攻] 玩家受击：raw=2 实扣=2 (Physical) → 生命 999 → 997
[INFO ] [Combat] [怪攻] m#1029 尖刺鼠（Range）掷=1 命中率=40.0% ALvl=1 DLvl=1 AR=8 DR=12 ⇒ 未命中（距离 6.40）
[INFO ] [Combat] [怪攻] 未命中：attacker=1029 target=1 (raw=1 已丢弃) 目标免疫/闪避
[INFO ] [Combat] [怪攻] m#1030 尖刺鼠（Range）掷=2 命中率=40.0% ALvl=1 DLvl=1 AR=8 DR=12 ⇒ 命中（距离 5.00）
[INFO ] [Combat] [怪攻] 玩家受击：raw=2 实扣=2 (Physical) → 生命 997 → 995
[INFO ] [Combat] [怪攻] m#1029 尖刺鼠（Range）掷=1 命中率=40.0% ALvl=1 DLvl=1 AR=8 DR=12 ⇒ 未命中（距离 6.40）
[INFO ] [Combat] [怪攻] 未命中：attacker=1029 target=1 (raw=1 已丢弃) 目标免疫/闪避
[INFO ] [Combat] [怪攻] m#1030 尖刺鼠（Range）掷=2 命中率=40.0% ALvl=1 DLvl=1 AR=8 DR=12 ⇒ 命中（距离 5.00）
[INFO ] [Combat] [怪攻] 玩家受击：raw=2 实扣=2 (Physical) → 生命 995 → 993
[INFO ] [Combat] [怪攻] m#1029 尖刺鼠（Range）掷=2 命中率=40.0% ALvl=1 DLvl=1 AR=8 DR=12 ⇒ 命中（距离 6.40）
[INFO ] [Combat] [怪攻] 玩家受击：raw=2 实扣=2 (Physical) → 生命 993 → 991
[INFO ] [Combat] [怪攻] m#1030 尖刺鼠（Range）掷=2 命中率=40.0% ALvl=1 DLvl=1 AR=8 DR=12 ⇒ 未命中（距离 5.00）
[INFO ] [Combat] [怪攻] 未命中：attacker=1030 target=1 (raw=2 已丢弃) 目标免疫/闪避
[INFO ] [Combat] [怪攻] m#1029 尖刺鼠（Range）掷=1 命中率=40.0% ALvl=1 DLvl=1 AR=8 DR=12 ⇒ 未命中（距离 6.40）
[INFO ] [Combat] [怪攻] 未命中：attacker=1029 target=1 (raw=1 已丢弃) 目标免疫/闪避
[INFO ] [Combat] [怪攻] m#1030 尖刺鼠（Range）掷=2 命中率=40.0% ALvl=1 DLvl=1 AR=8 DR=12 ⇒ 未命中（距离 5.00）
[INFO ] [Combat] [怪攻] 未命中：attacker=1030 target=1 (raw=2 已丢弃) 目标免疫/闪避
[INFO ] [Combat] [怪攻] m#1029 尖刺鼠（Range）掷=1 命中率=40.0% ALvl=1 DLvl=1 AR=8 DR=12 ⇒ 命中（距离 6.40）
[INFO ] [Combat] [怪攻] 玩家受击：raw=1 实扣=1 (Physical) → 生命 991 → 990
[INFO ] [Combat] [怪攻] m#1030 尖刺鼠（Range）掷=2 命中率=40.0% ALvl=1 DLvl=1 AR=8 DR=12 ⇒ 未命中（距离 5.00）
[INFO ] [Combat] [怪攻] 未命中：attacker=1030 target=1 (raw=2 已丢弃) 目标免疫/闪避
  Range（m#1029 尖刺鼠）：距离 6.40 → 6.40 格，该怪出手 6 次（玩家原地不动）
    [ OK ] Range：不会贴脸（保持距离 > 3.4 格）   (6.40)
    [ OK ] Range：在射程内出手射击   (出手 6 次)
[INFO ] [Combat] [怪攻] m#1029 尖刺鼠（Range）掷=1 命中率=40.0% ALvl=1 DLvl=1 AR=8 DR=12 ⇒ 未命中（距离 4.24）
[INFO ] [Combat] [怪攻] 未命中：attacker=1029 target=1 (raw=1 已丢弃) 目标免疫/闪避
[INFO ] [Combat] [怪攻] m#1030 尖刺鼠（Range）掷=2 命中率=40.0% ALvl=1 DLvl=1 AR=8 DR=12 ⇒ 未命中（距离 4.24）
[INFO ] [Combat] [怪攻] 未命中：attacker=1030 target=1 (raw=2 已丢弃) 目标免疫/闪避
[INFO ] [Combat] [怪攻] m#1029 尖刺鼠（Range）掷=2 命中率=40.0% ALvl=1 DLvl=1 AR=8 DR=12 ⇒ 未命中（距离 4.24）
[INFO ] [Combat] [怪攻] 未命中：attacker=1029 target=1 (raw=2 已丢弃) 目标免疫/闪避
[INFO ] [Combat] [怪攻] m#1030 尖刺鼠（Range）掷=1 命中率=40.0% ALvl=1 DLvl=1 AR=8 DR=12 ⇒ 未命中（距离 4.24）
[INFO ] [Combat] [怪攻] 未命中：attacker=1030 target=1 (raw=1 已丢弃) 目标免疫/闪避
[INFO ] [Combat] [怪攻] m#1029 尖刺鼠（Range）掷=2 命中率=40.0% ALvl=1 DLvl=1 AR=8 DR=12 ⇒ 未命中（距离 4.24）
[INFO ] [Combat] [怪攻] 未命中：attacker=1029 target=1 (raw=2 已丢弃) 目标免疫/闪避
[INFO ] [Combat] [怪攻] m#1030 尖刺鼠（Range）掷=1 命中率=40.0% ALvl=1 DLvl=1 AR=8 DR=12 ⇒ 命中（距离 4.24）
[INFO ] [Combat] [怪攻] 玩家受击：raw=1 实扣=1 (Physical) → 生命 990 → 989
[INFO ] [Combat] [怪攻] m#1029 尖刺鼠（Range）掷=2 命中率=40.0% ALvl=1 DLvl=1 AR=8 DR=12 ⇒ 命中（距离 4.24）
[INFO ] [Combat] [怪攻] 玩家受击：raw=2 实扣=2 (Physical) → 生命 989 → 987
  Range 后撤（m#1029 尖刺鼠）：玩家贴到 2 格 ⇒ 距离 2.83 → 4.24 格
    [ OK ] Range：贴脸时会后撤拉开距离   (2.83 → 4.24)
[INFO ] [Monster] hurt m#1022 堕落者：raw=2 Physical 抗性=0% ⇒ 实扣=2，hp 3/3 → 1/3
    [ OK ] Coward：已被打到低血（≤35%）   (1/3)
[INFO ] [Monster] aggro m#1023 堕落者（Coward）：发现玩家，距离 2.0 ≤ 8.0 ⇒ 进入仇恨
[INFO ] [Monster] leash m#1029 尖刺鼠：距离 21.0 > 14.0 ⇒ 脱战回原位 (7, 38)
[INFO ] [Monster] leash m#1030 尖刺鼠：距离 21.1 > 14.0 ⇒ 脱战回原位 (6, 37)
[WARN ] [Combat] RequestMonsterAttack: m#1023（Coward）距离 2.00 > 射程 1.60 ⇒ 本次攻击取消（第 1 次）
[INFO ] [Monster] aggro m#1022 堕落者（Coward）：发现玩家，距离 3.2 ≤ 8.0 ⇒ 进入仇恨
[INFO ] [Monster] flee m#1022 堕落者：hp 1/3（33%）≤ 35% ⇒ 背向玩家逃跑（持续 3.0s）
[INFO ] [Monster] leash m#1022 堕落者：距离 14.1 > 14.0 ⇒ 脱战回原位 (2, 22)
  Coward（m#1022 堕落者）：hp 1/3（33 %）⇒ 距离玩家 3.16 → 11.40 格，逃跑期间出手 0 次
    [ OK ] Coward：低血会逃跑（距离变大）   (3.16 → 11.40)
    [ OK ] Coward：逃跑时不再攻击（逃跑优先于出手）   (0 次)
    [ OK ] Coward：日志里有 [Monster] flee（验收要贴的行）   (见上方日志)
[INFO ] [Map] MapGenCave: 邪恶洞穴生成完成（size=46x63 seed=424343 rooms=6/6 出生点=(18, 13) 出口=(18, 9) 刷新点=18）
[INFO ] [Map] 连通性自检：从出生点 (18, 13) 可达 621 格（可走共 621），需可达目标 25 个，不可达 0 个
[INFO ] [Map] Generate 完成：area=DenOfEvil(邪恶洞穴) requestedSeed=424343 effectiveSeed=424343 attempts=1 size=46x63 blocked=2277 walkable=621 timeMs=12.4
[INFO ] [Map] area=DenOfEvil(邪恶洞穴) size=46x63 seed=424343 blocked=2277 walkable=621 timeMs=12.4 attempts=1 spawn=(18, 13) exits=1 caveEntrance=- npc=0 monsterSpawns=18
[INFO ] [Map] DumpStats →
── MAP STATS ────────────────────────────────────────────────
  区域      : DenOfEvil（邪恶洞穴）
  尺寸      : 46 x 63 = 2898 格
  seed      : 424343（重试次数 1）
  障碍数    : 2277
  可走数    : 621（21.4%）
  生成耗时  : 12.4 ms
  出生点    : (18, 13)
  出口      : 1 个 [18,9]
  洞穴入口  : -（本区域无）
  NPC 站位  : 0 个
  刷怪点    : 18 个 [28,16, 29,14, 32,16, 4,30, 5,26, 5,24, 6,26, 32,38, …]
  地形哈希  : 76754629E53C7583
─────────────────────────────────────────────────────────────
[INFO ] [Map] DumpAscii hash=76754629E53C7583（同 seed 两次生成必须同哈希）
ASCII y=62→0  x=0→45   图例: ' '=图外/未生成 '.'=可走 '#'=障碍 'S'=出生点 'E'=出口 'C'=洞穴入口 'N'=NPC 'M'=刷怪点
062|##############################################
061|##############################################
060|##############################################
059|##############################################
058|##############################################
057|##############################################
056|##############################################
055|##############################################
054|##############################################
053|#################################..........###
052|#################################..........###
051|########.............############..M.......###

[INFO ] [Map] BuildMinimap: area=DenOfEvil 46x63 tiles=2898 markers=1
[INFO ] [Monster] 区域切换为 DenOfEvil ⇒ 清空 1 只怪的仇恨与路径（避免拿着旧地图的路径走）
[INFO ] [Monster] DespawnAll：清空 18 只怪物（含尸体）与其视图
[WARN ] [Monster] 精英怪保底：level_c.mon_umin/mon_umax=0/0（官方实际值）⇒ **本项目新增**保底刷 1 群精英，否则「精英词缀」在整个 Act I 都不可见
[INFO ] [Monster] spawn m#1035 僵尸 lvl=1 hp=10/10 dmg=1-3 ac=5 ar=8 exp=33 ai=Melee speed=1.0 格=(10,45) 区域=DenOfEvil 尸体可用=True 抗性=[物0 火0 冰0 电0 毒50]
[INFO ] [Monster] spawn m#1036 僵尸 lvl=1 hp=10/10 dmg=1-3 ac=5 ar=8 exp=33 ai=Melee speed=1.0 格=(9,44) 区域=DenOfEvil 尸体可用=True 抗性=[物0 火0 冰0 电0 毒50]
[INFO ] [Monster] spawn m#1037 僵尸 lvl=1 hp=10/10 dmg=1-3 ac=5 ar=8 exp=33 ai=Melee speed=1.0 格=(14,45) 区域=DenOfEvil 尸体可用=True 抗性=[物0 火0 冰0 电0 毒50]
[INFO ] [Monster] spawn m#1038 僵尸 lvl=1 hp=10/10 dmg=1-3 ac=5 ar=8 exp=33 ai=Melee speed=1.0 格=(38,45) 区域=DenOfEvil 尸体可用=True 抗性=[物0 火0 冰0 电0 毒50]
[INFO ] [Monster] spawn m#1039 僵尸 lvl=1 hp=10/10 dmg=1-3 ac=5 ar=8 exp=33 ai=Melee speed=1.0 格=(37,44) 区域=DenOfEvil 尸体可用=True 抗性=[物0 火0 冰0 电0 毒50]
[INFO ] [Monster] spawn m#1040 巨兽 lvl=1 hp=12/12 dmg=1-2 ac=5 ar=8 exp=36 ai=Melee speed=3.0 格=(34,38) 区域=DenOfEvil 尸体可用=True 抗性=[物0 火0 冰0 电0 毒0]
[INFO ] [Monster] spawn m#1041 巨兽 lvl=1 hp=12/12 dmg=1-2 ac=5 ar=8 exp=36 ai=Melee speed=3.0 格=(39,48) 区域=DenOfEvil 尸体可用=True 抗性=[物0 火0 冰0 电0 毒0]
[INFO ] [Monster] spawn m#1042 巨兽 lvl=1 hp=12/12 dmg=1-2 ac=5 ar=8 exp=36 ai=Melee speed=3.0 格=(9,45) 区域=DenOfEvil 尸体可用=True 抗性=[物0 火0 冰0 电0 毒0]
[INFO ] [Monster] spawn m#1043 堕落萨满 lvl=1 hp=6/6 dmg=1-2 ac=5 ar=8 exp=24 ai=Shaman speed=4.0 格=(5,26) 区域=DenOfEvil 尸体可用=True 抗性=[物0 火25 冰0 电0 毒0]
[INFO ] [Monster] spawn m#1044 堕落萨满 lvl=1 hp=6/6 dmg=1-2 ac=5 ar=8 exp=24 ai=Shaman speed=4.0 格=(32,16) 区域=DenOfEvil 尸体可用=True 抗性=[物0 火25 冰0 电0 毒0]
[INFO ] [Monster] spawn m#1045 堕落萨满 lvl=1 hp=6/6 dmg=1-2 ac=5 ar=8 exp=24 ai=Shaman speed=4.0 格=(38,47) 区域=DenOfEvil 尸体可用=True 抗性=[物0 火25 冰0 电0 毒0]
[INFO ] [Monster] spawn m#1046 狂热 僵尸 lvl=1 hp=30/30 dmg=2-6 ac=5 ar=14 exp=99 ai=Melee speed=1.0 格=(5,24) 区域=DenOfEvil 尸体可用=True 抗性=[物0 火0 冰0 电0 毒50]
[INFO ] [Monster] elite m#1046「狂热 僵尸」词缀=狂热(id=16) hp 10→30（×3.0） dmg 1-3→2-6（×2.0） ar 8→14（+75%） ac ×1.0
[INFO ] [Monster] spawn m#1047 狂热 僵尸 lvl=1 hp=30/30 dmg=2-6 ac=5 ar=14 exp=99 ai=Melee speed=1.0 格=(4,23) 区域=DenOfEvil 尸体可用=True 抗性=[物0 火0 冰0 电0 毒50]
[INFO ] [Monster] elite m#1047「狂热 僵尸」词缀=狂热(id=16) hp 10→30（×3.0） dmg 1-3→2-6（×2.0） ar 8→14（+75%） ac ×1.0
[INFO ] [Monster] SpawnArea(DenOfEvil=邪恶洞穴)完成：普通 11 只 + 精英 2 只 = 13 只（种类 3，每类 3 群，精英 1 群；密度 mon_density=600 区域等级 1；精英词缀=狂热(id=16,冠军)）
[INFO ] [Monster] SpawnArea(DenOfEvil=邪恶洞穴)：本区域共 13 只（存活 13）；地图 46x63 seed=424343 刷新点来源=IMapModule.MonsterSpawns（洞穴）
[INFO ] [Monster] hurt m#1046 狂热 僵尸：raw=9999 Physical 抗性=0% ⇒ 实扣=9999，hp 30/30 → 0/30
[INFO ] [Monster] m#1046 狂热 僵尸 死亡（等级 1，经验 99，格 (5,24)，尸体保留 25s，corpseUsable=True）
[INFO ] [Combat] [击杀链] m#1046 狂热 僵尸（等级 1）→ 经验 +99（0 → 99，等级 1）
[INFO ] [Combat] 掉落随机流已建立：mapSeed=424343 ^ salt=0x1F35A9 ⇒ rngSeed=1657918
[INFO ] [Combat] [击杀链] 掉落触发：TC="Act 1 H2H A"(id=23) 等级=1 格=(5,24) rng=1657918
    [ OK ] Shaman：同伴已死且**保留可复活尸体**   (m#1046 alive=False corpseUsable=True)
[INFO ] [Monster] aggro m#1043 堕落萨满（Shaman）：发现玩家，距离 5.4 ≤ 8.0 ⇒ 进入仇恨
[INFO ] [Monster] ConsumeCorpse：m#1046 狂热 僵尸 的尸体已被利用（corpseUsable → false）
[INFO ] [Monster] revive m#1046 狂热 僵尸 被萨满 m#1043 复活：hp 15/30（50%）位置=(5,24)
[INFO ] [Combat] [怪攻] m#1043 堕落萨满（Shaman）掷=1 命中率=40.0% ALvl=1 DLvl=1 AR=8 DR=12 ⇒ 未命中（距离 5.39）
[INFO ] [Combat] [怪攻] 未命中：attacker=1043 target=1 (raw=1 已丢弃) 目标免疫/闪避
[INFO ] [Combat] [怪攻] m#1043 堕落萨满（Shaman）掷=2 命中率=40.0% ALvl=1 DLvl=1 AR=8 DR=12 ⇒ 未命中（距离 5.39）
[INFO ] [Combat] [怪攻] 未命中：attacker=1043 target=1 (raw=2 已丢弃) 目标免疫/闪避
[INFO ] [Combat] [怪攻] m#1043 堕落萨满（Shaman）掷=1 命中率=40.0% ALvl=1 DLvl=1 AR=8 DR=12 ⇒ 命中（距离 5.39）
[INFO ] [Combat] [怪攻] 玩家受击：raw=1 实扣=1 (Physical) → 生命 999 → 998
[INFO ] [Combat] [怪攻] m#1043 堕落萨满（Shaman）掷=1 命中率=40.0% ALvl=1 DLvl=1 AR=8 DR=12 ⇒ 未命中（距离 5.39）
[INFO ] [Combat] [怪攻] 未命中：attacker=1043 target=1 (raw=1 已丢弃) 目标免疫/闪避
[INFO ] [Combat] [怪攻] m#1043 堕落萨满（Shaman）掷=2 命中率=40.0% ALvl=1 DLvl=1 AR=8 DR=12 ⇒ 未命中（距离 5.39）
[INFO ] [Combat] [怪攻] 未命中：attacker=1043 target=1 (raw=2 已丢弃) 目标免疫/闪避
[INFO ] [Combat] [怪攻] m#1043 堕落萨满（Shaman）掷=2 命中率=40.0% ALvl=1 DLvl=1 AR=8 DR=12 ⇒ 未命中（距离 5.39）
[INFO ] [Combat] [怪攻] 未命中：attacker=1043 target=1 (raw=2 已丢弃) 目标免疫/闪避
  Shaman（m#1043 堕落萨满）复活 m#1046 狂热 僵尸：alive=True hp=15/30 corpseUsable=False
    [ OK ] Shaman：日志里有 [Monster] revive（验收要贴的行）   (见上方日志)
    [ OK ] Shaman：同伴真的被复活（alive=true 且血量 > 0）   (alive=True hp=15)
    [ OK ] Shaman：复活消耗了尸体（corpseUsable=false）   (见上行)


────────────────────────────────────────────────────────────
▶ 5. 精英怪：刷出 champion/unique，属性按 monumod_c 倍率放大
────────────────────────────────────────────────────────────
[INFO ] [Map] MapGenWilderness: 树林 6 片 + 零散树 30 棵（共落 137+ 格）
[INFO ] [Map] MapGenWilderness: 岩石群 18 簇
[INFO ] [Map] MapGenWilderness: 尖刺栅栏 4 段
[INFO ] [Map] 连通性修整：填掉 13 格「从 (6, 31) 不可达的孤立口袋」（否则掉落/刷怪会落进死地）→ 地形改为 Rock
[INFO ] [Map] MapGenWilderness: 血腥荒野生成完成（size=57x62 seed=555001 出生点=(6, 31) 回城口=(0, 31) 洞穴入口=(56, 35)）
[INFO ] [Map] 连通性自检：从出生点 (6, 31) 可达 3088 格（可走共 3088），需可达目标 2 个，不可达 0 个
[INFO ] [Map] Generate 完成：area=BloodMoor(血腥荒野) requestedSeed=555001 effectiveSeed=555001 attempts=1 size=57x62 blocked=446 walkable=3088 timeMs=0.4
[INFO ] [Map] area=BloodMoor(血腥荒野) size=57x62 seed=555001 blocked=446 walkable=3088 timeMs=0.4 attempts=1 spawn=(6, 31) exits=2 caveEntrance=(56, 35) npc=0 monsterSpawns=0
[INFO ] [Map] DumpStats →
── MAP STATS ────────────────────────────────────────────────
  区域      : BloodMoor（血腥荒野）
  尺寸      : 57 x 62 = 3534 格
  seed      : 555001（重试次数 1）
  障碍数    : 446
  可走数    : 3088（87.4%）
  生成耗时  : 0.4 ms
  出生点    : (6, 31)
  出口      : 2 个 [0,31, 56,35]
  洞穴入口  : (56, 35)
  NPC 站位  : 0 个
  刷怪点    : 0 个
  地形哈希  : E9DE0615ABD64B07
─────────────────────────────────────────────────────────────
[INFO ] [Map] DumpAscii hash=E9DE0615ABD64B07（同 seed 两次生成必须同哈希）
ASCII y=61→0  x=0→56   图例: ' '=图外/未生成 '.'=可走 '#'=障碍 'S'=出生点 'E'=出口 'C'=洞穴入口 'N'=NPC 'M'=刷怪点
061|#########################################################
060|#.......................................................#
059|#.......................................................#
058|#...............#...........#......#....................#
057|#..................................#....................#
056|#.......................................................#
055|#.........................#.............................#
054|#.......................................................#
053|#.......................................................#
052|#.......................................................#
051|#....................#.............#....................#
050|#.................#####.................................#

[INFO ] [Map] BuildMinimap: area=BloodMoor 57x62 tiles=3534 markers=2
[INFO ] [Monster] 区域切换为 BloodMoor ⇒ 清空 2 只怪的仇恨与路径（避免拿着旧地图的路径走）
[INFO ] [Monster] DespawnAll：清空 13 只怪物（含尸体）与其视图
[WARN ] [Monster] 精英怪保底：level_c.mon_umin/mon_umax=0/0（官方实际值）⇒ **本项目新增**保底刷 1 群精英，否则「精英词缀」在整个 Act I 都不可见
[INFO ] [Monster] spawn m#1048 僵尸 lvl=1 hp=10/10 dmg=1-3 ac=5 ar=8 exp=33 ai=Melee speed=1.0 格=(50,50) 区域=BloodMoor 尸体可用=True 抗性=[物0 火0 冰0 电0 毒50]
[INFO ] [Monster] spawn m#1049 僵尸 lvl=1 hp=10/10 dmg=1-3 ac=5 ar=8 exp=33 ai=Melee speed=1.0 格=(33,50) 区域=BloodMoor 尸体可用=True 抗性=[物0 火0 冰0 电0 毒50]
[INFO ] [Monster] spawn m#1050 僵尸 lvl=1 hp=10/10 dmg=1-3 ac=5 ar=8 exp=33 ai=Melee speed=1.0 格=(32,49) 区域=BloodMoor 尸体可用=True 抗性=[物0 火0 冰0 电0 毒50]
[INFO ] [Monster] spawn m#1051 僵尸 lvl=1 hp=10/10 dmg=1-3 ac=5 ar=8 exp=33 ai=Melee speed=1.0 格=(8,42) 区域=BloodMoor 尸体可用=True 抗性=[物0 火0 冰0 电0 毒50]
[INFO ] [Monster] spawn m#1052 堕落者 lvl=1 hp=3/3 dmg=1-2 ac=5 ar=8 exp=18 ai=Coward speed=5.0 格=(49,40) 区域=BloodMoor 尸体可用=True 抗性=[物0 火0 冰0 电0 毒0]
[INFO ] [Monster] spawn m#1053 堕落者 lvl=1 hp=3/3 dmg=1-2 ac=5 ar=8 exp=18 ai=Coward speed=5.0 格=(48,39) 区域=BloodMoor 尸体可用=True 抗性=[物0 火0 冰0 电0 毒0]
[INFO ] [Monster] spawn m#1054 堕落者 lvl=1 hp=3/3 dmg=1-2 ac=5 ar=8 exp=18 ai=Coward speed=5.0 格=(44,58) 区域=BloodMoor 尸体可用=True 抗性=[物0 火0 冰0 电0 毒0]
[INFO ] [Monster] spawn m#1055 堕落者 lvl=1 hp=3/3 dmg=1-2 ac=5 ar=8 exp=18 ai=Coward speed=5.0 格=(43,57) 区域=BloodMoor 尸体可用=True 抗性=[物0 火0 冰0 电0 毒0]
[INFO ] [Monster] spawn m#1056 堕落者 lvl=1 hp=3/3 dmg=1-2 ac=5 ar=8 exp=18 ai=Coward speed=5.0 格=(43,58) 区域=BloodMoor 尸体可用=True 抗性=[物0 火0 冰0 电0 毒0]
[INFO ] [Monster] spawn m#1057 堕落者 lvl=1 hp=3/3 dmg=1-2 ac=5 ar=8 exp=18 ai=Coward speed=5.0 格=(8,43) 区域=BloodMoor 尸体可用=True 抗性=[物0 火0 冰0 电0 毒0]
[INFO ] [Monster] spawn m#1058 堕落者 lvl=1 hp=3/3 dmg=1-2 ac=5 ar=8 exp=18 ai=Coward speed=5.0 格=(7,42) 区域=BloodMoor 尸体可用=True 抗性=[物0 火0 冰0 电0 毒0]
[INFO ] [Monster] spawn m#1059 堕落者 lvl=1 hp=3/3 dmg=1-2 ac=5 ar=8 exp=18 ai=Coward speed=5.0 格=(7,43) 区域=BloodMoor 尸体可用=True 抗性=[物0 火0 冰0 电0 毒0]
[INFO ] [Monster] spawn m#1060 尖刺鼠 lvl=1 hp=4/4 dmg=1-2 ac=5 ar=8 exp=21 ai=Range speed=3.0 格=(54,54) 区域=BloodMoor 尸体可用=True 抗性=[物0 火0 冰0 电0 毒0]
[INFO ] [Monster] spawn m#1061 尖刺鼠 lvl=1 hp=4/4 dmg=1-2 ac=5 ar=8 exp=21 ai=Range speed=3.0 格=(47,39) 区域=BloodMoor 尸体可用=True 抗性=[物0 火0 冰0 电0 毒0]
[INFO ] [Monster] spawn m#1062 尖刺鼠 lvl=1 hp=4/4 dmg=1-2 ac=5 ar=8 exp=21 ai=Range speed=3.0 格=(10,55) 区域=BloodMoor 尸体可用=True 抗性=[物0 火0 冰0 电0 毒0]
[INFO ] [Monster] spawn m#1063 尖刺鼠 lvl=1 hp=4/4 dmg=1-2 ac=5 ar=8 exp=21 ai=Range speed=3.0 格=(9,54) 区域=BloodMoor 尸体可用=True 抗性=[物0 火0 冰0 电0 毒0]
[INFO ] [Monster] spawn m#1064 冠军 僵尸 lvl=1 hp=30/30 dmg=2-6 ac=5 ar=14 exp=99 ai=Melee speed=1.0 格=(32,12) 区域=BloodMoor 尸体可用=True 抗性=[物0 火0 冰0 电0 毒50]
[INFO ] [Monster] elite m#1064「冠军 僵尸」词缀=冠军(id=6) hp 10→30（×3.0） dmg 1-3→2-6（×2.0） ar 8→14（+75%） ac ×1.0
[INFO ] [Monster] SpawnArea(BloodMoor=血腥荒野)完成：普通 16 只 + 精英 1 只 = 17 只（种类 3，每类 3 群，精英 1 群；密度 mon_density=520 区域等级 1；精英词缀=冠军(id=6,冠军)）
[INFO ] [Monster] SpawnArea(BloodMoor=血腥荒野)：本区域共 17 只（存活 17）；地图 57x62 seed=555001 刷新点来源=RandomWalkableTile（野外）
    [ OK ] 刷出了精英怪（champion/unique）   (精英 1 只 / 总 17 只)
    [ OK ] 精英怪带词缀 id 且能在 monumod_c 里查到   (modId=6 冠军)
  普通 僵尸：hp=10 dmg=1-3 ac=5 ar=8 exp=33
  精英「冠军 僵尸」词缀=冠军(kind=0)：hp=30 dmg=2-6 ac=5 ar=14 exp=99
  词缀倍率（monumod_c）：hp_mul=3 dmg_mul=2 ac_mul=1 tohit_add=75%
  同种普通怪 m#1048：hp=10 dmg=1-3 ac=5 ar=8
    [ OK ] 精英血量 = round(monster_c.hp × monumod_c.hp_mul)   (30 vs 30)
    [ OK ] 精英伤害 = round(monster_c.dmg × monumod_c.dmg_mul)   (6 vs 6)
    [ OK ] 精英名带词缀前缀（HUD 可显示）   (冠军 僵尸)
    [ OK ] 精英比同种普通怪强（hp/dmg 都更大）   (10/3 → 30/6)


────────────────────────────────────────────────────────────
▶ 6. 死亡链：怪物死亡 → 经验给玩家 → 掉落被触发
────────────────────────────────────────────────────────────
[INFO ] [Map] MapGenWilderness: 树林 6 片 + 零散树 29 棵（共落 105+ 格）
[INFO ] [Map] MapGenWilderness: 岩石群 17 簇
[INFO ] [Map] MapGenWilderness: 尖刺栅栏 4 段
[INFO ] [Map] 连通性修整：填掉 6 格「从 (6, 39) 不可达的孤立口袋」（否则掉落/刷怪会落进死地）→ 地形改为 Rock
[INFO ] [Map] MapGenWilderness: 血腥荒野生成完成（size=64x78 seed=666001 出生点=(6, 39) 回城口=(0, 39) 洞穴入口=(63, 39)）
[INFO ] [Map] 连通性自检：从出生点 (6, 39) 可达 4537 格（可走共 4537），需可达目标 2 个，不可达 0 个
[INFO ] [Map] Generate 完成：area=BloodMoor(血腥荒野) requestedSeed=666001 effectiveSeed=666001 attempts=1 size=64x78 blocked=455 walkable=4537 timeMs=0.5
[INFO ] [Map] area=BloodMoor(血腥荒野) size=64x78 seed=666001 blocked=455 walkable=4537 timeMs=0.5 attempts=1 spawn=(6, 39) exits=2 caveEntrance=(63, 39) npc=0 monsterSpawns=0
[INFO ] [Map] DumpStats →
── MAP STATS ────────────────────────────────────────────────
  区域      : BloodMoor（血腥荒野）
  尺寸      : 64 x 78 = 4992 格
  seed      : 666001（重试次数 1）
  障碍数    : 455
  可走数    : 4537（90.9%）
  生成耗时  : 0.5 ms
  出生点    : (6, 39)
  出口      : 2 个 [0,39, 63,39]
  洞穴入口  : (63, 39)
  NPC 站位  : 0 个
  刷怪点    : 0 个
  地形哈希  : F33B634D338B650F
─────────────────────────────────────────────────────────────
[INFO ] [Map] DumpAscii hash=F33B634D338B650F（同 seed 两次生成必须同哈希）
ASCII y=77→0  x=0→63   图例: ' '=图外/未生成 '.'=可走 '#'=障碍 'S'=出生点 'E'=出口 'C'=洞穴入口 'N'=NPC 'M'=刷怪点
077|################################################################
076|#..............................................................#
075|#........................#.....................................#
074|#........................#.....................................#
073|#..............................................................#
072|#..............................................................#
071|#..............#...............................................#
070|#..............................................................#
069|#.......................#....#.................................#
068|#......................#.......................................#
067|#......................#.......................................#
066|#..........#...................................................#

[INFO ] [Map] BuildMinimap: area=BloodMoor 64x78 tiles=4992 markers=2
[INFO ] [Monster] 区域切换为 BloodMoor ⇒ 清空 0 只怪的仇恨与路径（避免拿着旧地图的路径走）
[INFO ] [Monster] DespawnAll：清空 17 只怪物（含尸体）与其视图
[WARN ] [Monster] 精英怪保底：level_c.mon_umin/mon_umax=0/0（官方实际值）⇒ **本项目新增**保底刷 1 群精英，否则「精英词缀」在整个 Act I 都不可见
[INFO ] [Monster] spawn m#1065 僵尸 lvl=1 hp=10/10 dmg=1-3 ac=5 ar=8 exp=33 ai=Melee speed=1.0 格=(45,70) 区域=BloodMoor 尸体可用=True 抗性=[物0 火0 冰0 电0 毒50]
[INFO ] [Monster] spawn m#1066 僵尸 lvl=1 hp=10/10 dmg=1-3 ac=5 ar=8 exp=33 ai=Melee speed=1.0 格=(48,38) 区域=BloodMoor 尸体可用=True 抗性=[物0 火0 冰0 电0 毒50]
[INFO ] [Monster] spawn m#1067 僵尸 lvl=1 hp=10/10 dmg=1-3 ac=5 ar=8 exp=33 ai=Melee speed=1.0 格=(22,42) 区域=BloodMoor 尸体可用=True 抗性=[物0 火0 冰0 电0 毒50]
[INFO ] [Monster] spawn m#1068 僵尸 lvl=1 hp=10/10 dmg=1-3 ac=5 ar=8 exp=33 ai=Melee speed=1.0 格=(21,41) 区域=BloodMoor 尸体可用=True 抗性=[物0 火0 冰0 电0 毒50]
[INFO ] [Monster] spawn m#1069 堕落者 lvl=1 hp=3/3 dmg=1-2 ac=5 ar=8 exp=18 ai=Coward speed=5.0 格=(5,6) 区域=BloodMoor 尸体可用=True 抗性=[物0 火0 冰0 电0 毒0]
[INFO ] [Monster] spawn m#1070 堕落者 lvl=1 hp=3/3 dmg=1-2 ac=5 ar=8 exp=18 ai=Coward speed=5.0 格=(4,5) 区域=BloodMoor 尸体可用=True 抗性=[物0 火0 冰0 电0 毒0]
[INFO ] [Monster] spawn m#1071 堕落者 lvl=1 hp=3/3 dmg=1-2 ac=5 ar=8 exp=18 ai=Coward speed=5.0 格=(4,6) 区域=BloodMoor 尸体可用=True 抗性=[物0 火0 冰0 电0 毒0]
[INFO ] [Monster] spawn m#1072 堕落者 lvl=1 hp=3/3 dmg=1-2 ac=5 ar=8 exp=18 ai=Coward speed=5.0 格=(55,19) 区域=BloodMoor 尸体可用=True 抗性=[物0 火0 冰0 电0 毒0]
[INFO ] [Monster] spawn m#1073 堕落者 lvl=1 hp=3/3 dmg=1-2 ac=5 ar=8 exp=18 ai=Coward speed=5.0 格=(54,18) 区域=BloodMoor 尸体可用=True 抗性=[物0 火0 冰0 电0 毒0]
[INFO ] [Monster] spawn m#1074 堕落者 lvl=1 hp=3/3 dmg=1-2 ac=5 ar=8 exp=18 ai=Coward speed=5.0 格=(4,53) 区域=BloodMoor 尸体可用=True 抗性=[物0 火0 冰0 电0 毒0]
[INFO ] [Monster] spawn m#1075 堕落者 lvl=1 hp=3/3 dmg=1-2 ac=5 ar=8 exp=18 ai=Coward speed=5.0 格=(3,52) 区域=BloodMoor 尸体可用=True 抗性=[物0 火0 冰0 电0 毒0]
[INFO ] [Monster] spawn m#1076 堕落者 lvl=1 hp=3/3 dmg=1-2 ac=5 ar=8 exp=18 ai=Coward speed=5.0 格=(3,53) 区域=BloodMoor 尸体可用=True 抗性=[物0 火0 冰0 电0 毒0]
[INFO ] [Monster] spawn m#1077 尖刺鼠 lvl=1 hp=4/4 dmg=1-2 ac=5 ar=8 exp=21 ai=Range speed=3.0 格=(59,49) 区域=BloodMoor 尸体可用=True 抗性=[物0 火0 冰0 电0 毒0]
[INFO ] [Monster] spawn m#1078 尖刺鼠 lvl=1 hp=4/4 dmg=1-2 ac=5 ar=8 exp=21 ai=Range speed=3.0 格=(5,25) 区域=BloodMoor 尸体可用=True 抗性=[物0 火0 冰0 电0 毒0]
[INFO ] [Monster] spawn m#1079 尖刺鼠 lvl=1 hp=4/4 dmg=1-2 ac=5 ar=8 exp=21 ai=Range speed=3.0 格=(33,36) 区域=BloodMoor 尸体可用=True 抗性=[物0 火0 冰0 电0 毒0]
[INFO ] [Monster] spawn m#1080 狂热 僵尸 lvl=1 hp=30/30 dmg=2-6 ac=5 ar=14 exp=99 ai=Melee speed=1.0 格=(16,36) 区域=BloodMoor 尸体可用=True 抗性=[物0 火0 冰0 电0 毒50]
[INFO ] [Monster] elite m#1080「狂热 僵尸」词缀=狂热(id=16) hp 10→30（×3.0） dmg 1-3→2-6（×2.0） ar 8→14（+75%） ac ×1.0
[INFO ] [Monster] SpawnArea(BloodMoor=血腥荒野)完成：普通 15 只 + 精英 1 只 = 16 只（种类 3，每类 3 群，精英 1 群；密度 mon_density=520 区域等级 1；精英词缀=狂热(id=16,冠军)）
[INFO ] [Monster] SpawnArea(BloodMoor=血腥荒野)：本区域共 16 只（存活 16）；地图 64x78 seed=666001 刷新点来源=RandomWalkableTile（野外）
[INFO ] [Monster] hurt m#1065 僵尸：raw=9999 Physical 抗性=0% ⇒ 实扣=9999，hp 10/10 → 0/10
[INFO ] [Monster] m#1065 僵尸 死亡（等级 1，经验 33，格 (45,70)，尸体保留 25s，corpseUsable=True）
[INFO ] [Combat] [击杀链] m#1065 僵尸（等级 1）→ 经验 +33（99 → 132，等级 1）
[INFO ] [Combat] [击杀链] 掉落触发：TC="Act 1 H2H A"(id=23) 等级=1 格=(45,70) rng=1657918
  击杀 m#1065 僵尸（exp=33）
  经验：99 → 132（+33）
  掉落调用：tc=23 level=1 grid=(45,70) rng=1657918
    [ OK ] MonsterKilled 事件已发   (0 → 1)
    [ OK ] 怪物已死且保留尸体（corpseUsable 供萨满复活）   (alive=False corpseUsable=True)
    [ OK ] 经验已给玩家   (+33（期望 +33）)
    [ OK ] 掉落被触发（IItemModule.DropLoot 被调用 1 次）   (1)
    [ OK ] 死亡表现已播（ViewModule.PlayDeath）   (1065)
  本次击杀的日志序列（从第 243 行起）：死亡=244 经验=245 掉落=246
    [INFO ] [Monster] hurt m#1065 僵尸：raw=9999 Physical 抗性=0% ⇒ 实扣=9999，hp 10/10 → 0/10
    [INFO ] [Monster] m#1065 僵尸 死亡（等级 1，经验 33，格 (45,70)，尸体保留 25s，corpseUsable=True）
    [INFO ] [Combat] [击杀链] m#1065 僵尸（等级 1）→ 经验 +33（99 → 132，等级 1）
    [INFO ] [Combat] [击杀链] 掉落触发：TC="Act 1 H2H A"(id=23) 等级=1 格=(45,70) rng=1657918
    [ OK ] 日志顺序 = 死亡 → 经验 → 掉落   (244 < 245 < 246)

────────────────────────────────────────────────────────────
▶ 6b. IItemModule 为 null 时的降级（必须有明确告警，不静默）
────────────────────────────────────────────────────────────
[INFO ] [Monster] hurt m#1066 僵尸：raw=9999 Physical 抗性=0% ⇒ 实扣=9999，hp 10/10 → 0/10
[INFO ] [Monster] m#1066 僵尸 死亡（等级 1，经验 33，格 (48,38)，尸体保留 25s，corpseUsable=True）
[INFO ] [Combat] [击杀链] m#1066 僵尸（等级 1）→ 经验 +33（132 → 165，等级 1）
[WARN ] [Combat] DeathFlow: IItemModule 未接入（AppContext.Item == null）⇒ 本次掉落丢失（TC="Act 1 H2H A" id=23）；等 Module/Item 落地后自动恢复，无需改本文件
[INFO ] [Monster] hurt m#1067 僵尸：raw=9999 Physical 抗性=0% ⇒ 实扣=9999，hp 10/10 → 0/10
[INFO ] [Monster] m#1067 僵尸 死亡（等级 1，经验 33，格 (22,42)，尸体保留 25s，corpseUsable=True）
[INFO ] [Combat] [击杀链] m#1067 僵尸（等级 1）→ 经验 +33（165 → 198，等级 1）
  Item 缺失时的告警行数：0 → 1（杀 2 只怪）
    [ OK ] Item 缺失时会告警（不静默丢掉落）   (1)
    [ OK ] 同一告警只出一条（WarnOnce 语义，不刷屏）   (1)


────────────────────────────────────────────────────────────
▶ 7. 掉落落点合理性：所有掉落格 Walkable == true
────────────────────────────────────────────────────────────
[INFO ] [Map] MapGenCave: 邪恶洞穴生成完成（size=59x64 seed=777003 rooms=7/7 出生点=(13, 9) 出口=(13, 3) 刷新点=23）
[INFO ] [Map] 连通性自检：从出生点 (13, 9) 可达 824 格（可走共 824），需可达目标 31 个，不可达 0 个
[INFO ] [Map] Generate 完成：area=DenOfEvil(邪恶洞穴) requestedSeed=777003 effectiveSeed=777003 attempts=1 size=59x64 blocked=2952 walkable=824 timeMs=0.4
[INFO ] [Map] area=DenOfEvil(邪恶洞穴) size=59x64 seed=777003 blocked=2952 walkable=824 timeMs=0.4 attempts=1 spawn=(13, 9) exits=1 caveEntrance=- npc=0 monsterSpawns=23
[INFO ] [Map] DumpStats →
── MAP STATS ────────────────────────────────────────────────
  区域      : DenOfEvil（邪恶洞穴）
  尺寸      : 59 x 64 = 3776 格
  seed      : 777003（重试次数 1）
  障碍数    : 2952
  可走数    : 824（21.8%）
  生成耗时  : 0.4 ms
  出生点    : (13, 9)
  出口      : 1 个 [13,3]
  洞穴入口  : -（本区域无）
  NPC 站位  : 0 个
  刷怪点    : 23 个 [33,6, 35,3, 35,6, 31,7, 46,6, 43,6, 46,9, 44,7, …]
  地形哈希  : 372CB6AEDBE5CB68
─────────────────────────────────────────────────────────────
[INFO ] [Map] DumpAscii hash=372CB6AEDBE5CB68（同 seed 两次生成必须同哈希）
ASCII y=63→0  x=0→58   图例: ' '=图外/未生成 '.'=可走 '#'=障碍 'S'=出生点 'E'=出口 'C'=洞穴入口 'N'=NPC 'M'=刷怪点
063|###########################################################
062|###########################################################
061|###########################################################
060|###########################################################
059|###########################################################
058|###########################################################
057|###########################################################
056|######.............########################################
055|######....M......M.########################################
054|######.............########################################
053|######.............########################################
052|######......M......########################################

[INFO ] [Map] BuildMinimap: area=DenOfEvil 59x64 tiles=3776 markers=1
[INFO ] [Monster] 区域切换为 DenOfEvil ⇒ 清空 0 只怪的仇恨与路径（避免拿着旧地图的路径走）
[INFO ] [Monster] DespawnAll：清空 16 只怪物（含尸体）与其视图
[WARN ] [Monster] 精英怪保底：level_c.mon_umin/mon_umax=0/0（官方实际值）⇒ **本项目新增**保底刷 1 群精英，否则「精英词缀」在整个 Act I 都不可见
[INFO ] [Monster] spawn m#1081 僵尸 lvl=1 hp=10/10 dmg=1-3 ac=5 ar=8 exp=33 ai=Melee speed=1.0 格=(53,38) 区域=DenOfEvil 尸体可用=True 抗性=[物0 火0 冰0 电0 毒50]
[INFO ] [Monster] spawn m#1082 僵尸 lvl=1 hp=10/10 dmg=1-3 ac=5 ar=8 exp=33 ai=Melee speed=1.0 格=(12,52) 区域=DenOfEvil 尸体可用=True 抗性=[物0 火0 冰0 电0 毒50]
[INFO ] [Monster] spawn m#1083 僵尸 lvl=1 hp=10/10 dmg=1-3 ac=5 ar=8 exp=33 ai=Melee speed=1.0 格=(33,6) 区域=DenOfEvil 尸体可用=True 抗性=[物0 火0 冰0 电0 毒50]
[INFO ] [Monster] spawn m#1084 僵尸 lvl=1 hp=10/10 dmg=1-3 ac=5 ar=8 exp=33 ai=Melee speed=1.0 格=(32,5) 区域=DenOfEvil 尸体可用=True 抗性=[物0 火0 冰0 电0 毒50]
[INFO ] [Monster] spawn m#1085 巨兽 lvl=1 hp=12/12 dmg=1-2 ac=5 ar=8 exp=36 ai=Melee speed=3.0 格=(10,55) 区域=DenOfEvil 尸体可用=True 抗性=[物0 火0 冰0 电0 毒0]
[INFO ] [Monster] spawn m#1086 巨兽 lvl=1 hp=12/12 dmg=1-2 ac=5 ar=8 exp=36 ai=Melee speed=3.0 格=(31,7) 区域=DenOfEvil 尸体可用=True 抗性=[物0 火0 冰0 电0 毒0]
[INFO ] [Monster] spawn m#1087 巨兽 lvl=1 hp=12/12 dmg=1-2 ac=5 ar=8 exp=36 ai=Melee speed=3.0 格=(35,6) 区域=DenOfEvil 尸体可用=True 抗性=[物0 火0 冰0 电0 毒0]
[INFO ] [Monster] spawn m#1088 堕落萨满 lvl=1 hp=6/6 dmg=1-2 ac=5 ar=8 exp=24 ai=Shaman speed=4.0 格=(17,55) 区域=DenOfEvil 尸体可用=True 抗性=[物0 火25 冰0 电0 毒0]
[INFO ] [Monster] spawn m#1089 堕落萨满 lvl=1 hp=6/6 dmg=1-2 ac=5 ar=8 exp=24 ai=Shaman speed=4.0 格=(27,32) 区域=DenOfEvil 尸体可用=True 抗性=[物0 火25 冰0 电0 毒0]
[INFO ] [Monster] spawn m#1090 堕落萨满 lvl=1 hp=6/6 dmg=1-2 ac=5 ar=8 exp=24 ai=Shaman speed=4.0 格=(43,6) 区域=DenOfEvil 尸体可用=True 抗性=[物0 火25 冰0 电0 毒0]
[INFO ] [Monster] spawn m#1091 冠军 僵尸 lvl=1 hp=30/30 dmg=2-6 ac=5 ar=14 exp=99 ai=Melee speed=1.0 格=(30,31) 区域=DenOfEvil 尸体可用=True 抗性=[物0 火0 冰0 电0 毒50]
[INFO ] [Monster] elite m#1091「冠军 僵尸」词缀=冠军(id=6) hp 10→30（×3.0） dmg 1-3→2-6（×2.0） ar 8→14（+75%） ac ×1.0
[INFO ] [Monster] SpawnArea(DenOfEvil=邪恶洞穴)完成：普通 10 只 + 精英 1 只 = 11 只（种类 3，每类 3 群，精英 1 群；密度 mon_density=600 区域等级 1；精英词缀=冠军(id=6,冠军)）
[INFO ] [Monster] SpawnArea(DenOfEvil=邪恶洞穴)：本区域共 11 只（存活 11）；地图 59x64 seed=777003 刷新点来源=IMapModule.MonsterSpawns（洞穴）
[INFO ] [Monster] hurt m#1081 僵尸：raw=9999 Physical 抗性=0% ⇒ 实扣=9999，hp 10/10 → 0/10
[INFO ] [Monster] m#1081 僵尸 死亡（等级 1，经验 33，格 (53,38)，尸体保留 25s，corpseUsable=True）
[INFO ] [Combat] [击杀链] m#1081 僵尸（等级 1）→ 经验 +33（198 → 231，等级 1）
[INFO ] [Combat] [击杀链] 掉落触发：TC="Act 1 H2H A"(id=23) 等级=1 格=(53,38) rng=1657918
[INFO ] [Monster] hurt m#1082 僵尸：raw=9999 Physical 抗性=0% ⇒ 实扣=9999，hp 10/10 → 0/10
[INFO ] [Monster] m#1082 僵尸 死亡（等级 1，经验 33，格 (12,52)，尸体保留 25s，corpseUsable=True）
[INFO ] [Combat] [击杀链] m#1082 僵尸（等级 1）→ 经验 +33（231 → 264，等级 1）
[INFO ] [Combat] [击杀链] 掉落触发：TC="Act 1 H2H A"(id=23) 等级=1 格=(12,52) rng=1657918
[INFO ] [Monster] hurt m#1083 僵尸：raw=9999 Physical 抗性=0% ⇒ 实扣=9999，hp 10/10 → 0/10
[INFO ] [Monster] m#1083 僵尸 死亡（等级 1，经验 33，格 (33,6)，尸体保留 25s，corpseUsable=True）
[INFO ] [Combat] [击杀链] m#1083 僵尸（等级 1）→ 经验 +33（264 → 297，等级 1）
[INFO ] [Combat] [击杀链] 掉落触发：TC="Act 1 H2H A"(id=23) 等级=1 格=(33,6) rng=1657918
[INFO ] [Monster] hurt m#1084 僵尸：raw=9999 Physical 抗性=0% ⇒ 实扣=9999，hp 10/10 → 0/10
[INFO ] [Monster] m#1084 僵尸 死亡（等级 1，经验 33，格 (32,5)，尸体保留 25s，corpseUsable=True）
[INFO ] [Combat] [击杀链] m#1084 僵尸（等级 1）→ 经验 +33（297 → 330，等级 1）
[INFO ] [Combat] [击杀链] 掉落触发：TC="Act 1 H2H A"(id=23) 等级=1 格=(32,5) rng=1657918
[INFO ] [Monster] hurt m#1085 巨兽：raw=9999 Physical 抗性=0% ⇒ 实扣=9999，hp 12/12 → 0/12
[INFO ] [Monster] m#1085 巨兽 死亡（等级 1，经验 36，格 (10,55)，尸体保留 25s，corpseUsable=True）
[INFO ] [Combat] [击杀链] m#1085 巨兽（等级 1）→ 经验 +36（330 → 366，等级 1）
[INFO ] [Combat] [击杀链] 掉落触发：TC="Act 1 H2H A"(id=23) 等级=1 格=(10,55) rng=1657918
  杀 5 只怪 → 5 个掉落格：(53,38) (12,52) (33,6) (32,5) (10,55)
    [ OK ] 所有掉落格都可走   (5 个)
    [ OK ] RandomWalkableTile 200 次抽样全部落在可走格上   (200/200)
    [ OK ] 洞穴刷新点全部可走（23 个）   (见上)
    [ OK ] 所有怪物都站在可走格上   (11 只)


────────────────────────────────────────────────────────────
▶ 8. 技能树：5 职业 × 3 系 / CanLearn / Learn / 绑键
────────────────────────────────────────────────────────────
[INFO ] [Skill] BuildAvailable：职业 Amazon 载入 30 个技能（系 1/2/3 = 10/10/10；面板档次 6 档）
[INFO ] [Skill] ResetForClass：职业=Amazon（1）技能 30 个（系分布 1/2/3 = 10/10/10），已学 0 个，左键=-1 右键=-1
  Amazon（1）：技能 30 个，系分布 10/10/10，技能点 0，可学 0 个
    [ OK ] Amazon：技能表非空   (30)
    [ OK ] Amazon：3 个系都有技能（1/2/3 系 = 10/10/10）   (10/10/10)
    [ OK ] Amazon：SkillTreeArgs 三个列表长度对齐（skills/learnedLevels/learnable）   (30/30/30)
    [ OK ] Amazon：面板行列在合法范围（行 0-5 / 列 ≥0）   (见代码断言)
[INFO ] [Skill] BuildAvailable：职业 Sorceress 载入 30 个技能（系 1/2/3 = 10/10/10；面板档次 6 档）
[INFO ] [Skill] ResetForClass：职业=Sorceress（2）技能 30 个（系分布 1/2/3 = 10/10/10），已学 0 个，左键=-1 右键=-1
  Sorceress（2）：技能 30 个，系分布 10/10/10，技能点 0，可学 0 个
    [ OK ] Sorceress：技能表非空   (30)
    [ OK ] Sorceress：3 个系都有技能（1/2/3 系 = 10/10/10）   (10/10/10)
    [ OK ] Sorceress：SkillTreeArgs 三个列表长度对齐（skills/learnedLevels/learnable）   (30/30/30)
    [ OK ] Sorceress：面板行列在合法范围（行 0-5 / 列 ≥0）   (见代码断言)
[WARN ] [Combat] DamageTypeOf: EType=mag（魔法伤害）在本项目枚举里没有对应系 ⇒ 暂按物理结算（已登记未决）（第 1 次）
[INFO ] [Skill] BuildAvailable：职业 Necromancer 载入 30 个技能（系 1/2/3 = 10/10/10；面板档次 6 档）
[INFO ] [Skill] ResetForClass：职业=Necromancer（3）技能 30 个（系分布 1/2/3 = 10/10/10），已学 0 个，左键=-1 右键=-1
  Necromancer（3）：技能 30 个，系分布 10/10/10，技能点 0，可学 0 个
    [ OK ] Necromancer：技能表非空   (30)
    [ OK ] Necromancer：3 个系都有技能（1/2/3 系 = 10/10/10）   (10/10/10)
    [ OK ] Necromancer：SkillTreeArgs 三个列表长度对齐（skills/learnedLevels/learnable）   (30/30/30)
    [ OK ] Necromancer：面板行列在合法范围（行 0-5 / 列 ≥0）   (见代码断言)
[INFO ] [Skill] BuildAvailable：职业 Paladin 载入 30 个技能（系 1/2/3 = 10/10/10；面板档次 6 档）
[INFO ] [Skill] ResetForClass：职业=Paladin（4）技能 30 个（系分布 1/2/3 = 10/10/10），已学 0 个，左键=-1 右键=-1
  Paladin（4）：技能 30 个，系分布 10/10/10，技能点 0，可学 0 个
    [ OK ] Paladin：技能表非空   (30)
    [ OK ] Paladin：3 个系都有技能（1/2/3 系 = 10/10/10）   (10/10/10)
    [ OK ] Paladin：SkillTreeArgs 三个列表长度对齐（skills/learnedLevels/learnable）   (30/30/30)
    [ OK ] Paladin：面板行列在合法范围（行 0-5 / 列 ≥0）   (见代码断言)
[WARN ] [Combat] DamageTypeOf: 未登记的 EType「stun」⇒ 按物理结算（第 1 次）
[INFO ] [Skill] BuildAvailable：职业 Barbarian 载入 30 个技能（系 1/2/3 = 10/10/10；面板档次 6 档）
[INFO ] [Skill] ResetForClass：职业=Barbarian（5）技能 30 个（系分布 1/2/3 = 10/10/10），已学 0 个，左键=-1 右键=-1
  Barbarian（5）：技能 30 个，系分布 10/10/10，技能点 0，可学 0 个
    [ OK ] Barbarian：技能表非空   (30)
    [ OK ] Barbarian：3 个系都有技能（1/2/3 系 = 10/10/10）   (10/10/10)
    [ OK ] Barbarian：SkillTreeArgs 三个列表长度对齐（skills/learnedLevels/learnable）   (30/30/30)
    [ OK ] Barbarian：面板行列在合法范围（行 0-5 / 列 ≥0）   (见代码断言)

────────────────────────────────────────────────────────────
▶ 8b. CanLearn / Learn 的正负路径（亚马逊）
────────────────────────────────────────────────────────────
[INFO ] [Skill] BuildAvailable：职业 Amazon 载入 30 个技能（系 1/2/3 = 10/10/10；面板档次 6 档）
[INFO ] [Skill] ResetForClass：职业=Amazon（1）技能 30 个（系分布 1/2/3 = 10/10/10），已学 0 个，左键=-1 右键=-1
    [ OK ] 找到「1 级可学、无前置」的第一个技能   (魔法箭#1)
[WARN ] [Skill] CanLearn(魔法箭#1)：技能点不足（需要 1，当前 0）⇒ false
    [ OK ] 技能点 = 0 时 CanLearn = false（点数不足）   (见日志的拒绝原因)
    [ OK ] 技能点 = 1 时 CanLearn = true   (true)
[INFO ] [Skill] Learn：魔法箭#1 → 等级 1/20（消耗技能点 1，剩余 0）
  Learn(魔法箭#1) → True；等级 1；剩余技能点 0
    [ OK ] Learn 成功且扣 1 点技能点   (level=1 points=0)
    [ OK ] 已学等级反映到 BuildTree.learnedLevels   (1)
[WARN ] [Skill] CanLearn(魔法箭#1)：技能点不足（需要 1，当前 0）⇒ false
    [ OK ] 技能点用尽后再学同一技能 = false   (false)
[WARN ] [Skill] CanLearn(爆裂箭#11)：前置技能「火焰箭」等级 0 < 1 ⇒ false
    [ OK ] 前置未学/不足时 CanLearn = false（爆裂箭 需要前置 #2）×1 级）   (前置等级 0)
[INFO ] [Skill] Learn：火焰箭#2 → 等级 1/20（消耗技能点 1，剩余 9）
    [ OK ] 补满前置后可学（爆裂箭）   (true)
[INFO ] [Skill] AssignToButton：右键 = 魔法箭#1(等级 1)
    [ OK ] AssignToButton(1, skill) 生效（GetButtonSkill 一致）   (1)
    [ OK ] 绑键镜像到存档 buttonSkills[1]   (-1,1)
    [ OK ] 已学技能镜像到存档 skillIds/skillLevels   (2 条)
    [ OK ] 被动技能不能绑到左右键（防御：AssignToButton 返回 -1 保持）   (被动的拒绝路径见日志提示（本项目在 ValidateSelectable 里拒绝）)


────────────────────────────────────────────────────────────
▶ 9. TryCast：扣法力 + 进冷却（贴数字）
────────────────────────────────────────────────────────────
[INFO ] [Map] MapGenWilderness: 树林 8 片 + 零散树 23 棵（共落 228+ 格）
[INFO ] [Map] MapGenWilderness: 岩石群 17 簇
[INFO ] [Map] MapGenWilderness: 尖刺栅栏 4 段
[INFO ] [Map] 连通性修整：填掉 11 格「从 (6, 37) 不可达的孤立口袋」（否则掉落/刷怪会落进死地）→ 地形改为 Rock
[INFO ] [Map] MapGenWilderness: 血腥荒野生成完成（size=78x75 seed=888001 出生点=(6, 37) 回城口=(0, 37) 洞穴入口=(77, 41)）
[INFO ] [Map] 连通性自检：从出生点 (6, 37) 可达 5252 格（可走共 5252），需可达目标 2 个，不可达 0 个
[INFO ] [Map] Generate 完成：area=BloodMoor(血腥荒野) requestedSeed=888001 effectiveSeed=888001 attempts=1 size=78x75 blocked=598 walkable=5252 timeMs=0.6
[INFO ] [Map] area=BloodMoor(血腥荒野) size=78x75 seed=888001 blocked=598 walkable=5252 timeMs=0.6 attempts=1 spawn=(6, 37) exits=2 caveEntrance=(77, 41) npc=0 monsterSpawns=0
[INFO ] [Map] DumpStats →
── MAP STATS ────────────────────────────────────────────────
  区域      : BloodMoor（血腥荒野）
  尺寸      : 78 x 75 = 5850 格
  seed      : 888001（重试次数 1）
  障碍数    : 598
  可走数    : 5252（89.8%）
  生成耗时  : 0.6 ms
  出生点    : (6, 37)
  出口      : 2 个 [0,37, 77,41]
  洞穴入口  : (77, 41)
  NPC 站位  : 0 个
  刷怪点    : 0 个
  地形哈希  : E1FBAD538CD147C5
─────────────────────────────────────────────────────────────
[INFO ] [Map] DumpAscii hash=E1FBAD538CD147C5（同 seed 两次生成必须同哈希）
ASCII y=74→0  x=0→77   图例: ' '=图外/未生成 '.'=可走 '#'=障碍 'S'=出生点 'E'=出口 'C'=洞穴入口 'N'=NPC 'M'=刷怪点
074|##############################################################################
073|#............................................................................#
072|#............................................................................#
071|#............................#....................#..........................#
070|#............................#.........................#.....................#
069|#.....................................................#.#....................#
068|#............................................................................#
067|#.............#.........................................#....................#
066|#...........#...................................................#............#
065|#..........###......................................#........................#
064|#.........#####..............................................................#
063|#........#######.....................#.......................................#

[INFO ] [Map] BuildMinimap: area=BloodMoor 78x75 tiles=5850 markers=2
[INFO ] [Monster] 区域切换为 BloodMoor ⇒ 清空 0 只怪的仇恨与路径（避免拿着旧地图的路径走）
[INFO ] [Monster] DespawnAll：清空 11 只怪物（含尸体）与其视图
[WARN ] [Monster] 精英怪保底：level_c.mon_umin/mon_umax=0/0（官方实际值）⇒ **本项目新增**保底刷 1 群精英，否则「精英词缀」在整个 Act I 都不可见
[INFO ] [Monster] spawn m#1092 僵尸 lvl=1 hp=10/10 dmg=1-3 ac=5 ar=8 exp=33 ai=Melee speed=1.0 格=(11,36) 区域=BloodMoor 尸体可用=True 抗性=[物0 火0 冰0 电0 毒50]
[INFO ] [Monster] spawn m#1093 僵尸 lvl=1 hp=10/10 dmg=1-3 ac=5 ar=8 exp=33 ai=Melee speed=1.0 格=(28,67) 区域=BloodMoor 尸体可用=True 抗性=[物0 火0 冰0 电0 毒50]
[INFO ] [Monster] spawn m#1094 僵尸 lvl=1 hp=10/10 dmg=1-3 ac=5 ar=8 exp=33 ai=Melee speed=1.0 格=(11,35) 区域=BloodMoor 尸体可用=True 抗性=[物0 火0 冰0 电0 毒50]
[INFO ] [Monster] spawn m#1095 堕落者 lvl=1 hp=3/3 dmg=1-2 ac=5 ar=8 exp=18 ai=Coward speed=5.0 格=(38,19) 区域=BloodMoor 尸体可用=True 抗性=[物0 火0 冰0 电0 毒0]
[INFO ] [Monster] spawn m#1096 堕落者 lvl=1 hp=3/3 dmg=1-2 ac=5 ar=8 exp=18 ai=Coward speed=5.0 格=(37,18) 区域=BloodMoor 尸体可用=True 抗性=[物0 火0 冰0 电0 毒0]
[INFO ] [Monster] spawn m#1097 堕落者 lvl=1 hp=3/3 dmg=1-2 ac=5 ar=8 exp=18 ai=Coward speed=5.0 格=(9,52) 区域=BloodMoor 尸体可用=True 抗性=[物0 火0 冰0 电0 毒0]
[INFO ] [Monster] spawn m#1098 堕落者 lvl=1 hp=3/3 dmg=1-2 ac=5 ar=8 exp=18 ai=Coward speed=5.0 格=(8,51) 区域=BloodMoor 尸体可用=True 抗性=[物0 火0 冰0 电0 毒0]
[INFO ] [Monster] spawn m#1099 堕落者 lvl=1 hp=3/3 dmg=1-2 ac=5 ar=8 exp=18 ai=Coward speed=5.0 格=(8,52) 区域=BloodMoor 尸体可用=True 抗性=[物0 火0 冰0 电0 毒0]
[INFO ] [Monster] spawn m#1100 堕落者 lvl=1 hp=3/3 dmg=1-2 ac=5 ar=8 exp=18 ai=Coward speed=5.0 格=(41,25) 区域=BloodMoor 尸体可用=True 抗性=[物0 火0 冰0 电0 毒0]
[INFO ] [Monster] spawn m#1101 堕落者 lvl=1 hp=3/3 dmg=1-2 ac=5 ar=8 exp=18 ai=Coward speed=5.0 格=(40,24) 区域=BloodMoor 尸体可用=True 抗性=[物0 火0 冰0 电0 毒0]
[INFO ] [Monster] spawn m#1102 堕落者 lvl=1 hp=3/3 dmg=1-2 ac=5 ar=8 exp=18 ai=Coward speed=5.0 格=(40,25) 区域=BloodMoor 尸体可用=True 抗性=[物0 火0 冰0 电0 毒0]
[INFO ] [Monster] spawn m#1103 尖刺鼠 lvl=1 hp=4/4 dmg=1-2 ac=5 ar=8 exp=21 ai=Range speed=3.0 格=(39,36) 区域=BloodMoor 尸体可用=True 抗性=[物0 火0 冰0 电0 毒0]
[INFO ] [Monster] spawn m#1104 尖刺鼠 lvl=1 hp=4/4 dmg=1-2 ac=5 ar=8 exp=21 ai=Range speed=3.0 格=(38,35) 区域=BloodMoor 尸体可用=True 抗性=[物0 火0 冰0 电0 毒0]
[INFO ] [Monster] spawn m#1105 尖刺鼠 lvl=1 hp=4/4 dmg=1-2 ac=5 ar=8 exp=21 ai=Range speed=3.0 格=(51,25) 区域=BloodMoor 尸体可用=True 抗性=[物0 火0 冰0 电0 毒0]
[INFO ] [Monster] spawn m#1106 尖刺鼠 lvl=1 hp=4/4 dmg=1-2 ac=5 ar=8 exp=21 ai=Range speed=3.0 格=(30,33) 区域=BloodMoor 尸体可用=True 抗性=[物0 火0 冰0 电0 毒0]
[INFO ] [Monster] spawn m#1107 附身 僵尸 lvl=1 hp=30/30 dmg=2-6 ac=5 ar=14 exp=99 ai=Melee speed=1.0 格=(75,41) 区域=BloodMoor 尸体可用=True 抗性=[物0 火0 冰0 电0 毒50]
[INFO ] [Monster] elite m#1107「附身 僵尸」词缀=附身(id=17) hp 10→30（×3.0） dmg 1-3→2-6（×2.0） ar 8→14（+75%） ac ×1.0
[INFO ] [Monster] spawn m#1108 附身 僵尸 lvl=1 hp=30/30 dmg=2-6 ac=5 ar=14 exp=99 ai=Melee speed=1.0 格=(74,40) 区域=BloodMoor 尸体可用=True 抗性=[物0 火0 冰0 电0 毒50]
[INFO ] [Monster] elite m#1108「附身 僵尸」词缀=附身(id=17) hp 10→30（×3.0） dmg 1-3→2-6（×2.0） ar 8→14（+75%） ac ×1.0
[INFO ] [Monster] SpawnArea(BloodMoor=血腥荒野)完成：普通 15 只 + 精英 2 只 = 17 只（种类 3，每类 3 群，精英 1 群；密度 mon_density=520 区域等级 1；精英词缀=附身(id=17,冠军)）
[INFO ] [Monster] SpawnArea(BloodMoor=血腥荒野)：本区域共 17 只（存活 17）；地图 78x75 seed=888001 刷新点来源=RandomWalkableTile（野外）
[INFO ] [Skill] BuildAvailable：职业 Sorceress 载入 30 个技能（系 1/2/3 = 10/10/10；面板档次 6 档）
[INFO ] [Skill] ResetForClass：职业=Sorceress（2）技能 30 个（系分布 1/2/3 = 10/10/10），已学 0 个，左键=-1 右键=-1
    [ OK ] 找到法师「火弹」   (火弹#31 target=Ground 伤害 3-6)
[INFO ] [Skill] Learn：火弹#31 → 等级 1/20（消耗技能点 1，剩余 9）
    [ OK ] 学会火弹（等级 1）   (1)
[INFO ] [Skill] TryCast：火弹#31（等级 1）→ 目标格 (10, 37) 目标怪 普通攻击(-1)；法力 50 → 45（-5），冷却 0.40s，伤害类型 Fire
[WARN ] [Skill] ProjectileView.TryCreate 失败（SecurityException: ECall methods must be packaged into a system module.）⇒ 投射物只有逻辑没有画面（离线自检宿主属正常；Unity 里出现请看这条日志）
[INFO ] [Skill] [Skill] 投射物 #1「火弹#31」发出：(6.50, 37.50) → (10.50, 37.50) 速度=10.00 格/s 射程=20.00 格 命中半径=1.15 格 伤害=3-6 Fire 来源=火弹(missile_c)
  TryCast(火弹) → True；法力 50 → 45；冷却剩余 0.40s；在飞投射物 1 个
    [ OK ] TryCast 成功   (True)
    [ OK ] 扣了法力 5（skill_c.mana_cost=5，1 级无增量）   (45)
    [ OK ] 进入了冷却（>0）   (0.40s)
    [ OK ] 火弹是投射物技能 ⇒ 真的生成了投射物   (1)
[WARN ] [Skill] TryCast：火弹#31 冷却中（剩 0.40s / 共 0.40s）⇒ 施放失败（第 1 次）
    [ OK ] 冷却期内再施放 = false，且不再扣蓝   (mana=45)
[INFO ] [Skill] 冷却就绪：火弹#31(等级 1)（0.40s 已过）
[INFO ] [Skill] [Skill] 投射物 #1（火弹）射程耗尽自然消散：飞了 20.00 格，轨迹 (7.00,37.50) → (27.00,37.50)
    [ OK ] 冷却走完后 GetCooldownRemain == 0   (0.00)
[WARN ] [Skill] TryCast：火弹#31 法力不足（需要 5，当前 1）⇒ 施放失败
    [ OK ] 法力不足时 = false 且法力不变   (mana=1)


────────────────────────────────────────────────────────────
▶ 10. 投射物：火弹从 A 飞到 B 命中（轨迹采样 + 命中日志）
────────────────────────────────────────────────────────────
[INFO ] [Map] MapGenWilderness: 树林 7 片 + 零散树 33 棵（共落 146+ 格）
[INFO ] [Map] MapGenWilderness: 岩石群 12 簇
[INFO ] [Map] MapGenWilderness: 尖刺栅栏 7 段
[INFO ] [Map] 连通性修整：填掉 4 格「从 (6, 29) 不可达的孤立口袋」（否则掉落/刷怪会落进死地）→ 地形改为 Rock
[INFO ] [Map] MapGenWilderness: 血腥荒野生成完成（size=52x58 seed=999001 出生点=(6, 29) 回城口=(0, 29) 洞穴入口=(51, 29)）
[INFO ] [Map] 连通性自检：从出生点 (6, 29) 可达 2583 格（可走共 2583），需可达目标 2 个，不可达 0 个
[INFO ] [Map] Generate 完成：area=BloodMoor(血腥荒野) requestedSeed=999001 effectiveSeed=999001 attempts=1 size=52x58 blocked=433 walkable=2583 timeMs=0.4
[INFO ] [Map] area=BloodMoor(血腥荒野) size=52x58 seed=999001 blocked=433 walkable=2583 timeMs=0.4 attempts=1 spawn=(6, 29) exits=2 caveEntrance=(51, 29) npc=0 monsterSpawns=0
[INFO ] [Map] DumpStats →
── MAP STATS ────────────────────────────────────────────────
  区域      : BloodMoor（血腥荒野）
  尺寸      : 52 x 58 = 3016 格
  seed      : 999001（重试次数 1）
  障碍数    : 433
  可走数    : 2583（85.6%）
  生成耗时  : 0.4 ms
  出生点    : (6, 29)
  出口      : 2 个 [0,29, 51,29]
  洞穴入口  : (51, 29)
  NPC 站位  : 0 个
  刷怪点    : 0 个
  地形哈希  : 16CD75723B2C6ACF
─────────────────────────────────────────────────────────────
[INFO ] [Map] DumpAscii hash=16CD75723B2C6ACF（同 seed 两次生成必须同哈希）
ASCII y=57→0  x=0→51   图例: ' '=图外/未生成 '.'=可走 '#'=障碍 'S'=出生点 'E'=出口 'C'=洞穴入口 'N'=NPC 'M'=刷怪点
057|####################################################
056|#..................................................#
055|#............#.....................................#
054|#............#................##.#..####...........#
053|#............#.................#####.......#.......#
052|#............#.................#####...............#
051|#............#................#######..............#
050|#...............##............######...............#
049|#...............................##.................#
048|#................#...............#.................#
047|#..........................#.......................#
046|#.........#...#.....##.............................#

[INFO ] [Map] BuildMinimap: area=BloodMoor 52x58 tiles=3016 markers=2
[INFO ] [Monster] 区域切换为 BloodMoor ⇒ 清空 0 只怪的仇恨与路径（避免拿着旧地图的路径走）
[INFO ] [Monster] DespawnAll：清空 17 只怪物（含尸体）与其视图
[WARN ] [Monster] 精英怪保底：level_c.mon_umin/mon_umax=0/0（官方实际值）⇒ **本项目新增**保底刷 1 群精英，否则「精英词缀」在整个 Act I 都不可见
[INFO ] [Monster] spawn m#1109 僵尸 lvl=1 hp=10/10 dmg=1-3 ac=5 ar=8 exp=33 ai=Melee speed=1.0 格=(19,34) 区域=BloodMoor 尸体可用=True 抗性=[物0 火0 冰0 电0 毒50]
[INFO ] [Monster] spawn m#1110 僵尸 lvl=1 hp=10/10 dmg=1-3 ac=5 ar=8 exp=33 ai=Melee speed=1.0 格=(18,33) 区域=BloodMoor 尸体可用=True 抗性=[物0 火0 冰0 电0 毒50]
[INFO ] [Monster] spawn m#1111 僵尸 lvl=1 hp=10/10 dmg=1-3 ac=5 ar=8 exp=33 ai=Melee speed=1.0 格=(16,44) 区域=BloodMoor 尸体可用=True 抗性=[物0 火0 冰0 电0 毒50]
[INFO ] [Monster] spawn m#1112 僵尸 lvl=1 hp=10/10 dmg=1-3 ac=5 ar=8 exp=33 ai=Melee speed=1.0 格=(15,43) 区域=BloodMoor 尸体可用=True 抗性=[物0 火0 冰0 电0 毒50]
[INFO ] [Monster] spawn m#1113 僵尸 lvl=1 hp=10/10 dmg=1-3 ac=5 ar=8 exp=33 ai=Melee speed=1.0 格=(35,55) 区域=BloodMoor 尸体可用=True 抗性=[物0 火0 冰0 电0 毒50]
[INFO ] [Monster] spawn m#1114 堕落者 lvl=1 hp=3/3 dmg=1-2 ac=5 ar=8 exp=18 ai=Coward speed=5.0 格=(35,35) 区域=BloodMoor 尸体可用=True 抗性=[物0 火0 冰0 电0 毒0]
[INFO ] [Monster] spawn m#1115 堕落者 lvl=1 hp=3/3 dmg=1-2 ac=5 ar=8 exp=18 ai=Coward speed=5.0 格=(34,34) 区域=BloodMoor 尸体可用=True 抗性=[物0 火0 冰0 电0 毒0]
[INFO ] [Monster] spawn m#1116 堕落者 lvl=1 hp=3/3 dmg=1-2 ac=5 ar=8 exp=18 ai=Coward speed=5.0 格=(36,40) 区域=BloodMoor 尸体可用=True 抗性=[物0 火0 冰0 电0 毒0]
[INFO ] [Monster] spawn m#1117 堕落者 lvl=1 hp=3/3 dmg=1-2 ac=5 ar=8 exp=18 ai=Coward speed=5.0 格=(35,39) 区域=BloodMoor 尸体可用=True 抗性=[物0 火0 冰0 电0 毒0]
[INFO ] [Monster] spawn m#1118 堕落者 lvl=1 hp=3/3 dmg=1-2 ac=5 ar=8 exp=18 ai=Coward speed=5.0 格=(35,40) 区域=BloodMoor 尸体可用=True 抗性=[物0 火0 冰0 电0 毒0]
[INFO ] [Monster] spawn m#1119 堕落者 lvl=1 hp=3/3 dmg=1-2 ac=5 ar=8 exp=18 ai=Coward speed=5.0 格=(39,2) 区域=BloodMoor 尸体可用=True 抗性=[物0 火0 冰0 电0 毒0]
[INFO ] [Monster] spawn m#1120 堕落者 lvl=1 hp=3/3 dmg=1-2 ac=5 ar=8 exp=18 ai=Coward speed=5.0 格=(38,1) 区域=BloodMoor 尸体可用=True 抗性=[物0 火0 冰0 电0 毒0]
[INFO ] [Monster] spawn m#1121 堕落者 lvl=1 hp=3/3 dmg=1-2 ac=5 ar=8 exp=18 ai=Coward speed=5.0 格=(38,2) 区域=BloodMoor 尸体可用=True 抗性=[物0 火0 冰0 电0 毒0]
[INFO ] [Monster] spawn m#1122 尖刺鼠 lvl=1 hp=4/4 dmg=1-2 ac=5 ar=8 exp=21 ai=Range speed=3.0 格=(15,12) 区域=BloodMoor 尸体可用=True 抗性=[物0 火0 冰0 电0 毒0]
[INFO ] [Monster] spawn m#1123 尖刺鼠 lvl=1 hp=4/4 dmg=1-2 ac=5 ar=8 exp=21 ai=Range speed=3.0 格=(28,48) 区域=BloodMoor 尸体可用=True 抗性=[物0 火0 冰0 电0 毒0]
[INFO ] [Monster] spawn m#1124 尖刺鼠 lvl=1 hp=4/4 dmg=1-2 ac=5 ar=8 exp=21 ai=Range speed=3.0 格=(47,55) 区域=BloodMoor 尸体可用=True 抗性=[物0 火0 冰0 电0 毒0]
[INFO ] [Monster] spawn m#1125 尖刺鼠 lvl=1 hp=4/4 dmg=1-2 ac=5 ar=8 exp=21 ai=Range speed=3.0 格=(46,54) 区域=BloodMoor 尸体可用=True 抗性=[物0 火0 冰0 电0 毒0]
[INFO ] [Monster] spawn m#1126 附身 僵尸 lvl=1 hp=30/30 dmg=2-6 ac=5 ar=14 exp=99 ai=Melee speed=1.0 格=(12,41) 区域=BloodMoor 尸体可用=True 抗性=[物0 火0 冰0 电0 毒50]
[INFO ] [Monster] elite m#1126「附身 僵尸」词缀=附身(id=17) hp 10→30（×3.0） dmg 1-3→2-6（×2.0） ar 8→14（+75%） ac ×1.0
[INFO ] [Monster] SpawnArea(BloodMoor=血腥荒野)完成：普通 17 只 + 精英 1 只 = 18 只（种类 3，每类 3 群，精英 1 群；密度 mon_density=520 区域等级 1；精英词缀=附身(id=17,冠军)）
[INFO ] [Monster] SpawnArea(BloodMoor=血腥荒野)：本区域共 18 只（存活 18）；地图 52x58 seed=999001 刷新点来源=RandomWalkableTile（野外）
[INFO ] [Skill] BuildAvailable：职业 Sorceress 载入 30 个技能（系 1/2/3 = 10/10/10；面板档次 6 档）
[INFO ] [Skill] ResetForClass：职业=Sorceress（2）技能 30 个（系分布 1/2/3 = 10/10/10），已学 0 个，左键=-1 右键=-1
[INFO ] [Skill] Learn：火弹#31 → 等级 1/20（消耗技能点 1，剩余 9）
[INFO ] [Skill] TryCast：火弹#31（等级 1）→ 目标格 (15, 12) 目标怪 普通攻击(-1)；法力 50 → 45（-5），冷却 0.40s，伤害类型 Fire
[INFO ] [Skill] [Skill] 投射物 #2「火弹#31」发出：(7.50, 4.50) → (15.50, 12.50) 速度=10.00 格/s 射程=20.00 格 命中半径=1.15 格 伤害=3-6 Fire 来源=火弹(missile_c)
    [ OK ] 施放成功并生成投射物   (True / 1)
  起点 (7.85, 4.85)（连续格）→ 方向 (0.71, 0.71)，速度 10.00 格/s，射程 20.00 格，命中半径 1.15 格
  目标 m#1122 尖刺鼠 在格 (15,12)，距离 11.31 格
[INFO ] [Skill] 冷却就绪：火弹#31(等级 1)（0.40s 已过）
[INFO ] [Skill] [Skill] 投射物 #2（火弹#31）命中 m#1122 尖刺鼠：raw=6 Fire；飞行 10.00 格；轨迹 (7.85,4.85) → (8.21,5.21) → (8.56,5.56) → (8.91,5.91) → (9.27,6.27) → (9.62,6.62) → (9.97,6.97) → (10.33,7.33) → …（共 21 点，末点 (14.92,11.92)）
[INFO ] [Monster] hurt m#1122 尖刺鼠：raw=6 Fire 抗性=0% ⇒ 实扣=6，hp 4/4 → 0/4
[INFO ] [Monster] m#1122 尖刺鼠 死亡（等级 1，经验 21，格 (15,12)，尸体保留 25s，corpseUsable=True）
[INFO ] [Combat] [击杀链] m#1122 尖刺鼠（等级 1）→ 经验 +21（366 → 387，等级 99）
[WARN ] [Combat] DeathFlow: treasureclass_c 里找不到 TC「Quill 1」⇒ 本次不掉落（配表/转换脚本核对）
[INFO ] [Combat] [技能#31] 命中 m#1122 尖刺鼠：raw=6 实扣=4 (Fire) → hp 4/4 → 0/4  【击杀】
  飞行 20 步（1.00s）：(7.85,4.85) → (8.21,5.21) → (8.56,5.56) → (8.91,5.91) → (9.27,6.27) → (9.62,6.62) → (9.97,6.97) → (10.33,7.33) → (10.68,7.68) → (11.04,8.04) → …（共 21 点，末点 (14.92,11.92)）
  命中结果：hitSomething=True hitMonsterId=1122 飞行 10.00 格；目标血量 4 → 0
    [ OK ] 投射物命中了目标（hitMonsterId 与瞄准的目标一致）   (hit=1122 target=1122)
    [ OK ] 命中后目标掉血   (4 → 0)
    [ OK ] 命中后投射物被回收（不在飞列表里）   (0)
    [ OK ] 日志里有投射物的发出与命中记录   (见上方日志)


────────────────────────────────────────────────────────────
▶ 11. 逐帧 Sprite 动画器（**本项目新增**，引擎 Game.Anim 是 Animator 驱动不覆盖逐帧切图）
────────────────────────────────────────────────────────────
    [ OK ] 初始帧 = 0，键名正确   (0/walk_s_0)
  8fps 循环：0.125s 一步 ⇒ 帧序 0 → 1 → 2 → 3 → 0（应回到 0）
    [ OK ] 按帧率推进并且循环回第 0 帧   (1/2/3/0)
    [ OK ] 同一动作重复 Play 不会把进度打回第 0 帧（逐帧动画最典型缺陷）   (0)
  非循环死亡动画：10 步后 frame=2 finished=True（应停在末帧）
    [ OK ] 非循环动画停在最后一帧且 Finished=true   (2/True)
    [ OK ] 换方向会换帧键（8 方向）   (D2/Chars/amazon/walk_ne_0)
    [ OK ] 怪物帧键走 D2/Monsters/{sprite}/（sprite 来自 monster_c.sprite）   (D2/Monsters/fa/attack_s_3)
  帧数表（素材到位后按 .dcc 实测校准）：idle=4 walk=8 attack=8 cast=6 hit=2 death=8


────────────────────────────────────────────────────────────
▶ 12. 模块未接入时的降级（null 容忍 + 明确日志，不许崩）
────────────────────────────────────────────────────────────
[WARN ] [Combat] RequestAttack: IMonsterModule 未接入（AppContext.Monster == null）⇒ 攻击无效
[WARN ] [Combat] RequestMonsterAttack: AppContext/IMonsterModule/IPlayerModule 未就绪 ⇒ 本次怪物攻击丢弃
[WARN ] [Combat] RevivePlayer: 玩家未死亡（重复请求？）⇒ 忽略（第 1 次）
[INFO ] [Skill] TryCast：火弹#31（等级 1）→ 目标格 (0, 0) 目标怪 普通攻击(-1)；法力 45 → 40（-5），冷却 0.40s，伤害类型 Fire
[INFO ] [Skill] [Skill] 投射物 #3「火弹#31」发出：(7.50, 4.50) → (0.50, 0.50) 速度=10.00 格/s 射程=20.00 格 命中半径=1.15 格 伤害=3-6 Fire 来源=火弹(missile_c)
    [ OK ] 门面全为 null 时调用不抛异常   (无异常)
    [ OK ] 留下了可定位的降级日志（Monster/View/Item 未接入）   (见上方日志)


────────────────────────────────────────────────────────────
▶ 13. AutoWire 契约：`internal sealed class XxxModule : IXxxModule` + 无参构造（真实装配路径）
────────────────────────────────────────────────────────────
[WARN ] [App] AppContext.Create 被重复调用：旧实例仍在，可能是重复的 Bootstrap
[INFO ] [App] 模块已装配：Map ← Diablo2.Module.Map.MapModule
[INFO ] [App] 模块已装配：Player ← CombatCheck.FakePlayer
[INFO ] [Combat] DeathFlow 已订阅：MonsterKilled（经验+掉落）、PlayerDied（脱战+死亡屏）
[INFO ] [App] 模块已装配：Combat ← Diablo2.Module.Combat.CombatModule
[INFO ] [App] 模块已装配：Monster ← Diablo2.Module.Monster.MonsterModule
[INFO ] [App] 模块已装配：Skill ← Diablo2.Module.Skill.SkillModule
[INFO ] [App] 模块已装配：Item ← CombatCheck.RecordingItem
[WARN ] [App] 模块 Quest 尚无实现（程序集里找不到实现该接口的类型）⇒ 相关功能降级
[WARN ] [App] 模块 Npc 尚无实现（程序集里找不到实现该接口的类型）⇒ 相关功能降级
[WARN ] [App] 模块 Camera 尚无实现（程序集里找不到实现该接口的类型）⇒ 相关功能降级
[INFO ] [App] 模块已装配：View ← Diablo2.Module.View.ViewModule
[INFO ] [App] 模块已装配：Audio ← CombatCheck.RecordingAudio
[WARN ] [App] 模块 Save 尚无实现（程序集里找不到实现该接口的类型）⇒ 相关功能降级
    [ OK ] IMapModule   ← 找得到实现（MapModule）   (Diablo2.Module.Map.MapModule)
    [ OK ] ICombatModule ← 找得到实现（CombatModule）   (Diablo2.Module.Combat.CombatModule)
    [ OK ] IMonsterModule ← 找得到实现（MonsterModule）   (Diablo2.Module.Monster.MonsterModule)
    [ OK ] ISkillModule ← 找得到实现（SkillModule）   (Diablo2.Module.Skill.SkillModule)
    [ OK ] IViewModule  ← 找得到实现（ViewModule）   (Diablo2.Module.View.ViewModule)
    [ OK ] 按接口找实现：宿主里的 Item/Player/Audio 替身也被 AutoWire 装了（机制自证）   (Item=CombatCheck.RecordingItem Player=CombatCheck.FakePlayer Audio=CombatCheck.RecordingAudio)
    [ OK ] 本程序集里**没有**实现的接口保持 null 且有 Warn（降级不崩）   (模块装配：Flow=NULL Map=ok Player=ok Combat=ok Monster=ok Skill=ok Item=ok Quest=NULL Npc=NULL Camera=NULL View=ok Audio=ok Save=NULL)
    [ OK ] IAppFlow 刻意不在 AutoWire 里（契约要求，由 Bootstrap 显式 new）   (null（正确）)
  装配摘要：模块装配：Flow=NULL Map=ok Player=ok Combat=ok Monster=ok Skill=ok Item=ok Quest=NULL Npc=NULL Camera=NULL View=ok Audio=ok Save=NULL


================ 自检全部通过 ================
未覆盖（需要 Unity 原生 API，留给主 agent 进 Play 后看图验收）：① 精灵/贴图实际渲染与像素位置；② 飘字可见性与配色；③ 头顶血条的世界位置与遮挡；④ 8 方向走路动画的观感；⑤ 相机下的排序叠压。
