=== FlowCheck：流程编排离线自检 ===
[ OK ] 配表 class_c 已加载   (dir=C:\Work\Server\full-dev\clover-project-diablo2\client\Assets\Scripts\Table\Tsv)
[ OK ] class_c 亚马逊行存在   (亚马逊 str=20 dex=25 vit=20 eng=15 生命/体=3)
[ OK ] AppContext 已创建且模块为 null（降级路径）   (模块装配：Flow=ok Map=NULL Player=NULL Combat=NULL Monster=NULL Skill=NULL Item=NULL Quest=NULL Npc=NULL Camera=NULL View=NULL Audio=NULL Save=NULL)
[INFO ] [Flow] → Boot
[INFO ] [Flow] → Boot
[INFO ] [Flow] 流程已进入，当前站点=Boot（菜单类站点共用场景 Menu）
[ OK ] 站点 = Boot   (Boot)
[INFO ] [Flow] 加载菜单场景 Menu（当前场景=(null)）
  [SCENE] load Menu
[INFO ] [Flow] 菜单场景 Menu 已就绪
[INFO ] [Flow] 主菜单已打开：存档=无（来源=会话内内存(降级)），继续按钮=置灰
[INFO ] [Flow] → MainMenu
[ OK ] 站点 = MainMenu   (MainMenu)
[ OK ] 主菜单面板已打开（无存档 ⇒ 继续置灰）   (BootPanel,MainMenuPanel)
[ OK ] 无存档时直接落到 CharCreate   (CharCreate)
[ OK ] 创造角色面板已打开   (BootPanel,MainMenuPanel,CharSelectPanel,CharCreatePanel)
[ OK ] 创角 save 有 seed（=0 待 Flow 决定）   (0)
[ OK ] 建角后回 CharSelect   (CharSelect)
[ OK ] 创角已给出本局 seed   (1678400485)
  [SCENE] load Stage
[ OK ] 站点 = Stage   (Stage)
[ OK ] 读条面板开过   (scenes=Menu,Stage)
[ OK ] Stage 场景被加载   (Menu,Stage)
[ OK ] 模块未接入时仍能进 Stage（null 容忍）   (Stage)
  [LOADING] show: 正在进入 BloodMoor…
  [LOADING] hide
[ OK ] 出入口触发区域切换且不换站点   (Boot → MainMenu → CharSelect → CharCreate → CharSelect → Loading → Stage)
  [SCENE] load Menu
[ OK ] 回主菜单成功   (MainMenu)
[ OK ] 清场① 面板 CloseAll   (CloseAll=1)
[ OK ] 清场② 实体 ClearAll（3 → 0）   (ClearAll=1)
[ OK ] 清场③ 对象池 ClearAll   (ClearAll=1)
[ OK ] 清场④ 定时器 StopScope(stage)   (stage)
[ OK ] 清场⑤ 音效 StopAll   (StopAll=1)
[ OK ] 清场⑥ 事件注销（离场后 ExitEntered 不再被 Flow 处理）   (见上方日志（离场后无 [Flow] 区域切换日志）)
[ OK ] 菜单场景已加载   (Menu,Stage,Menu)
  [SCENE] load Stage
[ OK ] 第二次进图站点 = Stage   (Stage)
[ OK ] 第二次进图后实体已复位（0）   (entities=0)
[ OK ] 设置已落盘（Save 被调用）   (SaveCount=1)
[ OK ] 设置可读回（重进仍在）   (0.40)
[ OK ] QuitGame 不抛异常（打包分支 Application.Quit 不执行）   (站点=Stage)
[ OK ] AutoWire 机制：可反射创建 internal 实现类型   (FlowCheck.ProbeOnly)

站点迁移序列：Boot → MainMenu → CharSelect → CharCreate → CharSelect → Loading → Stage → MainMenu → Loading → Stage
[ OK ] 站点序列包含 Boot   (Boot,MainMenu,CharSelect,CharCreate,CharSelect,Loading,Stage,MainMenu,Loading,Stage)
[ OK ] 站点序列包含 MainMenu   (Boot,MainMenu,CharSelect,CharCreate,CharSelect,Loading,Stage,MainMenu,Loading,Stage)
[ OK ] 站点序列包含 CharSelect   (Boot,MainMenu,CharSelect,CharCreate,CharSelect,Loading,Stage,MainMenu,Loading,Stage)
[ OK ] 站点序列包含 CharCreate   (Boot,MainMenu,CharSelect,CharCreate,CharSelect,Loading,Stage,MainMenu,Loading,Stage)
[ OK ] 站点序列包含 Loading   (Boot,MainMenu,CharSelect,CharCreate,CharSelect,Loading,Stage,MainMenu,Loading,Stage)
[ OK ] 站点序列包含 Stage   (Boot,MainMenu,CharSelect,CharCreate,CharSelect,Loading,Stage,MainMenu,Loading,Stage)

未覆盖（需要 Unity 原生 API，留给主 agent 进 Play 后验）：① Pause 站点（Time.timeScale=0 与 *Unscaled 定时器）；② 面板内部构件与像素布局；③ 真实读条进度条的动画表现。

=== 自检全部通过 ===
