================ MapCheck 开始 ================
────────────────────────────────────────────────────────────
▶ 0. 宿主可用性自证
────────────────────────────────────────────────────────────
Vector2Int(3,-4)      = (3, -4)
Mathf.FloorToInt(-0.5) = -1   （负数必须 Floor）
Iso.GridToWorld(0,0) = (0.00, -0.50, 0.00)  → WorldToGrid = (0, 0)  OK
    ✅ Iso 正/逆投影往返
Iso.SortOrder(0,0)=100  (3,5)=132  （必须随格子变化）
    ✅ sortingOrder 随格子变化
⚠️ Time.realtimeSinceStartup 在非 Unity 进程不可用（SecurityException） ⇒ 限频日志（WarnThrottled/WarnOnce）在本宿主里会抛异常；本次自证不使用它们。

────────────────────────────────────────────────────────────
▶ 1. 三处区域各生成一次（DumpStats）
────────────────────────────────────────────────────────────
[INFO ] [Map] MapGenTown: 罗格营地固定布局完成（栅栏边界 / 2 个出城口 / 5 个 NPC / 出生点 (15, 19)）
[INFO ] [Map] 连通性自检：从出生点 (15, 19) 可达 809 格（可走共 809），需可达目标 7 个，不可达 0 个
[INFO ] [Map] Generate 完成：area=Town(罗格营地) requestedSeed=20250916 effectiveSeed=20250916 attempts=1 size=32x32 blocked=215 walkable=809 timeMs=15.5
[INFO ] [Map] area=Town(罗格营地) size=32x32 seed=20250916 blocked=215 walkable=809 timeMs=15.5 attempts=1 spawn=(15, 19) exits=2 caveEntrance=- npc=5 monsterSpawns=0
[INFO ] [Map] DumpStats →
── MAP STATS ────────────────────────────────────────────────
  区域      : Town（罗格营地）
  尺寸      : 32 x 32 = 1024 格
  seed      : 20250916（重试次数 1）
  障碍数    : 215
  可走数    : 809（79.0%）
  生成耗时  : 15.5 ms
  出生点    : (15, 19)
  出口      : 2 个 [15,0, 16,0]
  洞穴入口  : -（本区域无）
  NPC 站位  : 5 个 [14,7, 8,11, 22,8, 24,17, 17,4]
  刷怪点    : 0 个
  地形哈希  : F49AB4344E3D0D0A
─────────────────────────────────────────────────────────────
[INFO ] [Map] DumpAscii hash=F49AB4344E3D0D0A（同 seed 两次生成必须同哈希）
ASCII y=31→0  x=0→31   图例: ' '=图外/未生成 '.'=可走 '#'=障碍 'S'=出生点 'E'=出口 'C'=洞穴入口 'N'=NPC 'M'=刷怪点
031|################################
030|#..............................#
029|#..............................#
028|#...........#......#...........#
027|#........###...................#
026|#..#.....###................#..#
025|#..............................#
024|#..............................#
023|#........................##....#
022|#...................###..##....#
021|#...................###........#
020|#..............................#

[INFO ] [Map] BuildMinimap: area=Town 32x32 tiles=1024 markers=7
[EVENT] D2.Map.Generated arg=Diablo2.Def.MinimapArgs
[EVENT] D2.Map.AreaChanged arg=Town
── MAP STATS ────────────────────────────────────────────────
  区域      : Town（罗格营地）
  尺寸      : 32 x 32 = 1024 格
  seed      : 20250916（重试次数 1）
  障碍数    : 215
  可走数    : 809（79.0%）
  生成耗时  : 15.5 ms
  出生点    : (15, 19)
  出口      : 2 个 [15,0, 16,0]
  洞穴入口  : -（本区域无）
  NPC 站位  : 5 个 [14,7, 8,11, 22,8, 24,17, 17,4]
  刷怪点    : 0 个
  地形哈希  : F49AB4344E3D0D0A
─────────────────────────────────────────────────────────────
ASCII y=31→0  x=0→31   图例: ' '=图外/未生成 '.'=可走 '#'=障碍 'S'=出生点 'E'=出口 'C'=洞穴入口 'N'=NPC 'M'=刷怪点
031|################################
030|#..............................#
029|#..............................#
028|#...........#......#...........#
027|#........###...................#
026|#..#.....###................#..#
025|#..............................#
024|#..............................#
023|#........................##....#
022|#...................###..##....#
021|#...................###........#
020|#..............................#
019|#...###........S...............#
018|#...###........................#

→ Hash = F49AB4344E3D0D0A

    ✅ Town 生成成功
    ✅ Town 可走数 > 0
    ✅ Town 出生点有效
[INFO ] [Map] MapGenWilderness: 树林 8 片 + 零散树 35 棵（共落 226+ 格）
[INFO ] [Map] MapGenWilderness: 岩石群 15 簇
[INFO ] [Map] MapGenWilderness: 尖刺栅栏 4 段
[INFO ] [Map] 连通性修整：填掉 17 格「从 (6, 33) 不可达的孤立口袋」（否则掉落/刷怪会落进死地）→ 地形改为 Rock
[INFO ] [Map] MapGenWilderness: 血腥荒野生成完成（size=77x67 seed=20250916 出生点=(6, 33) 回城口=(0, 33) 洞穴入口=(76, 38)）
[INFO ] [Map] 连通性自检：从出生点 (6, 33) 可达 4562 格（可走共 4562），需可达目标 2 个，不可达 0 个
[INFO ] [Map] Generate 完成：area=BloodMoor(血腥荒野) requestedSeed=20250916 effectiveSeed=20250916 attempts=1 size=77x67 blocked=597 walkable=4562 timeMs=2.7
[INFO ] [Map] area=BloodMoor(血腥荒野) size=77x67 seed=20250916 blocked=597 walkable=4562 timeMs=2.7 attempts=1 spawn=(6, 33) exits=2 caveEntrance=(76, 38) npc=0 monsterSpawns=0
[INFO ] [Map] DumpStats →
── MAP STATS ────────────────────────────────────────────────
  区域      : BloodMoor（血腥荒野）
  尺寸      : 77 x 67 = 5159 格
  seed      : 20250916（重试次数 1）
  障碍数    : 597
  可走数    : 4562（88.4%）
  生成耗时  : 2.7 ms
  出生点    : (6, 33)
  出口      : 2 个 [0,33, 76,38]
  洞穴入口  : (76, 38)
  NPC 站位  : 0 个
  刷怪点    : 0 个
  地形哈希  : 6F6A8F2B2E537171
─────────────────────────────────────────────────────────────
[INFO ] [Map] DumpAscii hash=6F6A8F2B2E537171（同 seed 两次生成必须同哈希）
ASCII y=66→0  x=0→76   图例: ' '=图外/未生成 '.'=可走 '#'=障碍 'S'=出生点 'E'=出口 'C'=洞穴入口 'N'=NPC 'M'=刷怪点
066|#############################################################################
065|#...........................................................................#
064|#...........................................................................#
063|#.........#..................................................#..............#
062|#...........................................................................#
061|#........................................................................#..#
060|#...........................................................................#
059|#...........................................................................#
058|#..................#..............#.........................................#
057|#.................................#...................................#.....#
056|#......#....................................................................#
055|#.....###...................................................................#

[INFO ] [Map] BuildMinimap: area=BloodMoor 77x67 tiles=5159 markers=2
[EVENT] D2.Map.Generated arg=Diablo2.Def.MinimapArgs
[EVENT] D2.Map.AreaChanged arg=BloodMoor
── MAP STATS ────────────────────────────────────────────────
  区域      : BloodMoor（血腥荒野）
  尺寸      : 77 x 67 = 5159 格
  seed      : 20250916（重试次数 1）
  障碍数    : 597
  可走数    : 4562（88.4%）
  生成耗时  : 2.7 ms
  出生点    : (6, 33)
  出口      : 2 个 [0,33, 76,38]
  洞穴入口  : (76, 38)
  NPC 站位  : 0 个
  刷怪点    : 0 个
  地形哈希  : 6F6A8F2B2E537171
─────────────────────────────────────────────────────────────
ASCII y=66→0  x=0→76   图例: ' '=图外/未生成 '.'=可走 '#'=障碍 'S'=出生点 'E'=出口 'C'=洞穴入口 'N'=NPC 'M'=刷怪点
066|#############################################################################
065|#...........................................................................#
064|#...........................................................................#
063|#.........#..................................................#..............#
062|#...........................................................................#
061|#........................................................................#..#
060|#...........................................................................#
059|#...........................................................................#
058|#..................#..............#.........................................#
057|#.................................#...................................#.....#
056|#......#....................................................................#
055|#.....###...................................................................#
054|#......###........#.........................................................#
053|#.....###.#.....#####..............................................#........#

→ Hash = 6F6A8F2B2E537171

    ✅ BloodMoor 生成成功
    ✅ BloodMoor 可走数 > 0
    ✅ BloodMoor 出生点有效
[INFO ] [Map] MapGenCave: 邪恶洞穴生成完成（size=62x54 seed=20250916 rooms=9/9 出生点=(11, 9) 出口=(11, 3) 刷新点=28）
[INFO ] [Map] 连通性自检：从出生点 (11, 9) 可达 946 格（可走共 946），需可达目标 38 个，不可达 0 个
[INFO ] [Map] Generate 完成：area=DenOfEvil(邪恶洞穴) requestedSeed=20250916 effectiveSeed=20250916 attempts=1 size=62x54 blocked=2402 walkable=946 timeMs=4.6
[INFO ] [Map] area=DenOfEvil(邪恶洞穴) size=62x54 seed=20250916 blocked=2402 walkable=946 timeMs=4.6 attempts=1 spawn=(11, 9) exits=1 caveEntrance=- npc=0 monsterSpawns=28
[INFO ] [Map] DumpStats →
── MAP STATS ────────────────────────────────────────────────
  区域      : DenOfEvil（邪恶洞穴）
  尺寸      : 62 x 54 = 3348 格
  seed      : 20250916（重试次数 1）
  障碍数    : 2402
  可走数    : 946（28.3%）
  生成耗时  : 4.6 ms
  出生点    : (11, 9)
  出口      : 1 个 [11,3]
  洞穴入口  : -（本区域无）
  NPC 站位  : 0 个
  刷怪点    : 28 个 [35,6, 32,6, 32,7, 46,9, 45,8, 48,6, 7,29, 6,31, …]
  地形哈希  : 16AC25A3102E25D1
─────────────────────────────────────────────────────────────
[INFO ] [Map] DumpAscii hash=16AC25A3102E25D1（同 seed 两次生成必须同哈希）
ASCII y=53→0  x=0→61   图例: ' '=图外/未生成 '.'=可走 '#'=障碍 'S'=出生点 'E'=出口 'C'=洞穴入口 'N'=NPC 'M'=刷怪点
053|##############################################################
052|##############################################################
051|#####################.............############################
050|######.........######.............############################
049|######....M....######..........M..############################
048|######.......M.######.M...........############################
047|######...................................................#####
046|######.......M..............M........................M.M.#####
045|######....M....######.............###############........#####
044|######.........######.............###############.....M..#####
043|######.........######.............###############........#####
042|######.........######...........M.###############.M......#####

[INFO ] [Map] BuildMinimap: area=DenOfEvil 62x54 tiles=3348 markers=1
[EVENT] D2.Map.Generated arg=Diablo2.Def.MinimapArgs
[EVENT] D2.Map.AreaChanged arg=DenOfEvil
── MAP STATS ────────────────────────────────────────────────
  区域      : DenOfEvil（邪恶洞穴）
  尺寸      : 62 x 54 = 3348 格
  seed      : 20250916（重试次数 1）
  障碍数    : 2402
  可走数    : 946（28.3%）
  生成耗时  : 4.6 ms
  出生点    : (11, 9)
  出口      : 1 个 [11,3]
  洞穴入口  : -（本区域无）
  NPC 站位  : 0 个
  刷怪点    : 28 个 [35,6, 32,6, 32,7, 46,9, 45,8, 48,6, 7,29, 6,31, …]
  地形哈希  : 16AC25A3102E25D1
─────────────────────────────────────────────────────────────
ASCII y=53→0  x=0→61   图例: ' '=图外/未生成 '.'=可走 '#'=障碍 'S'=出生点 'E'=出口 'C'=洞穴入口 'N'=NPC 'M'=刷怪点
053|##############################################################
052|##############################################################
051|#####################.............############################
050|######.........######.............############################
049|######....M....######..........M..############################
048|######.......M.######.M...........############################
047|######...................................................#####
046|######.......M..............M........................M.M.#####
045|######....M....######.............###############........#####
044|######.........######.............###############.....M..#####
043|######.........######.............###############........#####
042|######.........######...........M.###############.M......#####
041|######.........######.............###############........#####
040|##########..##################################################

→ Hash = 16AC25A3102E25D1

    ✅ DenOfEvil 生成成功
    ✅ DenOfEvil 可走数 > 0
    ✅ DenOfEvil 出生点有效
────────────────────────────────────────────────────────────
▶ 2. 同 seed 两次生成一致（Town / BloodMoor / DenOfEvil 各一组）
────────────────────────────────────────────────────────────
[INFO ] [Map] MapGenTown: 罗格营地固定布局完成（栅栏边界 / 2 个出城口 / 5 个 NPC / 出生点 (15, 19)）
[INFO ] [Map] 连通性自检：从出生点 (15, 19) 可达 809 格（可走共 809），需可达目标 7 个，不可达 0 个
[INFO ] [Map] Generate 完成：area=Town(罗格营地) requestedSeed=987654321 effectiveSeed=987654321 attempts=1 size=32x32 blocked=215 walkable=809 timeMs=5.1
[INFO ] [Map] area=Town(罗格营地) size=32x32 seed=987654321 blocked=215 walkable=809 timeMs=5.1 attempts=1 spawn=(15, 19) exits=2 caveEntrance=- npc=5 monsterSpawns=0
[INFO ] [Map] DumpStats →
── MAP STATS ────────────────────────────────────────────────
  区域      : Town（罗格营地）
  尺寸      : 32 x 32 = 1024 格
  seed      : 987654321（重试次数 1）
  障碍数    : 215
  可走数    : 809（79.0%）
  生成耗时  : 5.1 ms
  出生点    : (15, 19)
  出口      : 2 个 [15,0, 16,0]
  洞穴入口  : -（本区域无）
  NPC 站位  : 5 个 [14,7, 8,11, 22,8, 24,17, 17,4]
  刷怪点    : 0 个
  地形哈希  : F49AB4344E3D0D0A
─────────────────────────────────────────────────────────────
[INFO ] [Map] DumpAscii hash=F49AB4344E3D0D0A（同 seed 两次生成必须同哈希）
ASCII y=31→0  x=0→31   图例: ' '=图外/未生成 '.'=可走 '#'=障碍 'S'=出生点 'E'=出口 'C'=洞穴入口 'N'=NPC 'M'=刷怪点
031|################################
030|#..............................#
029|#..............................#
028|#...........#......#...........#
027|#........###...................#
026|#..#.....###................#..#
025|#..............................#
024|#..............................#
023|#........................##....#
022|#...................###..##....#
021|#...................###........#
020|#..............................#

[INFO ] [Map] BuildMinimap: area=Town 32x32 tiles=1024 markers=7
[EVENT] D2.Map.Generated arg=Diablo2.Def.MinimapArgs
[EVENT] D2.Map.AreaChanged arg=Town
[INFO ] [Map] MapGenTown: 罗格营地固定布局完成（栅栏边界 / 2 个出城口 / 5 个 NPC / 出生点 (15, 19)）
[INFO ] [Map] 连通性自检：从出生点 (15, 19) 可达 809 格（可走共 809），需可达目标 7 个，不可达 0 个
[INFO ] [Map] Generate 完成：area=Town(罗格营地) requestedSeed=987654321 effectiveSeed=987654321 attempts=1 size=32x32 blocked=215 walkable=809 timeMs=0.2
[INFO ] [Map] area=Town(罗格营地) size=32x32 seed=987654321 blocked=215 walkable=809 timeMs=0.2 attempts=1 spawn=(15, 19) exits=2 caveEntrance=- npc=5 monsterSpawns=0
[INFO ] [Map] DumpStats →
── MAP STATS ────────────────────────────────────────────────
  区域      : Town（罗格营地）
  尺寸      : 32 x 32 = 1024 格
  seed      : 987654321（重试次数 1）
  障碍数    : 215
  可走数    : 809（79.0%）
  生成耗时  : 0.2 ms
  出生点    : (15, 19)
  出口      : 2 个 [15,0, 16,0]
  洞穴入口  : -（本区域无）
  NPC 站位  : 5 个 [14,7, 8,11, 22,8, 24,17, 17,4]
  刷怪点    : 0 个
  地形哈希  : F49AB4344E3D0D0A
─────────────────────────────────────────────────────────────
[INFO ] [Map] DumpAscii hash=F49AB4344E3D0D0A（同 seed 两次生成必须同哈希）
ASCII y=31→0  x=0→31   图例: ' '=图外/未生成 '.'=可走 '#'=障碍 'S'=出生点 'E'=出口 'C'=洞穴入口 'N'=NPC 'M'=刷怪点
031|################################
030|#..............................#
029|#..............................#
028|#...........#......#...........#
027|#........###...................#
026|#..#.....###................#..#
025|#..............................#
024|#..............................#
023|#........................##....#
022|#...................###..##....#
021|#...................###........#
020|#..............................#

[INFO ] [Map] BuildMinimap: area=Town 32x32 tiles=1024 markers=7
[EVENT] D2.Map.Generated arg=Diablo2.Def.MinimapArgs
[EVENT] D2.Map.AreaChanged arg=Town
Town         hash#1=F49AB4344E3D0D0A hash#2=F49AB4344E3D0D0A 字符画逐字符一致=True size=32x32 blocked=215
    ✅ Town 同 seed 两次生成完全一致
[INFO ] [Map] MapGenWilderness: 树林 8 片 + 零散树 29 棵（共落 198+ 格）
[INFO ] [Map] MapGenWilderness: 岩石群 16 簇
[INFO ] [Map] MapGenWilderness: 尖刺栅栏 4 段
[INFO ] [Map] 连通性修整：填掉 12 格「从 (6, 29) 不可达的孤立口袋」（否则掉落/刷怪会落进死地）→ 地形改为 Rock
[INFO ] [Map] MapGenWilderness: 血腥荒野生成完成（size=70x59 seed=987654321 出生点=(6, 29) 回城口=(0, 29) 洞穴入口=(69, 34)）
[INFO ] [Map] 连通性自检：从出生点 (6, 29) 可达 3593 格（可走共 3593），需可达目标 2 个，不可达 0 个
[INFO ] [Map] Generate 完成：area=BloodMoor(血腥荒野) requestedSeed=987654321 effectiveSeed=987654321 attempts=1 size=70x59 blocked=537 walkable=3593 timeMs=0.5
[INFO ] [Map] area=BloodMoor(血腥荒野) size=70x59 seed=987654321 blocked=537 walkable=3593 timeMs=0.5 attempts=1 spawn=(6, 29) exits=2 caveEntrance=(69, 34) npc=0 monsterSpawns=0
[INFO ] [Map] DumpStats →
── MAP STATS ────────────────────────────────────────────────
  区域      : BloodMoor（血腥荒野）
  尺寸      : 70 x 59 = 4130 格
  seed      : 987654321（重试次数 1）
  障碍数    : 537
  可走数    : 3593（87.0%）
  生成耗时  : 0.5 ms
  出生点    : (6, 29)
  出口      : 2 个 [0,29, 69,34]
  洞穴入口  : (69, 34)
  NPC 站位  : 0 个
  刷怪点    : 0 个
  地形哈希  : F83D081729280258
─────────────────────────────────────────────────────────────
[INFO ] [Map] DumpAscii hash=F83D081729280258（同 seed 两次生成必须同哈希）
ASCII y=58→0  x=0→69   图例: ' '=图外/未生成 '.'=可走 '#'=障碍 'S'=出生点 'E'=出口 'C'=洞穴入口 'N'=NPC 'M'=刷怪点
058|######################################################################
057|#....................................................................#
056|#.......................###..........................................#
055|#......................#####.........................................#
054|#.#.....#...............###..................#.......................#
053|#........................#.................####......................#
052|#..#......................................#######.....#..............#
051|#....................................##...########....#..............#
050|#........................................######....#.................#
049|#........................................########....................#
048|#.............#...........................#######.............#......#
047|#...........#####..........................#####.....................#

[INFO ] [Map] BuildMinimap: area=BloodMoor 70x59 tiles=4130 markers=2
[EVENT] D2.Map.Generated arg=Diablo2.Def.MinimapArgs
[EVENT] D2.Map.AreaChanged arg=BloodMoor
[INFO ] [Map] MapGenWilderness: 树林 8 片 + 零散树 29 棵（共落 198+ 格）
[INFO ] [Map] MapGenWilderness: 岩石群 16 簇
[INFO ] [Map] MapGenWilderness: 尖刺栅栏 4 段
[INFO ] [Map] 连通性修整：填掉 12 格「从 (6, 29) 不可达的孤立口袋」（否则掉落/刷怪会落进死地）→ 地形改为 Rock
[INFO ] [Map] MapGenWilderness: 血腥荒野生成完成（size=70x59 seed=987654321 出生点=(6, 29) 回城口=(0, 29) 洞穴入口=(69, 34)）
[INFO ] [Map] 连通性自检：从出生点 (6, 29) 可达 3593 格（可走共 3593），需可达目标 2 个，不可达 0 个
[INFO ] [Map] Generate 完成：area=BloodMoor(血腥荒野) requestedSeed=987654321 effectiveSeed=987654321 attempts=1 size=70x59 blocked=537 walkable=3593 timeMs=0.8
[INFO ] [Map] area=BloodMoor(血腥荒野) size=70x59 seed=987654321 blocked=537 walkable=3593 timeMs=0.8 attempts=1 spawn=(6, 29) exits=2 caveEntrance=(69, 34) npc=0 monsterSpawns=0
[INFO ] [Map] DumpStats →
── MAP STATS ────────────────────────────────────────────────
  区域      : BloodMoor（血腥荒野）
  尺寸      : 70 x 59 = 4130 格
  seed      : 987654321（重试次数 1）
  障碍数    : 537
  可走数    : 3593（87.0%）
  生成耗时  : 0.8 ms
  出生点    : (6, 29)
  出口      : 2 个 [0,29, 69,34]
  洞穴入口  : (69, 34)
  NPC 站位  : 0 个
  刷怪点    : 0 个
  地形哈希  : F83D081729280258
─────────────────────────────────────────────────────────────
[INFO ] [Map] DumpAscii hash=F83D081729280258（同 seed 两次生成必须同哈希）
ASCII y=58→0  x=0→69   图例: ' '=图外/未生成 '.'=可走 '#'=障碍 'S'=出生点 'E'=出口 'C'=洞穴入口 'N'=NPC 'M'=刷怪点
058|######################################################################
057|#....................................................................#
056|#.......................###..........................................#
055|#......................#####.........................................#
054|#.#.....#...............###..................#.......................#
053|#........................#.................####......................#
052|#..#......................................#######.....#..............#
051|#....................................##...########....#..............#
050|#........................................######....#.................#
049|#........................................########....................#
048|#.............#...........................#######.............#......#
047|#...........#####..........................#####.....................#

[INFO ] [Map] BuildMinimap: area=BloodMoor 70x59 tiles=4130 markers=2
[EVENT] D2.Map.Generated arg=Diablo2.Def.MinimapArgs
[EVENT] D2.Map.AreaChanged arg=BloodMoor
BloodMoor    hash#1=F83D081729280258 hash#2=F83D081729280258 字符画逐字符一致=True size=70x59 blocked=537
    ✅ BloodMoor 同 seed 两次生成完全一致
[INFO ] [Map] MapGenCave: 邪恶洞穴生成完成（size=57x48 seed=987654321 rooms=9/9 出生点=(9, 7) 出口=(9, 1) 刷新点=31）
[INFO ] [Map] 连通性自检：从出生点 (9, 7) 可达 886 格（可走共 886），需可达目标 41 个，不可达 0 个
[INFO ] [Map] Generate 完成：area=DenOfEvil(邪恶洞穴) requestedSeed=987654321 effectiveSeed=987654321 attempts=1 size=57x48 blocked=1850 walkable=886 timeMs=0.3
[INFO ] [Map] area=DenOfEvil(邪恶洞穴) size=57x48 seed=987654321 blocked=1850 walkable=886 timeMs=0.3 attempts=1 spawn=(9, 7) exits=1 caveEntrance=- npc=0 monsterSpawns=31
[INFO ] [Map] DumpStats →
── MAP STATS ────────────────────────────────────────────────
  区域      : DenOfEvil（邪恶洞穴）
  尺寸      : 57 x 48 = 2736 格
  seed      : 987654321（重试次数 1）
  障碍数    : 1850
  可走数    : 886（32.4%）
  生成耗时  : 0.3 ms
  出生点    : (9, 7)
  出口      : 1 个 [9,1]
  洞穴入口  : -（本区域无）
  NPC 站位  : 0 个
  刷怪点    : 31 个 [28,5, 25,5, 25,9, 27,6, 49,12, 49,7, 49,8, 42,9, …]
  地形哈希  : 1A9EA50A0DD878FA
─────────────────────────────────────────────────────────────
[INFO ] [Map] DumpAscii hash=1A9EA50A0DD878FA（同 seed 两次生成必须同哈希）
ASCII y=47→0  x=0→56   图例: ' '=图外/未生成 '.'=可走 '#'=障碍 'S'=出生点 'E'=出口 'C'=洞穴入口 'N'=NPC 'M'=刷怪点
047|#########################################################
046|#########################################################
045|#########.........#######################################
044|#########.........#######################################
043|#########.........#######################################
042|#########......................################.......###
041|#########.......M...............###############.......###
040|#########....M....############..###############.......###
039|#########...M.....########.........############...M...###
038|#########..M......########.........############.......###
037|#########.........########..M...................M.M...###
036|#############..###########.....MM................M....###

[INFO ] [Map] BuildMinimap: area=DenOfEvil 57x48 tiles=2736 markers=1
[EVENT] D2.Map.Generated arg=Diablo2.Def.MinimapArgs
[EVENT] D2.Map.AreaChanged arg=DenOfEvil
[INFO ] [Map] MapGenCave: 邪恶洞穴生成完成（size=57x48 seed=987654321 rooms=9/9 出生点=(9, 7) 出口=(9, 1) 刷新点=31）
[INFO ] [Map] 连通性自检：从出生点 (9, 7) 可达 886 格（可走共 886），需可达目标 41 个，不可达 0 个
[INFO ] [Map] Generate 完成：area=DenOfEvil(邪恶洞穴) requestedSeed=987654321 effectiveSeed=987654321 attempts=1 size=57x48 blocked=1850 walkable=886 timeMs=0.2
[INFO ] [Map] area=DenOfEvil(邪恶洞穴) size=57x48 seed=987654321 blocked=1850 walkable=886 timeMs=0.2 attempts=1 spawn=(9, 7) exits=1 caveEntrance=- npc=0 monsterSpawns=31
[INFO ] [Map] DumpStats →
── MAP STATS ────────────────────────────────────────────────
  区域      : DenOfEvil（邪恶洞穴）
  尺寸      : 57 x 48 = 2736 格
  seed      : 987654321（重试次数 1）
  障碍数    : 1850
  可走数    : 886（32.4%）
  生成耗时  : 0.2 ms
  出生点    : (9, 7)
  出口      : 1 个 [9,1]
  洞穴入口  : -（本区域无）
  NPC 站位  : 0 个
  刷怪点    : 31 个 [28,5, 25,5, 25,9, 27,6, 49,12, 49,7, 49,8, 42,9, …]
  地形哈希  : 1A9EA50A0DD878FA
─────────────────────────────────────────────────────────────
[INFO ] [Map] DumpAscii hash=1A9EA50A0DD878FA（同 seed 两次生成必须同哈希）
ASCII y=47→0  x=0→56   图例: ' '=图外/未生成 '.'=可走 '#'=障碍 'S'=出生点 'E'=出口 'C'=洞穴入口 'N'=NPC 'M'=刷怪点
047|#########################################################
046|#########################################################
045|#########.........#######################################
044|#########.........#######################################
043|#########.........#######################################
042|#########......................################.......###
041|#########.......M...............###############.......###
040|#########....M....############..###############.......###
039|#########...M.....########.........############...M...###
038|#########..M......########.........############.......###
037|#########.........########..M...................M.M...###
036|#############..###########.....MM................M....###

[INFO ] [Map] BuildMinimap: area=DenOfEvil 57x48 tiles=2736 markers=1
[EVENT] D2.Map.Generated arg=Diablo2.Def.MinimapArgs
[EVENT] D2.Map.AreaChanged arg=DenOfEvil
DenOfEvil    hash#1=1A9EA50A0DD878FA hash#2=1A9EA50A0DD878FA 字符画逐字符一致=True size=57x48 blocked=1850
    ✅ DenOfEvil 同 seed 两次生成完全一致

────────────────────────────────────────────────────────────
▶ 3. FindPath（出生点 → 出口）
────────────────────────────────────────────────────────────
[INFO ] [Map] MapGenTown: 罗格营地固定布局完成（栅栏边界 / 2 个出城口 / 5 个 NPC / 出生点 (15, 19)）
[INFO ] [Map] 连通性自检：从出生点 (15, 19) 可达 809 格（可走共 809），需可达目标 7 个，不可达 0 个
[INFO ] [Map] Generate 完成：area=Town(罗格营地) requestedSeed=424242 effectiveSeed=424242 attempts=1 size=32x32 blocked=215 walkable=809 timeMs=0.2
[INFO ] [Map] area=Town(罗格营地) size=32x32 seed=424242 blocked=215 walkable=809 timeMs=0.2 attempts=1 spawn=(15, 19) exits=2 caveEntrance=- npc=5 monsterSpawns=0
[INFO ] [Map] DumpStats →
── MAP STATS ────────────────────────────────────────────────
  区域      : Town（罗格营地）
  尺寸      : 32 x 32 = 1024 格
  seed      : 424242（重试次数 1）
  障碍数    : 215
  可走数    : 809（79.0%）
  生成耗时  : 0.2 ms
  出生点    : (15, 19)
  出口      : 2 个 [15,0, 16,0]
  洞穴入口  : -（本区域无）
  NPC 站位  : 5 个 [14,7, 8,11, 22,8, 24,17, 17,4]
  刷怪点    : 0 个
  地形哈希  : F49AB4344E3D0D0A
─────────────────────────────────────────────────────────────
[INFO ] [Map] DumpAscii hash=F49AB4344E3D0D0A（同 seed 两次生成必须同哈希）
ASCII y=31→0  x=0→31   图例: ' '=图外/未生成 '.'=可走 '#'=障碍 'S'=出生点 'E'=出口 'C'=洞穴入口 'N'=NPC 'M'=刷怪点
031|################################
030|#..............................#
029|#..............................#
028|#...........#......#...........#
027|#........###...................#
026|#..#.....###................#..#
025|#..............................#
024|#..............................#
023|#........................##....#
022|#...................###..##....#
021|#...................###........#
020|#..............................#

[INFO ] [Map] BuildMinimap: area=Town 32x32 tiles=1024 markers=7
[EVENT] D2.Map.Generated arg=Diablo2.Def.MinimapArgs
[EVENT] D2.Map.AreaChanged arg=Town
Town         (15, 19) → (15, 0)：路径 21 格，首=(15, 19)，尾=(15, 0)
    ✅ Town 路径首尾正确
    ✅ Town 路径每格都可走
[INFO ] [Map] MapGenWilderness: 树林 8 片 + 零散树 28 棵（共落 141+ 格）
[INFO ] [Map] MapGenWilderness: 岩石群 13 簇
[INFO ] [Map] MapGenWilderness: 尖刺栅栏 7 段
[INFO ] [Map] 连通性修整：填掉 16 格「从 (6, 29) 不可达的孤立口袋」（否则掉落/刷怪会落进死地）→ 地形改为 Rock
[INFO ] [Map] MapGenWilderness: 血腥荒野生成完成（size=64x58 seed=424242 出生点=(6, 29) 回城口=(0, 29) 洞穴入口=(63, 33)）
[INFO ] [Map] 连通性自检：从出生点 (6, 29) 可达 3246 格（可走共 3246），需可达目标 2 个，不可达 0 个
[INFO ] [Map] Generate 完成：area=BloodMoor(血腥荒野) requestedSeed=424242 effectiveSeed=424242 attempts=1 size=64x58 blocked=466 walkable=3246 timeMs=0.5
[INFO ] [Map] area=BloodMoor(血腥荒野) size=64x58 seed=424242 blocked=466 walkable=3246 timeMs=0.5 attempts=1 spawn=(6, 29) exits=2 caveEntrance=(63, 33) npc=0 monsterSpawns=0
[INFO ] [Map] DumpStats →
── MAP STATS ────────────────────────────────────────────────
  区域      : BloodMoor（血腥荒野）
  尺寸      : 64 x 58 = 3712 格
  seed      : 424242（重试次数 1）
  障碍数    : 466
  可走数    : 3246（87.4%）
  生成耗时  : 0.5 ms
  出生点    : (6, 29)
  出口      : 2 个 [0,29, 63,33]
  洞穴入口  : (63, 33)
  NPC 站位  : 0 个
  刷怪点    : 0 个
  地形哈希  : 5F31EA42E381729A
─────────────────────────────────────────────────────────────
[INFO ] [Map] DumpAscii hash=5F31EA42E381729A（同 seed 两次生成必须同哈希）
ASCII y=57→0  x=0→63   图例: ' '=图外/未生成 '.'=可走 '#'=障碍 'S'=出生点 'E'=出口 'C'=洞穴入口 'N'=NPC 'M'=刷怪点
057|################################################################
056|#..............................................................#
055|#..............................................................#
054|#....................................#####.....................#
053|#.....................................###..........#...........#
052|#...................................#######....................#
051|#....................................####....#.................#
050|#...............#.....................####.....................#
049|#......................#...............#.......................#
048|#..............#...............................................#
047|#..............#...............................................#
046|#..............#.......................................#.......#

[INFO ] [Map] BuildMinimap: area=BloodMoor 64x58 tiles=3712 markers=2
[EVENT] D2.Map.Generated arg=Diablo2.Def.MinimapArgs
[EVENT] D2.Map.AreaChanged arg=BloodMoor
BloodMoor    (6, 29) → (63, 33)：路径 58 格，首=(6, 29)，尾=(63, 33)
    ✅ BloodMoor 路径首尾正确
    ✅ BloodMoor 路径每格都可走
[INFO ] [Map] MapGenCave: 邪恶洞穴生成完成（size=52x47 seed=424242 rooms=8/8 出生点=(11, 7) 出口=(11, 2) 刷新点=27）
[INFO ] [Map] 连通性自检：从出生点 (11, 7) 可达 687 格（可走共 687），需可达目标 36 个，不可达 0 个
[INFO ] [Map] Generate 完成：area=DenOfEvil(邪恶洞穴) requestedSeed=424242 effectiveSeed=424242 attempts=1 size=52x47 blocked=1757 walkable=687 timeMs=0.2
[INFO ] [Map] area=DenOfEvil(邪恶洞穴) size=52x47 seed=424242 blocked=1757 walkable=687 timeMs=0.2 attempts=1 spawn=(11, 7) exits=1 caveEntrance=- npc=0 monsterSpawns=27
[INFO ] [Map] DumpStats →
── MAP STATS ────────────────────────────────────────────────
  区域      : DenOfEvil（邪恶洞穴）
  尺寸      : 52 x 47 = 2444 格
  seed      : 424242（重试次数 1）
  障碍数    : 1757
  可走数    : 687（28.1%）
  生成耗时  : 0.2 ms
  出生点    : (11, 7)
  出口      : 1 个 [11,2]
  洞穴入口  : -（本区域无）
  NPC 站位  : 0 个
  刷怪点    : 27 个 [32,3, 31,9, 31,3, 29,7, 42,8, 43,9, 43,6, 10,22, …]
  地形哈希  : 41CB21277F29B0F5
─────────────────────────────────────────────────────────────
[INFO ] [Map] DumpAscii hash=41CB21277F29B0F5（同 seed 两次生成必须同哈希）
ASCII y=46→0  x=0→51   图例: ' '=图外/未生成 '.'=可走 '#'=障碍 'S'=出生点 'E'=出口 'C'=洞穴入口 'N'=NPC 'M'=刷怪点
046|####################################################
045|####################################################
044|####.........#####...........#######################
043|####..M..M...#####.M.........#######################
042|####.........#####...........#######################
041|####.......................M.#######################
040|####...............M.........#######################
039|####....M....#####........M..#######################
038|####.......M.#####...........#######################
037|####.........#######################################
036|####.........#######################################
035|####.........#######################################

[INFO ] [Map] BuildMinimap: area=DenOfEvil 52x47 tiles=2444 markers=1
[EVENT] D2.Map.Generated arg=Diablo2.Def.MinimapArgs
[EVENT] D2.Map.AreaChanged arg=DenOfEvil
DenOfEvil    (11, 7) → (11, 2)：路径 6 格，首=(11, 7)，尾=(11, 2)
    ✅ DenOfEvil 路径首尾正确
    ✅ DenOfEvil 路径每格都可走

────────────────────────────────────────────────────────────
▶ 4. 连续生成 5 次血腥荒野（证明是真随机，不是固定图）
────────────────────────────────────────────────────────────
[INFO ] [Map] MapGenWilderness: 树林 6 片 + 零散树 22 棵（共落 165+ 格）
[INFO ] [Map] MapGenWilderness: 岩石群 17 簇
[INFO ] [Map] MapGenWilderness: 尖刺栅栏 6 段
[INFO ] [Map] 连通性修整：填掉 21 格「从 (6, 33) 不可达的孤立口袋」（否则掉落/刷怪会落进死地）→ 地形改为 Rock
[INFO ] [Map] MapGenWilderness: 血腥荒野生成完成（size=61x66 seed=1660538393 出生点=(6, 33) 回城口=(0, 33) 洞穴入口=(60, 29)）
[INFO ] [Map] 连通性自检：从出生点 (6, 33) 可达 3525 格（可走共 3525），需可达目标 2 个，不可达 0 个
[INFO ] [Map] Generate 完成：area=BloodMoor(血腥荒野) requestedSeed=1660538393 effectiveSeed=1660538393 attempts=1 size=61x66 blocked=501 walkable=3525 timeMs=0.5
[INFO ] [Map] area=BloodMoor(血腥荒野) size=61x66 seed=1660538393 blocked=501 walkable=3525 timeMs=0.5 attempts=1 spawn=(6, 33) exits=2 caveEntrance=(60, 29) npc=0 monsterSpawns=0
[INFO ] [Map] DumpStats →
── MAP STATS ────────────────────────────────────────────────
  区域      : BloodMoor（血腥荒野）
  尺寸      : 61 x 66 = 4026 格
  seed      : 1660538393（重试次数 1）
  障碍数    : 501
  可走数    : 3525（87.6%）
  生成耗时  : 0.5 ms
  出生点    : (6, 33)
  出口      : 2 个 [0,33, 60,29]
  洞穴入口  : (60, 29)
  NPC 站位  : 0 个
  刷怪点    : 0 个
  地形哈希  : 2EE1F7656D331BDA
─────────────────────────────────────────────────────────────
[INFO ] [Map] DumpAscii hash=2EE1F7656D331BDA（同 seed 两次生成必须同哈希）
ASCII y=65→0  x=0→60   图例: ' '=图外/未生成 '.'=可走 '#'=障碍 'S'=出生点 'E'=出口 'C'=洞穴入口 'N'=NPC 'M'=刷怪点
065|#############################################################
064|#...........................................................#
063|#...........................................................#
062|#...........................................................#
061|#...........................................................#
060|#..#........................................................#
059|#.#....#........#.................#...#.....................#
058|#....#####......#................................#..........#
057|#....#####......#.................................##........#
056|#...######....................................#######.......#
055|#....#####...#................................#######.......#
054|#.....##.#...................................########.......#

[INFO ] [Map] BuildMinimap: area=BloodMoor 61x66 tiles=4026 markers=2
[EVENT] D2.Map.Generated arg=Diablo2.Def.MinimapArgs
[EVENT] D2.Map.AreaChanged arg=BloodMoor
  第 1 次：seed=1660538393   size=61x66       障碍=501    可走=3525   洞穴入口=(60, 29) hash=2EE1F7656D331BDA
[INFO ] [Map] MapGenWilderness: 树林 10 片 + 零散树 20 棵（共落 234+ 格）
[INFO ] [Map] MapGenWilderness: 岩石群 17 簇
[INFO ] [Map] MapGenWilderness: 尖刺栅栏 7 段
[INFO ] [Map] 连通性修整：填掉 15 格「从 (6, 26) 不可达的孤立口袋」（否则掉落/刷怪会落进死地）→ 地形改为 Rock
[INFO ] [Map] MapGenWilderness: 血腥荒野生成完成（size=54x52 seed=-53798755 出生点=(6, 26) 回城口=(0, 26) 洞穴入口=(53, 25)）
[INFO ] [Map] 连通性自检：从出生点 (6, 26) 可达 2289 格（可走共 2289），需可达目标 2 个，不可达 0 个
[INFO ] [Map] Generate 完成：area=BloodMoor(血腥荒野) requestedSeed=-53798755 effectiveSeed=-53798755 attempts=1 size=54x52 blocked=519 walkable=2289 timeMs=0.6
[INFO ] [Map] area=BloodMoor(血腥荒野) size=54x52 seed=-53798755 blocked=519 walkable=2289 timeMs=0.6 attempts=1 spawn=(6, 26) exits=2 caveEntrance=(53, 25) npc=0 monsterSpawns=0
[INFO ] [Map] DumpStats →
── MAP STATS ────────────────────────────────────────────────
  区域      : BloodMoor（血腥荒野）
  尺寸      : 54 x 52 = 2808 格
  seed      : -53798755（重试次数 1）
  障碍数    : 519
  可走数    : 2289（81.5%）
  生成耗时  : 0.6 ms
  出生点    : (6, 26)
  出口      : 2 个 [0,26, 53,25]
  洞穴入口  : (53, 25)
  NPC 站位  : 0 个
  刷怪点    : 0 个
  地形哈希  : 8666A2E417AAF8C3
─────────────────────────────────────────────────────────────
[INFO ] [Map] DumpAscii hash=8666A2E417AAF8C3（同 seed 两次生成必须同哈希）
ASCII y=51→0  x=0→53   图例: ' '=图外/未生成 '.'=可走 '#'=障碍 'S'=出生点 'E'=出口 'C'=洞穴入口 'N'=NPC 'M'=刷怪点
051|######################################################
050|#....................................................#
049|#.................................#..................#
048|#................................##..................#
047|#...............................###..................#
046|#.........................#......###.................#
045|#...#.............#.......#.......#..................#
044|#..####...................#..........................#
043|#.######.........#........#..........................#
042|#.######..#...................#......................#
041|#.#######.##.........................................#
040|#..##########..#.....................................#

[INFO ] [Map] BuildMinimap: area=BloodMoor 54x52 tiles=2808 markers=2
[EVENT] D2.Map.Generated arg=Diablo2.Def.MinimapArgs
[EVENT] D2.Map.AreaChanged arg=BloodMoor
  第 2 次：seed=-53798755    size=54x52       障碍=519    可走=2289   洞穴入口=(53, 25) hash=8666A2E417AAF8C3
[INFO ] [Map] MapGenWilderness: 树林 9 片 + 零散树 31 棵（共落 214+ 格）
[INFO ] [Map] MapGenWilderness: 岩石群 16 簇
[INFO ] [Map] MapGenWilderness: 尖刺栅栏 7 段
[INFO ] [Map] 连通性修整：填掉 15 格「从 (6, 31) 不可达的孤立口袋」（否则掉落/刷怪会落进死地）→ 地形改为 Rock
[INFO ] [Map] MapGenWilderness: 血腥荒野生成完成（size=48x62 seed=1586512456 出生点=(6, 31) 回城口=(0, 31) 洞穴入口=(47, 28)）
[INFO ] [Map] 连通性自检：从出生点 (6, 31) 可达 2465 格（可走共 2465），需可达目标 2 个，不可达 0 个
[INFO ] [Map] Generate 完成：area=BloodMoor(血腥荒野) requestedSeed=1586512456 effectiveSeed=1586512456 attempts=1 size=48x62 blocked=511 walkable=2465 timeMs=0.6
[INFO ] [Map] area=BloodMoor(血腥荒野) size=48x62 seed=1586512456 blocked=511 walkable=2465 timeMs=0.6 attempts=1 spawn=(6, 31) exits=2 caveEntrance=(47, 28) npc=0 monsterSpawns=0
[INFO ] [Map] DumpStats →
── MAP STATS ────────────────────────────────────────────────
  区域      : BloodMoor（血腥荒野）
  尺寸      : 48 x 62 = 2976 格
  seed      : 1586512456（重试次数 1）
  障碍数    : 511
  可走数    : 2465（82.8%）
  生成耗时  : 0.6 ms
  出生点    : (6, 31)
  出口      : 2 个 [0,31, 47,28]
  洞穴入口  : (47, 28)
  NPC 站位  : 0 个
  刷怪点    : 0 个
  地形哈希  : CE43B06201F50DBC
─────────────────────────────────────────────────────────────
[INFO ] [Map] DumpAscii hash=CE43B06201F50DBC（同 seed 两次生成必须同哈希）
ASCII y=61→0  x=0→47   图例: ' '=图外/未生成 '.'=可走 '#'=障碍 'S'=出生点 'E'=出口 'C'=洞穴入口 'N'=NPC 'M'=刷怪点
061|################################################
060|#..............................................#
059|#............#.......#.........................#
058|#...........####...#.......................#...#
057|#.....###..######.....................#........#
056|#..........######..............................#
055|#........#.########.#..........................#
054|#.........#########....#....#..................#
053|#.........##########...........................#
052|#....#.....########............................#
051|#..####..#..#######............................#
050|#......#####.#####.........................#...#

[INFO ] [Map] BuildMinimap: area=BloodMoor 48x62 tiles=2976 markers=2
[EVENT] D2.Map.Generated arg=Diablo2.Def.MinimapArgs
[EVENT] D2.Map.AreaChanged arg=BloodMoor
  第 3 次：seed=1586512456   size=48x62       障碍=511    可走=2465   洞穴入口=(47, 28) hash=CE43B06201F50DBC
[INFO ] [Map] MapGenWilderness: 树林 10 片 + 零散树 32 棵（共落 210+ 格）
[INFO ] [Map] MapGenWilderness: 岩石群 14 簇
[INFO ] [Map] MapGenWilderness: 尖刺栅栏 4 段
[INFO ] [Map] 连通性修整：填掉 25 格「从 (6, 31) 不可达的孤立口袋」（否则掉落/刷怪会落进死地）→ 地形改为 Rock
[INFO ] [Map] MapGenWilderness: 血腥荒野生成完成（size=58x62 seed=-1180207972 出生点=(6, 31) 回城口=(0, 31) 洞穴入口=(57, 31)）
[INFO ] [Map] 连通性自检：从出生点 (6, 31) 可达 3061 格（可走共 3061），需可达目标 2 个，不可达 0 个
[INFO ] [Map] Generate 完成：area=BloodMoor(血腥荒野) requestedSeed=-1180207972 effectiveSeed=-1180207972 attempts=1 size=58x62 blocked=535 walkable=3061 timeMs=0.8
[INFO ] [Map] area=BloodMoor(血腥荒野) size=58x62 seed=-1180207972 blocked=535 walkable=3061 timeMs=0.8 attempts=1 spawn=(6, 31) exits=2 caveEntrance=(57, 31) npc=0 monsterSpawns=0
[INFO ] [Map] DumpStats →
── MAP STATS ────────────────────────────────────────────────
  区域      : BloodMoor（血腥荒野）
  尺寸      : 58 x 62 = 3596 格
  seed      : -1180207972（重试次数 1）
  障碍数    : 535
  可走数    : 3061（85.1%）
  生成耗时  : 0.8 ms
  出生点    : (6, 31)
  出口      : 2 个 [0,31, 57,31]
  洞穴入口  : (57, 31)
  NPC 站位  : 0 个
  刷怪点    : 0 个
  地形哈希  : F8B033C3B47822E2
─────────────────────────────────────────────────────────────
[INFO ] [Map] DumpAscii hash=F8B033C3B47822E2（同 seed 两次生成必须同哈希）
ASCII y=61→0  x=0→57   图例: ' '=图外/未生成 '.'=可走 '#'=障碍 'S'=出生点 'E'=出口 'C'=洞穴入口 'N'=NPC 'M'=刷怪点
061|##########################################################
060|#........................................................#
059|#...##.#####.##..........................................#
058|#...##.#########........................#......#.........#
057|#..###.########..........................................#
056|#...##.######............................................#
055|#...#.#.#######..........................................#
054|#.....#...#####..........................................#
053|#........#######.........................................#
052|#........######..........................................#
051|#.........####..................#........................#
050|#...........#.......................##...................#

[INFO ] [Map] BuildMinimap: area=BloodMoor 58x62 tiles=3596 markers=2
[EVENT] D2.Map.Generated arg=Diablo2.Def.MinimapArgs
[EVENT] D2.Map.AreaChanged arg=BloodMoor
  第 4 次：seed=-1180207972  size=58x62       障碍=535    可走=3061   洞穴入口=(57, 31) hash=F8B033C3B47822E2
[INFO ] [Map] MapGenWilderness: 树林 6 片 + 零散树 39 棵（共落 114+ 格）
[INFO ] [Map] MapGenWilderness: 岩石群 13 簇
[INFO ] [Map] MapGenWilderness: 尖刺栅栏 4 段
[INFO ] [Map] 连通性修整：填掉 8 格「从 (6, 38) 不可达的孤立口袋」（否则掉落/刷怪会落进死地）→ 地形改为 Rock
[INFO ] [Map] MapGenWilderness: 血腥荒野生成完成（size=71x76 seed=467566759 出生点=(6, 38) 回城口=(0, 38) 洞穴入口=(70, 32)）
[INFO ] [Map] 连通性自检：从出生点 (6, 38) 可达 4904 格（可走共 4904），需可达目标 2 个，不可达 0 个
[INFO ] [Map] Generate 完成：area=BloodMoor(血腥荒野) requestedSeed=467566759 effectiveSeed=467566759 attempts=1 size=71x76 blocked=492 walkable=4904 timeMs=0.6
[INFO ] [Map] area=BloodMoor(血腥荒野) size=71x76 seed=467566759 blocked=492 walkable=4904 timeMs=0.6 attempts=1 spawn=(6, 38) exits=2 caveEntrance=(70, 32) npc=0 monsterSpawns=0
[INFO ] [Map] DumpStats →
── MAP STATS ────────────────────────────────────────────────
  区域      : BloodMoor（血腥荒野）
  尺寸      : 71 x 76 = 5396 格
  seed      : 467566759（重试次数 1）
  障碍数    : 492
  可走数    : 4904（90.9%）
  生成耗时  : 0.6 ms
  出生点    : (6, 38)
  出口      : 2 个 [0,38, 70,32]
  洞穴入口  : (70, 32)
  NPC 站位  : 0 个
  刷怪点    : 0 个
  地形哈希  : A90C7A0AD80A1124
─────────────────────────────────────────────────────────────
[INFO ] [Map] DumpAscii hash=A90C7A0AD80A1124（同 seed 两次生成必须同哈希）
ASCII y=75→0  x=0→70   图例: ' '=图外/未生成 '.'=可走 '#'=障碍 'S'=出生点 'E'=出口 'C'=洞穴入口 'N'=NPC 'M'=刷怪点
075|#######################################################################
074|#.....................................................................#
073|#..........................#.####.....................................#
072|#........................#.#######....................................#
071|#.........................#######.....................................#
070|#.........................##.####.....#...............................#
069|#..........................#.#.#......................................#
068|#............................#........................................#
067|#.....................................................................#
066|#.......................................###...........................#
065|#.......................................####..........................#
064|#....#....#........................#....###.##........................#

[INFO ] [Map] BuildMinimap: area=BloodMoor 71x76 tiles=5396 markers=2
[EVENT] D2.Map.Generated arg=Diablo2.Def.MinimapArgs
[EVENT] D2.Map.AreaChanged arg=BloodMoor
  第 5 次：seed=467566759    size=71x76       障碍=492    可走=4904   洞穴入口=(70, 32) hash=A90C7A0AD80A1124
  ⇒ 不同 seed 5/5，不同障碍数 5/5，不同尺寸 5/5
    ✅ 5 次 seed 互不相同
    ✅ 障碍数不同（≥4/5 种取值）

────────────────────────────────────────────────────────────
▶ 5. NPC 点 / Exit 点 / 洞穴入口点 / 怪物刷新点的确切 API 与取值
────────────────────────────────────────────────────────────
接口：Diablo2.Module.IMapModule（Module/Contracts.cs，冻结）
  Vector2Int SpawnPoint { get; }                      出生点
  IReadOnlyList<Vector2Int> Exits { get; }            出口格（TileKind.Exit）
  Vector2Int? CaveEntrance { get; }                   洞穴入口（仅血腥荒野非 null）
  IReadOnlyList<Vector2Int> NpcPoints { get; }        城镇 NPC 站位，下标 = (int)Def.NpcId
  IReadOnlyList<Vector2Int> MonsterSpawns { get; }    怪物刷新点（仅邪恶洞穴非空）
  List<Vector2Int> FindPath(Vector2Int from, Vector2Int to)
  Vector2Int RandomWalkableTile(Core.Rng rng)

[INFO ] [Map] MapGenTown: 罗格营地固定布局完成（栅栏边界 / 2 个出城口 / 5 个 NPC / 出生点 (15, 19)）
[INFO ] [Map] 连通性自检：从出生点 (15, 19) 可达 809 格（可走共 809），需可达目标 7 个，不可达 0 个
[INFO ] [Map] Generate 完成：area=Town(罗格营地) requestedSeed=111 effectiveSeed=111 attempts=1 size=32x32 blocked=215 walkable=809 timeMs=0.4
[INFO ] [Map] area=Town(罗格营地) size=32x32 seed=111 blocked=215 walkable=809 timeMs=0.4 attempts=1 spawn=(15, 19) exits=2 caveEntrance=- npc=5 monsterSpawns=0
[INFO ] [Map] DumpStats →
── MAP STATS ────────────────────────────────────────────────
  区域      : Town（罗格营地）
  尺寸      : 32 x 32 = 1024 格
  seed      : 111（重试次数 1）
  障碍数    : 215
  可走数    : 809（79.0%）
  生成耗时  : 0.4 ms
  出生点    : (15, 19)
  出口      : 2 个 [15,0, 16,0]
  洞穴入口  : -（本区域无）
  NPC 站位  : 5 个 [14,7, 8,11, 22,8, 24,17, 17,4]
  刷怪点    : 0 个
  地形哈希  : F49AB4344E3D0D0A
─────────────────────────────────────────────────────────────
[INFO ] [Map] DumpAscii hash=F49AB4344E3D0D0A（同 seed 两次生成必须同哈希）
ASCII y=31→0  x=0→31   图例: ' '=图外/未生成 '.'=可走 '#'=障碍 'S'=出生点 'E'=出口 'C'=洞穴入口 'N'=NPC 'M'=刷怪点
031|################################
030|#..............................#
029|#..............................#
028|#...........#......#...........#
027|#........###...................#
026|#..#.....###................#..#
025|#..............................#
024|#..............................#
023|#........................##....#
022|#...................###..##....#
021|#...................###........#
020|#..............................#

[INFO ] [Map] BuildMinimap: area=Town 32x32 tiles=1024 markers=7
[EVENT] D2.Map.Generated arg=Diablo2.Def.MinimapArgs
[EVENT] D2.Map.AreaChanged arg=Town
罗格营地：出生点=(15, 19)
  出口 2 个 → [(15, 0), (16, 0)]
  NPC 5 个（下标 = NpcId）→
      [0] Akara    → NpcPoints[0] = (14, 7)
      [1] Kashya   → NpcPoints[1] = (8, 11)
      [2] Charsi   → NpcPoints[2] = (22, 8)
      [3] Gheed    → NpcPoints[3] = (24, 17)
      [4] Warriv   → NpcPoints[4] = (17, 4)
  怪物刷新点 = 0 个（契约：城镇为空）
  洞穴入口 = null

[INFO ] [Map] MapGenWilderness: 树林 10 片 + 零散树 22 棵（共落 258+ 格）
[INFO ] [Map] MapGenWilderness: 岩石群 12 簇
[INFO ] [Map] MapGenWilderness: 尖刺栅栏 5 段
[INFO ] [Map] 连通性修整：填掉 21 格「从 (6, 39) 不可达的孤立口袋」（否则掉落/刷怪会落进死地）→ 地形改为 Rock
[INFO ] [Map] MapGenWilderness: 血腥荒野生成完成（size=71x79 seed=222 出生点=(6, 39) 回城口=(0, 39) 洞穴入口=(70, 45)）
[INFO ] [Map] 连通性自检：从出生点 (6, 39) 可达 4982 格（可走共 4982），需可达目标 2 个，不可达 0 个
[INFO ] [Map] Generate 完成：area=BloodMoor(血腥荒野) requestedSeed=222 effectiveSeed=222 attempts=1 size=71x79 blocked=627 walkable=4982 timeMs=0.6
[INFO ] [Map] area=BloodMoor(血腥荒野) size=71x79 seed=222 blocked=627 walkable=4982 timeMs=0.6 attempts=1 spawn=(6, 39) exits=2 caveEntrance=(70, 45) npc=0 monsterSpawns=0
[INFO ] [Map] DumpStats →
── MAP STATS ────────────────────────────────────────────────
  区域      : BloodMoor（血腥荒野）
  尺寸      : 71 x 79 = 5609 格
  seed      : 222（重试次数 1）
  障碍数    : 627
  可走数    : 4982（88.8%）
  生成耗时  : 0.6 ms
  出生点    : (6, 39)
  出口      : 2 个 [0,39, 70,45]
  洞穴入口  : (70, 45)
  NPC 站位  : 0 个
  刷怪点    : 0 个
  地形哈希  : 77CB6BF8AE080F1F
─────────────────────────────────────────────────────────────
[INFO ] [Map] DumpAscii hash=77CB6BF8AE080F1F（同 seed 两次生成必须同哈希）
ASCII y=78→0  x=0→70   图例: ' '=图外/未生成 '.'=可走 '#'=障碍 'S'=出生点 'E'=出口 'C'=洞穴入口 'N'=NPC 'M'=刷怪点
078|#######################################################################
077|#.....................................................................#
076|#....................................................######...........#
075|#...........................#..................#...#######.#..........#
074|#...................................................######............#
073|#...................................................###.###...........#
072|#...............................................#....#..##............#
071|#.....................................................................#
070|#........#.#..........................................................#
069|#...#.....#...........................................................#
068|#........##...............................#...........................#
067|#...#.................................................................#

[INFO ] [Map] BuildMinimap: area=BloodMoor 71x79 tiles=5609 markers=2
[EVENT] D2.Map.Generated arg=Diablo2.Def.MinimapArgs
[EVENT] D2.Map.AreaChanged arg=BloodMoor
血腥荒野：出生点=(6, 39)  出口 2 个 → [(0, 39), (70, 45)]
  CaveEntrance = (70, 45)（= Exits[1]=(70, 45)）
  怪物刷新点 = 0 个（契约：野外为空 ⇒ MonsterModule 用 RandomWalkableTile 撒点）

[INFO ] [Map] MapGenCave: 邪恶洞穴生成完成（size=57x53 seed=333 rooms=7/7 出生点=(10, 6) 出口=(10, 1) 刷新点=24）
[INFO ] [Map] 连通性自检：从出生点 (10, 6) 可达 721 格（可走共 721），需可达目标 32 个，不可达 0 个
[INFO ] [Map] Generate 完成：area=DenOfEvil(邪恶洞穴) requestedSeed=333 effectiveSeed=333 attempts=1 size=57x53 blocked=2300 walkable=721 timeMs=0.2
[INFO ] [Map] area=DenOfEvil(邪恶洞穴) size=57x53 seed=333 blocked=2300 walkable=721 timeMs=0.2 attempts=1 spawn=(10, 6) exits=1 caveEntrance=- npc=0 monsterSpawns=24
[INFO ] [Map] DumpStats →
── MAP STATS ────────────────────────────────────────────────
  区域      : DenOfEvil（邪恶洞穴）
  尺寸      : 57 x 53 = 3021 格
  seed      : 333（重试次数 1）
  障碍数    : 2300
  可走数    : 721（23.9%）
  生成耗时  : 0.2 ms
  出生点    : (10, 6)
  出口      : 1 个 [10,1]
  洞穴入口  : -（本区域无）
  NPC 站位  : 0 个
  刷怪点    : 24 个 [22,11, 28,10, 21,11, 26,11, 48,3, 52,7, 49,9, 48,4, …]
  地形哈希  : 0331F3737E2CFA9F
─────────────────────────────────────────────────────────────
[INFO ] [Map] DumpAscii hash=0331F3737E2CFA9F（同 seed 两次生成必须同哈希）
ASCII y=52→0  x=0→56   图例: ' '=图外/未生成 '.'=可走 '#'=障碍 'S'=出生点 'E'=出口 'C'=洞穴入口 'N'=NPC 'M'=刷怪点
052|#########################################################
051|#########################################################
050|#########################################################
049|#########################################################
048|#########################################################
047|#########################################################
046|#########################################################
045|#########################################################
044|#########################################################
043|####......###############################################
042|####......###############################################
041|####......###############################################

[INFO ] [Map] BuildMinimap: area=DenOfEvil 57x53 tiles=3021 markers=1
[EVENT] D2.Map.Generated arg=Diablo2.Def.MinimapArgs
[EVENT] D2.Map.AreaChanged arg=DenOfEvil
邪恶洞穴：出生点=(10, 6)  出口 1 个 → [(10, 1)]
  怪物刷新点 24 个 → [(22, 11), (28, 10), (21, 11), (26, 11), (48, 3), (52, 7), (49, 9), (48, 4), (5, 25), (13, 25), (5, 31), (14, 31), (28, 21), (27, 24), (31, 21), (29, 21), (50, 21), (51, 26), (48, 26), (48, 21), (7, 38), (6, 37), (6, 39), (8, 39)]
  CaveEntrance = null（契约：仅血腥荒野有效）
    ✅ RandomWalkableTile 200 次抽样全部落在可走格上

────────────────────────────────────────────────────────────
▶ 6. 不变量 + 全图 ASCII 转储（供人工读图核对）
────────────────────────────────────────────────────────────
[INFO ] [Map] MapGenTown: 罗格营地固定布局完成（栅栏边界 / 2 个出城口 / 5 个 NPC / 出生点 (15, 19)）
[INFO ] [Map] 连通性自检：从出生点 (15, 19) 可达 809 格（可走共 809），需可达目标 7 个，不可达 0 个
[INFO ] [Map] Generate 完成：area=Town(罗格营地) requestedSeed=20250916 effectiveSeed=20250916 attempts=1 size=32x32 blocked=215 walkable=809 timeMs=0.3
[INFO ] [Map] area=Town(罗格营地) size=32x32 seed=20250916 blocked=215 walkable=809 timeMs=0.3 attempts=1 spawn=(15, 19) exits=2 caveEntrance=- npc=5 monsterSpawns=0
[INFO ] [Map] DumpStats →
── MAP STATS ────────────────────────────────────────────────
  区域      : Town（罗格营地）
  尺寸      : 32 x 32 = 1024 格
  seed      : 20250916（重试次数 1）
  障碍数    : 215
  可走数    : 809（79.0%）
  生成耗时  : 0.3 ms
  出生点    : (15, 19)
  出口      : 2 个 [15,0, 16,0]
  洞穴入口  : -（本区域无）
  NPC 站位  : 5 个 [14,7, 8,11, 22,8, 24,17, 17,4]
  刷怪点    : 0 个
  地形哈希  : F49AB4344E3D0D0A
─────────────────────────────────────────────────────────────
[INFO ] [Map] DumpAscii hash=F49AB4344E3D0D0A（同 seed 两次生成必须同哈希）
ASCII y=31→0  x=0→31   图例: ' '=图外/未生成 '.'=可走 '#'=障碍 'S'=出生点 'E'=出口 'C'=洞穴入口 'N'=NPC 'M'=刷怪点
031|################################
030|#..............................#
029|#..............................#
028|#...........#......#...........#
027|#........###...................#
026|#..#.....###................#..#
025|#..............................#
024|#..............................#
023|#........................##....#
022|#...................###..##....#
021|#...................###........#
020|#..............................#

[INFO ] [Map] BuildMinimap: area=Town 32x32 tiles=1024 markers=7
[EVENT] D2.Map.Generated arg=Diablo2.Def.MinimapArgs
[EVENT] D2.Map.AreaChanged arg=Town
  已写出 C:\Work\Server\full-dev\clover-project-diablo2\tools\_maps\Town.txt
    ✅ Town Walkable() 与 TileKindInfo 判定一致
    ✅ Town 障碍+可走 == 总格数
    ✅ Town 出生点 3×3 全部可走
    ✅ Town 每个出口都是 TileKind.Exit 且可走
    ✅ Town 每个刷怪点都可走
    ✅ Town 每个 NPC 站位都可走
  Town: 出口=2 NPC=5 刷怪点=0 土路=0 格
[INFO ] [Map] MapGenWilderness: 树林 8 片 + 零散树 35 棵（共落 226+ 格）
[INFO ] [Map] MapGenWilderness: 岩石群 15 簇
[INFO ] [Map] MapGenWilderness: 尖刺栅栏 4 段
[INFO ] [Map] 连通性修整：填掉 17 格「从 (6, 33) 不可达的孤立口袋」（否则掉落/刷怪会落进死地）→ 地形改为 Rock
[INFO ] [Map] MapGenWilderness: 血腥荒野生成完成（size=77x67 seed=20250916 出生点=(6, 33) 回城口=(0, 33) 洞穴入口=(76, 38)）
[INFO ] [Map] 连通性自检：从出生点 (6, 33) 可达 4562 格（可走共 4562），需可达目标 2 个，不可达 0 个
[INFO ] [Map] Generate 完成：area=BloodMoor(血腥荒野) requestedSeed=20250916 effectiveSeed=20250916 attempts=1 size=77x67 blocked=597 walkable=4562 timeMs=0.7
[INFO ] [Map] area=BloodMoor(血腥荒野) size=77x67 seed=20250916 blocked=597 walkable=4562 timeMs=0.7 attempts=1 spawn=(6, 33) exits=2 caveEntrance=(76, 38) npc=0 monsterSpawns=0
[INFO ] [Map] DumpStats →
── MAP STATS ────────────────────────────────────────────────
  区域      : BloodMoor（血腥荒野）
  尺寸      : 77 x 67 = 5159 格
  seed      : 20250916（重试次数 1）
  障碍数    : 597
  可走数    : 4562（88.4%）
  生成耗时  : 0.7 ms
  出生点    : (6, 33)
  出口      : 2 个 [0,33, 76,38]
  洞穴入口  : (76, 38)
  NPC 站位  : 0 个
  刷怪点    : 0 个
  地形哈希  : 6F6A8F2B2E537171
─────────────────────────────────────────────────────────────
[INFO ] [Map] DumpAscii hash=6F6A8F2B2E537171（同 seed 两次生成必须同哈希）
ASCII y=66→0  x=0→76   图例: ' '=图外/未生成 '.'=可走 '#'=障碍 'S'=出生点 'E'=出口 'C'=洞穴入口 'N'=NPC 'M'=刷怪点
066|#############################################################################
065|#...........................................................................#
064|#...........................................................................#
063|#.........#..................................................#..............#
062|#...........................................................................#
061|#........................................................................#..#
060|#...........................................................................#
059|#...........................................................................#
058|#..................#..............#.........................................#
057|#.................................#...................................#.....#
056|#......#....................................................................#
055|#.....###...................................................................#

[INFO ] [Map] BuildMinimap: area=BloodMoor 77x67 tiles=5159 markers=2
[EVENT] D2.Map.Generated arg=Diablo2.Def.MinimapArgs
[EVENT] D2.Map.AreaChanged arg=BloodMoor
  已写出 C:\Work\Server\full-dev\clover-project-diablo2\tools\_maps\BloodMoor.txt
    ✅ BloodMoor Walkable() 与 TileKindInfo 判定一致
    ✅ BloodMoor 障碍+可走 == 总格数
    ✅ BloodMoor 出生点 3×3 全部可走
    ✅ BloodMoor 每个出口都是 TileKind.Exit 且可走
    ✅ BloodMoor 每个刷怪点都可走
    ✅ BloodMoor 每个 NPC 站位都可走
  BloodMoor: 出口=2 NPC=0 刷怪点=0 土路=78 格
[INFO ] [Map] MapGenCave: 邪恶洞穴生成完成（size=62x54 seed=20250916 rooms=9/9 出生点=(11, 9) 出口=(11, 3) 刷新点=28）
[INFO ] [Map] 连通性自检：从出生点 (11, 9) 可达 946 格（可走共 946），需可达目标 38 个，不可达 0 个
[INFO ] [Map] Generate 完成：area=DenOfEvil(邪恶洞穴) requestedSeed=20250916 effectiveSeed=20250916 attempts=1 size=62x54 blocked=2402 walkable=946 timeMs=0.3
[INFO ] [Map] area=DenOfEvil(邪恶洞穴) size=62x54 seed=20250916 blocked=2402 walkable=946 timeMs=0.3 attempts=1 spawn=(11, 9) exits=1 caveEntrance=- npc=0 monsterSpawns=28
[INFO ] [Map] DumpStats →
── MAP STATS ────────────────────────────────────────────────
  区域      : DenOfEvil（邪恶洞穴）
  尺寸      : 62 x 54 = 3348 格
  seed      : 20250916（重试次数 1）
  障碍数    : 2402
  可走数    : 946（28.3%）
  生成耗时  : 0.3 ms
  出生点    : (11, 9)
  出口      : 1 个 [11,3]
  洞穴入口  : -（本区域无）
  NPC 站位  : 0 个
  刷怪点    : 28 个 [35,6, 32,6, 32,7, 46,9, 45,8, 48,6, 7,29, 6,31, …]
  地形哈希  : 16AC25A3102E25D1
─────────────────────────────────────────────────────────────
[INFO ] [Map] DumpAscii hash=16AC25A3102E25D1（同 seed 两次生成必须同哈希）
ASCII y=53→0  x=0→61   图例: ' '=图外/未生成 '.'=可走 '#'=障碍 'S'=出生点 'E'=出口 'C'=洞穴入口 'N'=NPC 'M'=刷怪点
053|##############################################################
052|##############################################################
051|#####################.............############################
050|######.........######.............############################
049|######....M....######..........M..############################
048|######.......M.######.M...........############################
047|######...................................................#####
046|######.......M..............M........................M.M.#####
045|######....M....######.............###############........#####
044|######.........######.............###############.....M..#####
043|######.........######.............###############........#####
042|######.........######...........M.###############.M......#####

[INFO ] [Map] BuildMinimap: area=DenOfEvil 62x54 tiles=3348 markers=1
[EVENT] D2.Map.Generated arg=Diablo2.Def.MinimapArgs
[EVENT] D2.Map.AreaChanged arg=DenOfEvil
  已写出 C:\Work\Server\full-dev\clover-project-diablo2\tools\_maps\DenOfEvil.txt
    ✅ DenOfEvil Walkable() 与 TileKindInfo 判定一致
    ✅ DenOfEvil 障碍+可走 == 总格数
    ✅ DenOfEvil 出生点 3×3 全部可走
    ✅ DenOfEvil 每个出口都是 TileKind.Exit 且可走
    ✅ DenOfEvil 每个刷怪点都可走
    ✅ DenOfEvil 每个 NPC 站位都可走
  DenOfEvil: 出口=1 NPC=0 刷怪点=28 土路=0 格
[INFO ] [Map] MapGenWilderness: 树林 8 片 + 零散树 35 棵（共落 226+ 格）
[INFO ] [Map] MapGenWilderness: 岩石群 15 簇
[INFO ] [Map] MapGenWilderness: 尖刺栅栏 4 段
[INFO ] [Map] 连通性修整：填掉 17 格「从 (6, 33) 不可达的孤立口袋」（否则掉落/刷怪会落进死地）→ 地形改为 Rock
[INFO ] [Map] MapGenWilderness: 血腥荒野生成完成（size=77x67 seed=20250916 出生点=(6, 33) 回城口=(0, 33) 洞穴入口=(76, 38)）
[INFO ] [Map] 连通性自检：从出生点 (6, 33) 可达 4562 格（可走共 4562），需可达目标 2 个，不可达 0 个
[INFO ] [Map] Generate 完成：area=BloodMoor(血腥荒野) requestedSeed=20250916 effectiveSeed=20250916 attempts=1 size=77x67 blocked=597 walkable=4562 timeMs=0.9
[INFO ] [Map] area=BloodMoor(血腥荒野) size=77x67 seed=20250916 blocked=597 walkable=4562 timeMs=0.9 attempts=1 spawn=(6, 33) exits=2 caveEntrance=(76, 38) npc=0 monsterSpawns=0
[INFO ] [Map] DumpStats →
── MAP STATS ────────────────────────────────────────────────
  区域      : BloodMoor（血腥荒野）
  尺寸      : 77 x 67 = 5159 格
  seed      : 20250916（重试次数 1）
  障碍数    : 597
  可走数    : 4562（88.4%）
  生成耗时  : 0.9 ms
  出生点    : (6, 33)
  出口      : 2 个 [0,33, 76,38]
  洞穴入口  : (76, 38)
  NPC 站位  : 0 个
  刷怪点    : 0 个
  地形哈希  : 6F6A8F2B2E537171
─────────────────────────────────────────────────────────────
[INFO ] [Map] DumpAscii hash=6F6A8F2B2E537171（同 seed 两次生成必须同哈希）
ASCII y=66→0  x=0→76   图例: ' '=图外/未生成 '.'=可走 '#'=障碍 'S'=出生点 'E'=出口 'C'=洞穴入口 'N'=NPC 'M'=刷怪点
066|#############################################################################
065|#...........................................................................#
064|#...........................................................................#
063|#.........#..................................................#..............#
062|#...........................................................................#
061|#........................................................................#..#
060|#...........................................................................#
059|#...........................................................................#
058|#..................#..............#.........................................#
057|#.................................#...................................#.....#
056|#......#....................................................................#
055|#.....###...................................................................#

[INFO ] [Map] BuildMinimap: area=BloodMoor 77x67 tiles=5159 markers=2
[EVENT] D2.Map.Generated arg=Diablo2.Def.MinimapArgs
[EVENT] D2.Map.AreaChanged arg=BloodMoor
    ✅ 血腥荒野存在蜿蜒土路（78 格 Road）

────────────────────────────────────────────────────────────
▶ 7. 失败路径：逼出「N 次重试 + Warn + 保底布局」
────────────────────────────────────────────────────────────
（用一个**未登记的区域 id** 让每次尝试都失败，从而真的跑一遍重试与兜底）
[ERROR] [Map] TryBuild: 未登记的区域 99（契约只定义 Town/BloodMoor/DenOfEvil）
[WARN ] [Map] Generate 第 1/8 次失败（seed=777）：未登记的区域 99 ⇒ 换 seed 重生成
[ERROR] [Map] TryBuild: 未登记的区域 99（契约只定义 Town/BloodMoor/DenOfEvil）
[WARN ] [Map] Generate 第 2/8 次失败（seed=8696）：未登记的区域 99 ⇒ 换 seed 重生成
[ERROR] [Map] TryBuild: 未登记的区域 99（契约只定义 Town/BloodMoor/DenOfEvil）
[WARN ] [Map] Generate 第 3/8 次失败（seed=16615）：未登记的区域 99 ⇒ 换 seed 重生成
[ERROR] [Map] TryBuild: 未登记的区域 99（契约只定义 Town/BloodMoor/DenOfEvil）
[WARN ] [Map] Generate 第 4/8 次失败（seed=24534）：未登记的区域 99 ⇒ 换 seed 重生成
[ERROR] [Map] TryBuild: 未登记的区域 99（契约只定义 Town/BloodMoor/DenOfEvil）
[WARN ] [Map] Generate 第 5/8 次失败（seed=32453）：未登记的区域 99 ⇒ 换 seed 重生成
[ERROR] [Map] TryBuild: 未登记的区域 99（契约只定义 Town/BloodMoor/DenOfEvil）
[WARN ] [Map] Generate 第 6/8 次失败（seed=40372）：未登记的区域 99 ⇒ 换 seed 重生成
[ERROR] [Map] TryBuild: 未登记的区域 99（契约只定义 Town/BloodMoor/DenOfEvil）
[WARN ] [Map] Generate 第 7/8 次失败（seed=48291）：未登记的区域 99 ⇒ 换 seed 重生成
[ERROR] [Map] TryBuild: 未登记的区域 99（契约只定义 Town/BloodMoor/DenOfEvil）
[WARN ] [Map] Generate 第 8/8 次失败（seed=56210）：未登记的区域 99 ⇒ 换 seed 重生成
[WARN ] [Map] Generate: 连续 8 次失败（area=99 seed=777），改用**保底布局**（保证可玩：开阔地形 + 1 个出口 + 干净出生点）
[WARN ] [Map] BuildFallback: 已铺设保底布局（area=99 size=32x32 seed=1600085078 出口=1 出生点=(16, 16)）
[WARN ] [Map] AreaLabel: 未登记的区域 99，按 Unknown 输出
[INFO ] [Map] Generate 完成：area=99(Unknown) requestedSeed=777 effectiveSeed=1600085078 attempts=8 size=32x32 blocked=123 walkable=901 timeMs=1.0
[WARN ] [Map] AreaLabel: 未登记的区域 99，按 Unknown 输出
[INFO ] [Map] area=99(Unknown) size=32x32 seed=1600085078 blocked=123 walkable=901 timeMs=1.0 attempts=8 spawn=(16, 16) exits=1 caveEntrance=- npc=0 monsterSpawns=0
[WARN ] [Map] AreaLabel: 未登记的区域 99，按 Unknown 输出
[INFO ] [Map] DumpStats →
── MAP STATS ────────────────────────────────────────────────
  区域      : 99（Unknown）
  尺寸      : 32 x 32 = 1024 格
  seed      : 1600085078（重试次数 8）
  障碍数    : 123
  可走数    : 901（88.0%）
  生成耗时  : 1.0 ms
  出生点    : (16, 16)
  出口      : 1 个 [16,0]
  洞穴入口  : -（本区域无）
  NPC 站位  : 0 个
  刷怪点    : 0 个
  地形哈希  : C0278B817EFCCFC3
─────────────────────────────────────────────────────────────
[INFO ] [Map] DumpAscii hash=C0278B817EFCCFC3（同 seed 两次生成必须同哈希）
ASCII y=31→0  x=0→31   图例: ' '=图外/未生成 '.'=可走 '#'=障碍 'S'=出生点 'E'=出口 'C'=洞穴入口 'N'=NPC 'M'=刷怪点
031|################################
030|#..............................#
029|#..............................#
028|#..............................#
027|#..............................#
026|#..............................#
025|#..............................#
024|#..............................#
023|#..............................#
022|#..............................#
021|#..............................#
020|#..............................#

[INFO ] [Map] BuildMinimap: area=99 32x32 tiles=1024 markers=1
[EVENT] D2.Map.Generated arg=Diablo2.Def.MinimapArgs
[EVENT] D2.Map.AreaChanged arg=99
    ✅ 重试全部失败后仍产出可玩地图（保底布局生效）
    ✅ 保底布局有可走格
    ✅ 保底布局出生点 3×3 可走
    ✅ 保底布局出生点可达出口（路径 17 格）
  保底布局：size=32x32 出口=1 障碍=123 可走=901 attempts=8

================ MapCheck 结束：全部通过 ================
