================ PlayerCheck：主角/相机/输入 离线自检 ================

────────────────────────────────────────────────────────────
▶ 0. 装配：配表 + AppContext.AutoWire（实现类命名 = 自动装配契约）
────────────────────────────────────────────────────────────
    [ OK ] 配表已加载（与 Bootstrap 同一条链路）   (dir=C:\Work\Server\full-dev\clover-project-diablo2\client\Assets\Scripts\Table\Tsv)
    [ OK ] class_c 5 个职业可读   (class1=亚马逊 class5=野蛮人)
    [ OK ] experience_c 可读（1 级阈值 500 / 99 级 3837739017）   (E(1)=500 E(99)=3837739017)
    [INFO ] [App] 模块已装配：Map ← Diablo2.Module.Map.MapModule
    [INFO ] [Player] PlayerModule 已装配：订阅 D2.Item.EquipChanged / D2.Player.StatAllocate / D2.Input.Move，派生属性公式见 PlayerStats.Recompute
    [INFO ] [App] 模块已装配：Player ← Diablo2.Module.Player.PlayerModule
    [WARN ] [App] 模块 Combat 尚无实现（程序集里找不到实现该接口的类型）⇒ 相关功能降级
    [INFO ] [App] 模块已装配：Monster ← PlayerCheck.StubMonsters
    [WARN ] [App] 模块 Skill 尚无实现（程序集里找不到实现该接口的类型）⇒ 相关功能降级
    [WARN ] [App] 模块 Item 尚无实现（程序集里找不到实现该接口的类型）⇒ 相关功能降级
    [WARN ] [App] 模块 Quest 尚无实现（程序集里找不到实现该接口的类型）⇒ 相关功能降级
    [INFO ] [App] 模块已装配：Npc ← PlayerCheck.StubNpcs
    [INFO ] [App] 模块已装配：Camera ← Diablo2.Module.CameraRig
    [WARN ] [App] 模块 View 尚无实现（程序集里找不到实现该接口的类型）⇒ 相关功能降级
    [WARN ] [App] 模块 Audio 尚无实现（程序集里找不到实现该接口的类型）⇒ 相关功能降级
    [WARN ] [App] 模块 Save 尚无实现（程序集里找不到实现该接口的类型）⇒ 相关功能降级
    [ OK ] AutoWire 反射装配 IMapModule   (Diablo2.Module.Map.MapModule)
    [ OK ] AutoWire 反射装配 IPlayerModule   (Diablo2.Module.Player.PlayerModule)
    [ OK ] AutoWire 反射装配 ICameraRig   (Diablo2.Module.CameraRig)
    [ OK ] 实现类是 internal（不是 public）   (Player public=False Camera public=False)
    [ OK ] 实现类有无参构造（Activator 能创建）   (PlayerModule()/CameraRig() 均为隐式 public 无参构造)
    [ OK ] PlayerModule 已订阅装备/加点事件   (Game.Event.On(EquipChanged / StatAllocateRequest))
    [ OK ] 本宿主未编入的模块保持 null（降级，不崩）   (模块装配：Flow=NULL Map=ok Player=ok Combat=NULL Monster=ok Skill=NULL Item=NULL Quest=NULL Npc=ok Camera=ok View=NULL Audio=NULL Save=NULL（Monster/Npc = 本宿主 §13 的桩 StubMonsters/StubNpcs，非生产实现）)
    （下方若出现 [Cfg] 的 WARN：非 Unity 进程读 config.json 的正常降级，Cfg 内部已 try/catch，不是失败）

────────────────────────────────────────────────────────────
▶ 1. 五职业 1 级 MaxLife/MaxMana/MaxStamina ↔ class_c 计算值逐一相等
────────────────────────────────────────────────────────────
    id 职业        str dex vit eng  life/vit mana/mag stam/vit   生命 法力 耐力   防御  AR
    [INFO ] [Player] [Create] Check1 职业=Amazon(1) 等级 1 力20/敏25/体20/精15 生命=60/60 法力=22/22 耐力=20/20 防御=6 AR=95 可分配属性点=5 经验 0/500（升级阈值来自 experience_c）
    1  亚马逊        20  25  20  15        3     1.5       1     60   22   20      6   95   
    [ OK ] 亚马逊 1 级生命/法力/耐力 = 配表公式值   (期望 60/22/20，实际 60/22/20)
    [INFO ] [Player] [Create] Check2 职业=Sorceress(2) 等级 1 力10/敏25/体10/精35 生命=20/20 法力=70/70 耐力=10/10 防御=6 AR=75 可分配属性点=5 经验 0/500（升级阈值来自 experience_c）
    2  女法师        10  25  10  35        2       2       1     20   70   10      6   75   
    [ OK ] 女法师 1 级生命/法力/耐力 = 配表公式值   (期望 20/70/10，实际 20/70/10)
    [INFO ] [Player] [Create] Check3 职业=Necromancer(3) 等级 1 力15/敏25/体15/精25 生命=30/30 法力=50/50 耐力=15/15 防御=6 AR=80 可分配属性点=5 经验 0/500（升级阈值来自 experience_c）
    3  亡灵法师       15  25  15  25        2       2       1     30   50   15      6   80   
    [ OK ] 亡灵法师 1 级生命/法力/耐力 = 配表公式值   (期望 30/50/15，实际 30/50/15)
    [INFO ] [Player] [Create] Check4 职业=Paladin(4) 等级 1 力25/敏20/体25/精15 生命=75/75 法力=22/22 耐力=25/25 防御=5 AR=85 可分配属性点=5 经验 0/500（升级阈值来自 experience_c）
    4  圣骑士        25  20  25  15        3     1.5       1     75   22   25      5   85   
    [ OK ] 圣骑士 1 级生命/法力/耐力 = 配表公式值   (期望 75/22/25，实际 75/22/25)
    [INFO ] [Player] [Create] Check5 职业=Barbarian(5) 等级 1 力30/敏20/体25/精10 生命=100/100 法力=10/10 耐力=25/25 防御=5 AR=85 可分配属性点=5 经验 0/500（升级阈值来自 experience_c）
    5  野蛮人        30  20  25  10        4       1       1    100   10   25      5   85   
    [ OK ] 野蛮人 1 级生命/法力/耐力 = 配表公式值   (期望 100/10/25，实际 100/10/25)
    [ OK ] 5 职业逐一相符   (见上表（公式与 UI/CharCreatePanel.LifeOf 完全一致）)
    [INFO ] [Player] [Create] Check1 职业=Amazon(1) 等级 1 力20/敏25/体20/精15 生命=60/60 法力=22/22 耐力=20/20 防御=6 AR=95 可分配属性点=5 经验 0/500（升级阈值来自 experience_c）
    [ OK ] 与 CharCreatePanel 的生命公式一致（亚马逊 1 级）   (PlayerModule=60 CharCreatePanel=60)
    Check1 Amazon Lv1 力20/敏25/体20/精15 生命60/60 法力22/22 耐力20/20 防御6 AR95 格挡0% 抗性(火/冰/电/毒)0/0/0/0 经验0/500 属性点5 技能点0 金币0 格(0,0) 朝向S 移动中=False 死亡=False

────────────────────────────────────────────────────────────
▶ 2. 点击移动：罗格营地出生点 → 远端可走格（逐帧 Tick 0.02f）
────────────────────────────────────────────────────────────
    [INFO ] [Map] MapGenTown: 罗格营地固定布局完成（栅栏边界 / 2 个出城口 / 5 个 NPC / 出生点 (15, 19)）
    [INFO ] [Map] 连通性自检：从出生点 (15, 19) 可达 809 格（可走共 809），需可达目标 7 个，不可达 0 个
    [INFO ] [Map] Generate 完成：area=Town(罗格营地) requestedSeed=20250916 effectiveSeed=20250916 attempts=1 size=32x32 blocked=215 walkable=809 timeMs=14.6
    [INFO ] [Map] area=Town(罗格营地) size=32x32 seed=20250916 blocked=215 walkable=809 timeMs=14.6 attempts=1 spawn=(15, 19) exits=2 caveEntrance=- npc=5 monsterSpawns=0
    [INFO ] [Map] DumpStats →
── MAP STATS ────────────────────────────────────────────────
  区域      : Town（罗格营地）
  尺寸      : 32 x 32 = 1024 格
  seed      : 20250916（重试次数 1）
  障碍数    : 215
  可走数    : 809（79.0%）
  生成耗时  : 14.6 ms
  出生点    : (15, 19)
  出口      : 2 个 [15,0, 16,0]
  洞穴入口  : -（本区域无）
  NPC 站位  : 5 个 [14,7, 8,11, 22,8, 24,17, 17,4]
  刷怪点    : 0 个
  地形哈希  : F49AB4344E3D0D0A
─────────────────────────────────────────────────────────────
    [INFO ] [Map] DumpAscii hash=F49AB4344E3D0D0A（同 seed 两次生成必须同哈希）
ASCII y=31→0  x=0→31   图例: ' '=图外/未生成 '.'=可走 '#'=障碍 'S'=出生点 'E'=出口 'C'=洞穴入口 'N'=NPC 'M'=刷怪点
031|################################
030|#..............................#
029|#..............................#
028|#...........#......#...........#
027|#........###...................#
026|#..#.....###................#..#
025|#..............................#
024|#..............................#
023|#........................##....#
022|#...................###..##....#
021|#...................###........#
020|#..............................#

    [INFO ] [Map] BuildMinimap: area=Town 32x32 tiles=1024 markers=7
    [INFO ] [Player] [Create] Check 职业=Amazon(1) 等级 1 力20/敏25/体20/精15 生命=60/60 法力=22/22 耐力=20/20 防御=6 AR=95 可分配属性点=5 经验 0/500（升级阈值来自 experience_c）
    [INFO ] [Player] 落位：格=(15,19) 世界=(-4.00,-17.50)
    地图：32x32 可走 809 格；起点 (15, 19)，目标 (1, 1)（Chebyshev 距离 18）
    
    [INFO ] [Player] [Move] steps=26 path=(15,19)->(15,18)->(14,17)->(14,16)->(13,15)->(13,14)->(13,13)->(13,12)->(13,11)->(13,10)->(13,9)->(13,8)->(13,7)->(12,7)->(11,7)->(10,7)->(9,6)->(8,5)->(7,4)->(7,3)->(6,3)->(5,3)->(4,3)->(3,3)->(2,2)->(1,1) from=(15,19) to=(1,1) speed=6格/秒(跑)
    [INFO ] [Player] [Move] steps=26 path=(15,19)->(15,18)->(14,17)->(14,16)->(13,15)->(13,14)->(13,13)->(13,12)->(13,11)->(13,10)->(13,9)->(13,8)->(13,7)->(12,7)->(11,7)->(10,7)->(9,6)->(8,5)->(7,4)->(7,3)->(6,3)->(5,3)->(4,3)->(3,3)->(2,2)->(1,1) from=(15,19) to=(1,1) speed=6格/秒(跑)
    [WARN ] [Input] 取 Camera.main 抛异常（SecurityException: ECall methods must be packaged into a system module.）⇒ 视为无相机
    [INFO ] [Input] 地面物品悬停：IItemModule / IViewModule 未接入 ⇒ 该项暂不可判（只报一次，不影响怪物与 NPC 的悬停）
    [WARN ] [Cfg] Resources 读取 Configs/config 异常：ECall methods must be packaged into a system module.
    [WARN ] [D2] Unity 时钟不可用（Time.realtimeSinceStartup 抛 SecurityException）⇒ Log 的限频入口已降级到进程单调时钟（Stopwatch）；离线宿主请注入 Log.Clock 以获得确定性计时
    [ERROR] [Cfg] Application.dataPath 不可用（SecurityException），退回相对路径 Configs/config.json
    [WARN ] [Cfg] 未找到配置文件 Configs/config.json，使用内置默认值
    [WARN ] [Cfg] 使用内置默认值（bgm=0.7 sfx=0.8 fullscreen=False wasd=False name=Hero）
    [INFO ] [Player] [Move] arrived steps=26 frames=226 from=(15,19) to=(1,1) dir=NW
    [ OK ] 移动全程每一帧都落在可走格上   (越界/障碍帧数 = 0)
    [ OK ] 已到达目标格   (终点 (1, 1))
    [ OK ] 移动过程走满了路径（帧数有记录）   (路径 26 格，实际 226 帧（dt=0.02 ⇒ 4.52s）)
    [ OK ] 到达后不再移动   (IsMoving=False)
    [INFO ] [Player] [Move] arrived steps=26 frames=226 from=(15,19) to=(1,1) dir=NW
    [ OK ] 留下了验收要抄的 `[Move] steps=` 日志   ([INFO ] [Player] [Move] steps=26 path=(15,19)->(15,18)->(14,17)->(14,16)->(13,15)->(13,14)->(13,13)->(13,12)->(13,11)->(13,10)->(13,9)->(13,8)->(13,7)->(12,7)->(11,7)->(10,7)->(9,6)->(8,5)->(7,4)->(7,3)->(6,3)->(5,3)->(4,3)->(3,3)->(2,2)->(1,1) from=(15,19) to=(1,1) speed=6格/秒(跑))
    [ OK ] 发了 D2.Map.PlayerGridChanged（小地图揭迷雾）   (次数=26)
    ⇒ 起点 (15, 19) / 终点 (1, 1) / 路径 26 格 / 实际 226 帧（226）

────────────────────────────────────────────────────────────
▶ 3. 绕障：目标与起点无视线 ⇒ 路径非直连，且每格都可走、全程不穿墙
────────────────────────────────────────────────────────────
    [INFO ] [Map] MapGenTown: 罗格营地固定布局完成（栅栏边界 / 2 个出城口 / 5 个 NPC / 出生点 (15, 19)）
    [INFO ] [Map] 连通性自检：从出生点 (15, 19) 可达 809 格（可走共 809），需可达目标 7 个，不可达 0 个
    [INFO ] [Map] Generate 完成：area=Town(罗格营地) requestedSeed=424242 effectiveSeed=424242 attempts=1 size=32x32 blocked=215 walkable=809 timeMs=0.2
    [INFO ] [Map] area=Town(罗格营地) size=32x32 seed=424242 blocked=215 walkable=809 timeMs=0.2 attempts=1 spawn=(15, 19) exits=2 caveEntrance=- npc=5 monsterSpawns=0
    [INFO ] [Map] DumpStats →
── MAP STATS ────────────────────────────────────────────────
  区域      : Town（罗格营地）
  尺寸      : 32 x 32 = 1024 格
  seed      : 424242（重试次数 1）
  障碍数    : 215
  可走数    : 809（79.0%）
  生成耗时  : 0.2 ms
  出生点    : (15, 19)
  出口      : 2 个 [15,0, 16,0]
  洞穴入口  : -（本区域无）
  NPC 站位  : 5 个 [14,7, 8,11, 22,8, 24,17, 17,4]
  刷怪点    : 0 个
  地形哈希  : F49AB4344E3D0D0A
─────────────────────────────────────────────────────────────
    [INFO ] [Map] DumpAscii hash=F49AB4344E3D0D0A（同 seed 两次生成必须同哈希）
ASCII y=31→0  x=0→31   图例: ' '=图外/未生成 '.'=可走 '#'=障碍 'S'=出生点 'E'=出口 'C'=洞穴入口 'N'=NPC 'M'=刷怪点
031|################################
030|#..............................#
029|#..............................#
028|#...........#......#...........#
027|#........###...................#
026|#..#.....###................#..#
025|#..............................#
024|#..............................#
023|#........................##....#
022|#...................###..##....#
021|#...................###........#
020|#..............................#

    [INFO ] [Map] BuildMinimap: area=Town 32x32 tiles=1024 markers=7
    [INFO ] [Player] [Create] Detour 职业=Paladin(4) 等级 1 力25/敏20/体25/精15 生命=75/75 法力=22/22 耐力=25/25 防御=5 AR=85 可分配属性点=5 经验 0/500（升级阈值来自 experience_c）
    [INFO ] [Player] 落位：格=(15,19) 世界=(-4.00,-17.50)
    [INFO ] [Player] [Move] steps=26 path=(15,19)->(15,18)->(14,17)->(14,16)->(13,15)->(13,14)->(13,13)->(13,12)->(13,11)->(13,10)->(13,9)->(13,8)->(13,7)->(12,7)->(11,7)->(10,7)->(9,6)->(8,5)->(7,4)->(7,3)->(6,3)->(5,3)->(4,3)->(3,3)->(2,2)->(1,1) from=(15,19) to=(1,1) speed=6格/秒(跑)
    [INFO ] [Player] [Move] steps=26 path=(15,19)->(15,18)->(14,17)->(14,16)->(13,15)->(13,14)->(13,13)->(13,12)->(13,11)->(13,10)->(13,9)->(13,8)->(13,7)->(12,7)->(11,7)->(10,7)->(9,6)->(8,5)->(7,4)->(7,3)->(6,3)->(5,3)->(4,3)->(3,3)->(2,2)->(1,1) from=(15,19) to=(1,1) speed=6格/秒(跑)
    [ OK ] 路径非直连（长度 > 两点直线格数 + 1）   (路径 26 格 vs Chebyshev 距离 18（说明真的绕了）)
    [WARN ] [Input] 取 Camera.main 抛异常（SecurityException: ECall methods must be packaged into a system module.）⇒ 视为无相机
    [INFO ] [Player] [Move] arrived steps=26 frames=226 from=(15,19) to=(1,1) dir=NW
    [ OK ] 玩家全程都在可走格上（不穿墙）   (逐帧 map.Walkable(player.Grid) 均为 true)
    [ OK ] 已到达目标格   (终点 (1, 1)（目标 (1, 1)）)
    [ OK ] 没有发生受阻停下   (BlockedStops=0)
    [INFO ] [Player] [Move] arrived steps=26 frames=226 from=(15,19) to=(1,1) dir=NW

────────────────────────────────────────────────────────────
▶ 4. 不可达：点到障碍格 / 图外格 ⇒ 不移动 + 有日志
────────────────────────────────────────────────────────────
    [INFO ] [Map] MapGenTown: 罗格营地固定布局完成（栅栏边界 / 2 个出城口 / 5 个 NPC / 出生点 (15, 19)）
    [INFO ] [Map] 连通性自检：从出生点 (15, 19) 可达 809 格（可走共 809），需可达目标 7 个，不可达 0 个
    [INFO ] [Map] Generate 完成：area=Town(罗格营地) requestedSeed=20250916 effectiveSeed=20250916 attempts=1 size=32x32 blocked=215 walkable=809 timeMs=0.2
    [INFO ] [Map] area=Town(罗格营地) size=32x32 seed=20250916 blocked=215 walkable=809 timeMs=0.2 attempts=1 spawn=(15, 19) exits=2 caveEntrance=- npc=5 monsterSpawns=0
    [INFO ] [Map] DumpStats →
── MAP STATS ────────────────────────────────────────────────
  区域      : Town（罗格营地）
  尺寸      : 32 x 32 = 1024 格
  seed      : 20250916（重试次数 1）
  障碍数    : 215
  可走数    : 809（79.0%）
  生成耗时  : 0.2 ms
  出生点    : (15, 19)
  出口      : 2 个 [15,0, 16,0]
  洞穴入口  : -（本区域无）
  NPC 站位  : 5 个 [14,7, 8,11, 22,8, 24,17, 17,4]
  刷怪点    : 0 个
  地形哈希  : F49AB4344E3D0D0A
─────────────────────────────────────────────────────────────
    [INFO ] [Map] DumpAscii hash=F49AB4344E3D0D0A（同 seed 两次生成必须同哈希）
ASCII y=31→0  x=0→31   图例: ' '=图外/未生成 '.'=可走 '#'=障碍 'S'=出生点 'E'=出口 'C'=洞穴入口 'N'=NPC 'M'=刷怪点
031|################################
030|#..............................#
029|#..............................#
028|#...........#......#...........#
027|#........###...................#
026|#..#.....###................#..#
025|#..............................#
024|#..............................#
023|#........................##....#
022|#...................###..##....#
021|#...................###........#
020|#..............................#

    [INFO ] [Map] BuildMinimap: area=Town 32x32 tiles=1024 markers=7
    [INFO ] [Player] [Create] Blocked 职业=Barbarian(5) 等级 1 力30/敏20/体25/精10 生命=100/100 法力=10/10 耐力=25/25 防御=5 AR=85 可分配属性点=5 经验 0/500（升级阈值来自 experience_c）
    [INFO ] [Player] 落位：格=(15,19) 世界=(-4.00,-17.50)
    [WARN ] [Player] [Move] unreachable to=(4,4) 地形=Wall（不可走） 当前格=(15,19) ⇒ 不移动（同类再点不重复刷屏）
    [WARN ] [Input] 取 Camera.main 抛异常（SecurityException: ECall methods must be packaged into a system module.）⇒ 视为无相机
    [ OK ] 没有移动（仍在起点）   (起点 (15, 19)，现在 (15, 19))
    [ OK ] 不可达计数 +1   (0 → 1)
    [ OK ] 留下了可定位日志（含地形与起终点）   ([WARN ] [Player] [Move] unreachable to=(4,4) 地形=Wall（不可走） 当前格=(15,19) ⇒ 不移动（同类再点不重复刷屏）)
    [ OK ] 图外目标同样被判不可达   (UnreachableCount=2，格=(15, 19))
    [WARN ] [Player] [Move] unreachable to=(4,4) 地形=Wall（不可走） 当前格=(15,19) ⇒ 不移动（同类再点不重复刷屏）

────────────────────────────────────────────────────────────
▶ 5. 受阻：路径穿过不可走格 ⇒ 停在原地（不穿墙）+ Warn + BlockedStops++
────────────────────────────────────────────────────────────
    [INFO ] [Player] [Create] Stuck 职业=Necromancer(3) 等级 1 力15/敏25/体15/精25 生命=30/30 法力=50/50 耐力=15/15 防御=6 AR=80 可分配属性点=5 经验 0/500（升级阈值来自 experience_c）
    [INFO ] [Player] 已绑定地图接口：StubMap
    [INFO ] [Player] 落位：格=(1,1) 世界=(0.00,-1.50)
    [INFO ] [Player] [Move] steps=4 path=(1,1)->(2,1)->(3,1)->(4,1) from=(1,1) to=(4,1) speed=6格/秒(跑)
    [WARN ] [Input] 取 Camera.main 抛异常（SecurityException: ECall methods must be packaged into a system module.）⇒ 视为无相机
    [WARN ] [Player] 移动受阻：下一格不可走（3,1）—— 路点被改变/地图已换？；当前格=(2,1) 目标=(4,1) 受阻格=(3,1) 该格地形=Wall 剩余路点=2 ⇒ 停在原地（不穿墙）
    [ OK ] 受阻停下（BlockedStops +1）   (BlockedStops=1)
    [ OK ] 停在障碍前一格 (2,1)（没有穿墙）   (当前格 (2, 1))
    [ OK ] 留下了 Warn（带起终点与当前格、地形）   ([WARN ] [Player] 移动受阻：下一格不可走（3,1）—— 路点被改变/地图已换？；当前格=(2,1) 目标=(4,1) 受阻格=(3,1) 该格地形=Wall 剩余路点=2 ⇒ 停在原地（不穿墙）)
    [ OK ] 受阻后 IsMoving=false   (IsMoving=False)
    [INFO ] [Player] 已绑定地图接口：(null)（恢复走 AppContext）

────────────────────────────────────────────────────────────
▶ 6. 出入口：走到出城口 ⇒ 发 Events.ExitEntered(BloodMoor)，同一格只发一次
────────────────────────────────────────────────────────────
    [INFO ] [Map] MapGenTown: 罗格营地固定布局完成（栅栏边界 / 2 个出城口 / 5 个 NPC / 出生点 (15, 19)）
    [INFO ] [Map] 连通性自检：从出生点 (15, 19) 可达 809 格（可走共 809），需可达目标 7 个，不可达 0 个
    [INFO ] [Map] Generate 完成：area=Town(罗格营地) requestedSeed=20250916 effectiveSeed=20250916 attempts=1 size=32x32 blocked=215 walkable=809 timeMs=0.2
    [INFO ] [Map] area=Town(罗格营地) size=32x32 seed=20250916 blocked=215 walkable=809 timeMs=0.2 attempts=1 spawn=(15, 19) exits=2 caveEntrance=- npc=5 monsterSpawns=0
    [INFO ] [Map] DumpStats →
── MAP STATS ────────────────────────────────────────────────
  区域      : Town（罗格营地）
  尺寸      : 32 x 32 = 1024 格
  seed      : 20250916（重试次数 1）
  障碍数    : 215
  可走数    : 809（79.0%）
  生成耗时  : 0.2 ms
  出生点    : (15, 19)
  出口      : 2 个 [15,0, 16,0]
  洞穴入口  : -（本区域无）
  NPC 站位  : 5 个 [14,7, 8,11, 22,8, 24,17, 17,4]
  刷怪点    : 0 个
  地形哈希  : F49AB4344E3D0D0A
─────────────────────────────────────────────────────────────
    [INFO ] [Map] DumpAscii hash=F49AB4344E3D0D0A（同 seed 两次生成必须同哈希）
ASCII y=31→0  x=0→31   图例: ' '=图外/未生成 '.'=可走 '#'=障碍 'S'=出生点 'E'=出口 'C'=洞穴入口 'N'=NPC 'M'=刷怪点
031|################################
030|#..............................#
029|#..............................#
028|#...........#......#...........#
027|#........###...................#
026|#..#.....###................#..#
025|#..............................#
024|#..............................#
023|#........................##....#
022|#...................###..##....#
021|#...................###........#
020|#..............................#

    [INFO ] [Map] BuildMinimap: area=Town 32x32 tiles=1024 markers=7
    [INFO ] [Player] [Create] Exit 职业=Sorceress(2) 等级 1 力10/敏25/体10/精35 生命=20/20 法力=70/70 耐力=10/10 防御=6 AR=75 可分配属性点=5 经验 0/500（升级阈值来自 experience_c）
    [INFO ] [Player] 落位：格=(15,19) 世界=(-4.00,-17.50)
    [INFO ] [Player] [Move] steps=21 path=(15,19)->(15,18)->(14,17)->(14,16)->(14,15)->(14,14)->(15,14)->(15,13)->(15,12)->(15,11)->(15,10)->(15,9)->(15,8)->(15,7)->(15,6)->(15,5)->(15,4)->(15,3)->(15,2)->(15,1)->(15,0) from=(15,19) to=(15,0) speed=6格/秒(跑)
    [WARN ] [Input] 取 Camera.main 抛异常（SecurityException: ECall methods must be packaged into a system module.）⇒ 视为无相机
    [INFO ] [Player] 踩到出入口 格=(15,0) 区域 Town → BloodMoor（发 D2.Map.ExitEntered）
    [INFO ] [Player] [Move] arrived steps=21 frames=164 from=(15,19) to=(15,0) dir=N
    [ OK ] 走到了出城口   (格 (15, 0)（出口 (15, 0)）)
    [ OK ] 发了 Events.ExitEntered 且参数 = BloodMoor   (次数 1，载荷 BloodMoor（D2.Map.ExitEntered）)
    [INFO ] [Player] 踩到出入口 格=(15,0) 区域 Town → BloodMoor（发 D2.Map.ExitEntered）
    [INFO ] [Player] 落位：格=(15,19) 世界=(-4.00,-17.50)
    [INFO ] [Player] [Move] steps=21 path=(15,19)->(15,18)->(14,17)->(14,16)->(14,15)->(14,14)->(15,14)->(15,13)->(15,12)->(15,11)->(15,10)->(15,9)->(15,8)->(15,7)->(15,6)->(15,5)->(15,4)->(15,3)->(15,2)->(15,1)->(15,0) from=(15,19) to=(15,0) speed=6格/秒(跑)
    [INFO ] [Player] 踩到出入口 格=(15,0) 区域 Town → BloodMoor（发 D2.Map.ExitEntered）
    [INFO ] [Player] [Move] arrived steps=21 frames=164 from=(15,19) to=(15,0) dir=N
    [ OK ] 离开后再踩可再次触发（不是只发一次）   (次数 2)

────────────────────────────────────────────────────────────
▶ 7. 经验与升级：AddExp 到 experience_c 阈值 ⇒ 等级 +1、上限按配表增长
────────────────────────────────────────────────────────────
    [INFO ] [Player] [Create] Leveler 职业=Amazon(1) 等级 1 力20/敏25/体20/精15 生命=60/60 法力=22/22 耐力=20/20 防御=6 AR=95 可分配属性点=5 经验 0/500（升级阈值来自 experience_c）
    Lv1：生命上限 60 经验 0/500 属性点 5 技能点 0
    [INFO ] [Player] 获得经验 500：累计 500（等级 1，下一级阈值 500）
    [INFO ] [Player] level 1→2 经验=500/1500 生命上限 60→62 法力上限 22→24 耐力上限 20→21 属性点+5=10 技能点+1=1（发 D2.Player.LevelUp + D2.Ui.HudDirty）
    [ OK ] 等级 1 → 2   (等级 2，经验 500/1500)
    [ OK ] 生命上限按配表增长（+life_per_lvl）   (60 → 62（life_per_lvl=2）)
    [ OK ] 法力上限按配表增长（+mana_per_lvl）   (法力上限 24（mana_per_lvl=1.5）)
    [ OK ] 属性点 +stat_per_lvl   (5 → 10（stat_per_lvl=5）)
    [ OK ] 技能点 +1   (0 → 1)
    [ OK ] 留下验收要抄的 `[Player] level 1→2` 日志   ([INFO ] [Player] level 1→2 经验=500/1500 生命上限 60→62 法力上限 22→24 耐力上限 20→21 属性点+5=10 技能点+1=1（发 D2.Player.LevelUp + D2.Ui.HudDirty）)
    [INFO ] [Player] level 1→2 经验=500/1500 生命上限 60→62 法力上限 22→24 耐力上限 20→21 属性点+5=10 技能点+1=1（发 D2.Player.LevelUp + D2.Ui.HudDirty）
    [INFO ] [Player] 获得经验 1000：累计 1500（等级 2，下一级阈值 1500）
    [INFO ] [Player] level 2→3 经验=1500/3750 生命上限 62→64 法力上限 24→26 耐力上限 21→22 属性点+5=15 技能点+1=2（发 D2.Player.LevelUp + D2.Ui.HudDirty）
    [ OK ] 一次给足经验可连升（2 → 3）   (等级 3，经验 1500/3750)
    Leveler Amazon Lv3 力20/敏25/体20/精15 生命64/64 法力26/26 耐力22/22 防御6 AR95 格挡0% 抗性(火/冰/电/毒)0/0/0/0 经验1500/3750 属性点15 技能点2 金币0 格(0,0) 朝向S 移动中=False 死亡=False

────────────────────────────────────────────────────────────
▶ 8. 属性点：AllocateStat(Vitality,5) ⇒ MaxLife 增量 == life_per_vit × 5
────────────────────────────────────────────────────────────
    [INFO ] [Player] [Stat] Vitality 20 → 25（本次 +5，剩余属性点 10） 生命上限 64→79 法力上限 26→26 耐力上限 22→27 防御=6 AR=95 （发 D2.Ui.HudDirty）
    [ OK ] 加点成功   (AllocateStat(Vitality,5) = True)
    [ OK ] 体力 +5   (20 → 25)
    [ OK ] 生命上限增量 == life_per_vit × 5   (64 → 79（+15，期望 +15 = 3 × 5）)
    [ OK ] 属性点扣除 5   (15 → 10)
    [WARN ] [Player] 属性点不足：需要 110，剩余 10（Strength 未变）
    [ OK ] 点数不足被拒（返回 false 且不改值）   (剩余 10)
    [WARN ] [Player] 不能再降：Strength 当前 20，下限 20（职业初始值）
    [ OK ] 不能降到职业初始值以下   (力量 20（初始 20）)
    [WARN ] [Player] AllocateStat(Vitality,0) ⇒ 无变化，忽略
    [ OK ] delta=0 被拒   (返回 false 并 Warn)
    [INFO ] [Player] [Stat] Vitality 20 → 25（本次 +5，剩余属性点 10） 生命上限 64→79 法力上限 26→26 耐力上限 22→27 防御=6 AR=95 （发 D2.Ui.HudDirty）

────────────────────────────────────────────────────────────
▶ 9. 装备生效：EquipChanged 事件 ⇒ 四维/抗性/护甲/AR 变化（Player 不引用 Item 模块）
────────────────────────────────────────────────────────────
    [INFO ] [Player] 词缀 mod=gold% 不参与玩家派生属性（由 Combat/Item 消费），本模块忽略（每个码只报一次）
    [INFO ] [Player] [Equip] 装备生效：1 件（含防御 1 件 → 护甲 25）；力+3 敏+0 体+0 精+0 生命+5 法力+0 耐力+0 防御+7(+10%) AR+20 格挡+0 抗性(火/冰/电/毒)+15/5/5/5 ⇒ 生命上限 84 防御 41 AR 115 格挡 0%
    [ OK ] 力量 +3（词缀 str）   (20 → 23)
    [ OK ] 生命上限 +5（词缀 hp）   (79 → 84)
    [ OK ] 火焰抗性 +15（res-fire 10 + res-all 5）   (0 → 15)
    [ OK ] 毒素抗性 +5（res-all）   (0 → 5)
    [ OK ] 防御 = (护甲 25 + ac 7 + 敏/4) × 1.10   (6 → 41（期望 41）)
    [ OK ] 命中 AR 上升（词缀 att 20）   (95 → 115)
    [ OK ] 留下了装备生效日志   ([INFO ] [Player] [Equip] 装备生效：1 件（含防御 1 件 → 护甲 25）；力+3 敏+0 体+0 精+0 生命+5 法力+0 耐力+0 防御+7(+10%) AR+20 格挡+0 抗性(火/冰/电/毒)+15/5/5/5 ⇒ 生命上限 84 防御 41 AR 115 格挡 0%)
    [ OK ] 未映射的词缀码不静默（只报一次 Info）   ([INFO ] [Player] 词缀 mod=gold% 不参与玩家派生属性（由 Combat/Item 消费），本模块忽略（每个码只报一次）)
    [ OK ] 发了 HudDirty（HUD 刷新）   (次数=16)
    [INFO ] [Player] [Equip] 装备生效：1 件（含防御 1 件 → 护甲 25）；力+3 敏+0 体+0 精+0 生命+5 法力+0 耐力+0 防御+7(+10%) AR+20 格挡+0 抗性(火/冰/电/毒)+15/5/5/5 ⇒ 生命上限 84 防御 41 AR 115 格挡 0%
    [INFO ] [Player] [Equip] 装备生效：0 件（含防御 0 件 → 护甲 0）；力+0 敏+0 体+0 精+0 生命+0 法力+0 耐力+0 防御+0(+0%) AR+0 格挡+0 抗性(火/冰/电/毒)+0/0/0/0 ⇒ 生命上限 79 防御 6 AR 95 格挡 0%
    [ OK ] 卸下后加成归零   (力 20 生命上限 79 火抗 0)

────────────────────────────────────────────────────────────
▶ 10. 死亡/复活：ApplyDamage 归零 ⇒ IsDead + PlayerDied；Revive ⇒ 回出生点满血
────────────────────────────────────────────────────────────
    [INFO ] [Map] MapGenTown: 罗格营地固定布局完成（栅栏边界 / 2 个出城口 / 5 个 NPC / 出生点 (15, 19)）
    [INFO ] [Map] 连通性自检：从出生点 (15, 19) 可达 809 格（可走共 809），需可达目标 7 个，不可达 0 个
    [INFO ] [Map] Generate 完成：area=Town(罗格营地) requestedSeed=20250916 effectiveSeed=20250916 attempts=1 size=32x32 blocked=215 walkable=809 timeMs=0.2
    [INFO ] [Map] area=Town(罗格营地) size=32x32 seed=20250916 blocked=215 walkable=809 timeMs=0.2 attempts=1 spawn=(15, 19) exits=2 caveEntrance=- npc=5 monsterSpawns=0
    [INFO ] [Map] DumpStats →
── MAP STATS ────────────────────────────────────────────────
  区域      : Town（罗格营地）
  尺寸      : 32 x 32 = 1024 格
  seed      : 20250916（重试次数 1）
  障碍数    : 215
  可走数    : 809（79.0%）
  生成耗时  : 0.2 ms
  出生点    : (15, 19)
  出口      : 2 个 [15,0, 16,0]
  洞穴入口  : -（本区域无）
  NPC 站位  : 5 个 [14,7, 8,11, 22,8, 24,17, 17,4]
  刷怪点    : 0 个
  地形哈希  : F49AB4344E3D0D0A
─────────────────────────────────────────────────────────────
    [INFO ] [Map] DumpAscii hash=F49AB4344E3D0D0A（同 seed 两次生成必须同哈希）
ASCII y=31→0  x=0→31   图例: ' '=图外/未生成 '.'=可走 '#'=障碍 'S'=出生点 'E'=出口 'C'=洞穴入口 'N'=NPC 'M'=刷怪点
031|################################
030|#..............................#
029|#..............................#
028|#...........#......#...........#
027|#........###...................#
026|#..#.....###................#..#
025|#..............................#
024|#..............................#
023|#........................##....#
022|#...................###..##....#
021|#...................###........#
020|#..............................#

    [INFO ] [Map] BuildMinimap: area=Town 32x32 tiles=1024 markers=7
    [INFO ] [Player] [Create] Dier 职业=Amazon(1) 等级 1 力20/敏25/体20/精15 生命=60/60 法力=22/22 耐力=20/20 防御=6 AR=95 可分配属性点=5 经验 0/500（升级阈值来自 experience_c）
    [INFO ] [Player] 落位：格=(15,19) 世界=(-4.00,-17.50)
    [INFO ] [Player] 受击致命：伤害 9999（type=Physical）生命 60 → 0
    [INFO ] [Player] died Dier 等级=1（发 D2.Player.Died，死亡面板由 UI 侧监听；复活走 ICombatModule.RevivePlayer → Player.Revive）
    [ OK ] ApplyDamage 返回 true（因此死亡）   (返回 True)
    [ OK ] IsDead = true   (Life=0/60)
    [ OK ] 发了 Events.PlayerDied   (次数=1)
    [ OK ] 留下了受击与死亡日志（致命一击走「受击致命」分支）   ([INFO ] [Player] 受击致命：伤害 9999（type=Physical）生命 60 → 0)
    [WARN ] [Player] 已死亡状态下收到 MoveTo((18, 22)) ⇒ 不移动（只报一次，等 Revive）
    [WARN ] [Input] 取 Camera.main 抛异常（SecurityException: ECall methods must be packaged into a system module.）⇒ 视为无相机
    [ OK ] 死亡状态下不移动   (格 (15, 19)（死亡时 (15, 19)）)
    [INFO ] [Player] 复活：回出生点 (15,19) 生命=60/60 法力=22/22 耐力=20/20
    [ OK ] 复活后满血   (生命 60/60)
    [ OK ] 复活后回到出生点   (格 (15, 19)（出生点 (15, 19)）)
    [INFO ] [Player] 复活：回出生点 (15,19) 生命=60/60 法力=22/22 耐力=20/20
    [INFO ] [Player] 受击：伤害 30（type=Fire）生命 60 → 30/60
    [ OK ] 非致命伤害（半血）不触发死亡且生命下降   (生命 30/60，返回值 False)

────────────────────────────────────────────────────────────
▶ 11. 等距跟随相机：固定角度/平滑跟随/边界钳制/缩放钳制/震动衰减
────────────────────────────────────────────────────────────
    [INFO ] [Map] MapGenTown: 罗格营地固定布局完成（栅栏边界 / 2 个出城口 / 5 个 NPC / 出生点 (15, 19)）
    [INFO ] [Map] 连通性自检：从出生点 (15, 19) 可达 809 格（可走共 809），需可达目标 7 个，不可达 0 个
    [INFO ] [Map] Generate 完成：area=Town(罗格营地) requestedSeed=20250916 effectiveSeed=20250916 attempts=1 size=32x32 blocked=215 walkable=809 timeMs=0.2
    [INFO ] [Map] area=Town(罗格营地) size=32x32 seed=20250916 blocked=215 walkable=809 timeMs=0.2 attempts=1 spawn=(15, 19) exits=2 caveEntrance=- npc=5 monsterSpawns=0
    [INFO ] [Map] DumpStats →
── MAP STATS ────────────────────────────────────────────────
  区域      : Town（罗格营地）
  尺寸      : 32 x 32 = 1024 格
  seed      : 20250916（重试次数 1）
  障碍数    : 215
  可走数    : 809（79.0%）
  生成耗时  : 0.2 ms
  出生点    : (15, 19)
  出口      : 2 个 [15,0, 16,0]
  洞穴入口  : -（本区域无）
  NPC 站位  : 5 个 [14,7, 8,11, 22,8, 24,17, 17,4]
  刷怪点    : 0 个
  地形哈希  : F49AB4344E3D0D0A
─────────────────────────────────────────────────────────────
    [INFO ] [Map] DumpAscii hash=F49AB4344E3D0D0A（同 seed 两次生成必须同哈希）
ASCII y=31→0  x=0→31   图例: ' '=图外/未生成 '.'=可走 '#'=障碍 'S'=出生点 'E'=出口 'C'=洞穴入口 'N'=NPC 'M'=刷怪点
031|################################
030|#..............................#
029|#..............................#
028|#...........#......#...........#
027|#........###...................#
026|#..#.....###................#..#
025|#..............................#
024|#..............................#
023|#........................##....#
022|#...................###..##....#
021|#...................###........#
020|#..............................#

    [INFO ] [Map] BuildMinimap: area=Town 32x32 tiles=1024 markers=7
    [WARN ] [Camera] 取 Camera.main 抛异常（SecurityException: ECall methods must be packaged into a system module.）⇒ 视为无相机
    [WARN ] [Camera] 找不到主相机（Camera.main 为 null）⇒ 机位只在内部状态里推进，不会写进场景（只报一次）。请确认 Stage 场景有带 MainCamera 标签的相机，或由集成方调 CameraRig.BindCamera
    [ OK ] 离线宿主里无 Unity 相机 ⇒ HasCamera=false 且不抛异常（优雅降级）   (Camera.main 在非 Unity 进程不可用（SecurityException）已被 try/catch 兜住)
    [INFO ] [Camera] 相机复位（正交尺寸回到默认 6，跟随与震动已清）
    [INFO ] [Camera] 跟随目标格已设为 (15,19) → 世界 (-4.00,-17.50)
    [INFO ] [Camera] 机位吸附请求：焦点 (-4.00,-17.50)（进图/传送后不要平滑）
    [WARN ] [Camera] 取 Camera.main 抛异常（SecurityException: ECall methods must be packaged into a system module.）⇒ 视为无相机
    [WARN ] [Camera] 找不到主相机（Camera.main 为 null）⇒ 机位只在内部状态里推进，不会写进场景（只报一次）。请确认 Stage 场景有带 MainCamera 标签的相机，或由集成方调 CameraRig.BindCamera
    [ OK ] 吸附后机位 = 焦点正前方（z = -10）   (Position=(-4.00, -17.50, -10.00) 期望 (-4.00, -17.50, -10.00))
    [ OK ] 正交尺寸 = 默认 6   (size=6)
    [INFO ] [Camera] 跟随目标格已设为 (1,1) → 世界 (0.00,-1.50)
    [ OK ] 平滑跟随单调收敛、不过冲   (44 帧后剩余距离 0.0091)
    [ OK ] 收敛到位（误差 < 0.01 世界单位）   (剩余 0.0091)
    [INFO ] [Camera] 跟随目标格已设为 (15,19) → 世界 (-4.00,-17.50)
    [ OK ] Tick(0) 时不动（暂停不抖）   (Position 保持 (-0.00, -1.51, -10.00)（新目标 (-4.00, -17.50, 0.00)）)
    [ OK ] SmoothTowards(dt<=0) 保持不动   (dt=0 → 原样)
    [ OK ] SmoothTowards(tau<=0) 直接吸附   (tau=0 → want)
    [ OK ] SmoothTowards 在两端之间（不过冲）   (x=1.535)
    [ OK ] 焦点被夹进地图（视野小于地图）   (→ (8.00, 8.00))
    [ OK ] 视野大于地图时居中   (→ (0.00, 0.00))
    [ OK ] 地图世界包围盒有效   (32x32 → min (-31.00, -31.50) max (31.00, -0.50))
    [INFO ] [Camera] 缩放 6 → 3（只改正交取景范围；世界坐标与 `Iso` 映射不变，故点击反投影仍成立）
    [ OK ] 缩放下限被钳制到 3   (size=3)
    [WARN ] [Camera] 缩放已到边界 [3, 12]（当前 3），本次 -1 被忽略（只报一次）
    [ OK ] 继续缩小不生效并 Warn（只报一次）   ([WARN ] [Camera] 缩放已到边界 [3, 12]（当前 3），本次 -1 被忽略（只报一次）)
    [INFO ] [Camera] 缩放 3 → 12（只改正交取景范围；世界坐标与 `Iso` 映射不变，故点击反投影仍成立）
    [ OK ] 缩放上限被钳制到 12   (size=12)
    [INFO ] [Camera] 缩放 12 → 6（只改正交取景范围；世界坐标与 `Iso` 映射不变，故点击反投影仍成立）
    [ OK ] EnableZoom=false ⇒ 滚轮不改变缩放（原版不缩放）   (size=6)
    [INFO ] [Camera] 缩放 6 → 6.5（只改正交取景范围；世界坐标与 `Iso` 映射不变，故点击反投影仍成立）
    [ OK ] EnableZoom=true ⇒ 滚轮生效（+0.5/格）   (6 → 6.5)
    [ OK ] 边缘滚动：贴左/贴上产生外推、屏幕中央为 0   (left=(-1.00, 0.00) center=(0.00, 0.00) topRight=(1.00, 1.00))
    [INFO ] [Camera] 跟随目标格已设为 (15,19) → 世界 (-4.00,-17.50)
    [INFO ] [Camera] 机位吸附请求：焦点 (-4.00,-17.50)（进图/传送后不要平滑）
    [INFO ] [Camera] 镜头震动：幅度 1、时长 0.5s（三角函数偏移，无随机数）
    [ OK ] 震动偏移 ≤ 幅度   (偏移 0.872（幅度 1）)
    [ OK ] 震动幅度随时间衰减   (0.872 → 0.520)
    [ OK ] 震动结束后偏移归零   (IsShaking=False)
    [ OK ] ShakeMagnitude 边界正确   (t=0 → 满幅；t=1 → 0；t>dur → 0)
    [WARN ] [Camera] Shake(amp=0, dur=0) 参数非正 ⇒ 忽略
    [ OK ] Shake 非正参数被拒（不进入震动状态 + 有 Warn）   ([WARN ] [Camera] Shake(amp=0, dur=0) 参数非正 ⇒ 忽略)
    [INFO ] [Camera] 相机复位（正交尺寸回到默认 6，跟随与震动已清）
    [ OK ] Reset 后正交尺寸回到默认、跟随与震动清空   (size=6)

────────────────────────────────────────────────────────────
▶ 12. 输入读取（InputReader）：重算规则 / 按住状态机 / 无相机时点击被拒 / 腰带快捷键
────────────────────────────────────────────────────────────
    [ OK ] ShouldRetarget：首次按住 → true   ((5,5) 按住到 (6,5))
    [ OK ] ShouldRetarget：目标没变 → false   (同一格)
    [ OK ] ShouldRetarget：只差 1 格 → false（防抖动/省 A*）   (差 1 格)
    [ OK ] ShouldRetarget：差 ≥2 格 → true   (差 2 格)
    [ OK ] ShouldRetarget：点到脚下 → false   (now == 玩家当前格)
    [WARN ] [Input] 取 Camera.main 抛异常（SecurityException: ECall methods must be packaged into a system module.）⇒ 视为无相机
    [ OK ] Poll 后 PrimaryDown/PrimaryHeld = true   (down=True held=True)
    [WARN ] [Input] TryGetGroundClick：找不到主相机（Camera.main 为 null 或取用抛异常）⇒ 本次点击无法反投影为格（只报一次）；请确认 Stage 场景有 MainCamera 标签的相机，或由集成方调 CameraRig.BindCamera
    [ OK ] 无相机时 TryGetGroundClick 返回 false（不瞎猜一个格）   ([WARN ] [Input] TryGetGroundClick：找不到主相机（Camera.main 为 null 或取用抛异常）⇒ 本次点击无法反投影为格（只报一次）；请确认 Stage 场景有 MainCamera 标签的相机，或由集成方调 CameraRig.BindCamera)
    [ OK ] 无相机时只报一次日志（防刷屏）   (次数 1)
    [ OK ] 松开后 PrimaryHeld=false、PrimaryUp=true   (held=False up=True)
    [ OK ] WASD 关闭时 TryGetWasdDir 返回 false   (enabled=false)
    [ OK ] WASD 打开后 W+D = (1,-1)（右上，与 Iso 方向表一致）   (delta=(1, -1))
    [INFO ] [Input] 腰带 2 键（Num2）按下 ⇒ 发 D2.Input.UseBelt（格号 1）
    [ OK ] 腰带 2 键 → 发 UseBeltRequest(格号 1)   (次数 1，载荷 1)
    [ OK ] canUse=false 时不发腰带事件（死亡/暂停不吃药）   (次数 1)
    [WARN ] [Input] Game.Input 不可用（CloverInput.Init 未调用或输入后端探测失败）⇒ 点击移动/悬停/腰带快捷键全部失效（只报一次）
    [ OK ] 输入后端不可用时 Poll 不崩、状态为 false，且只报一次 Warn   ([WARN ] [Input] Game.Input 不可用（CloverInput.Init 未调用或输入后端探测失败）⇒ 点击移动/悬停/腰带快捷键全部失效（只报一次）)
    [INFO ] [Map] MapGenTown: 罗格营地固定布局完成（栅栏边界 / 2 个出城口 / 5 个 NPC / 出生点 (15, 19)）
    [INFO ] [Map] 连通性自检：从出生点 (15, 19) 可达 809 格（可走共 809），需可达目标 7 个，不可达 0 个
    [INFO ] [Map] Generate 完成：area=Town(罗格营地) requestedSeed=20250916 effectiveSeed=20250916 attempts=1 size=32x32 blocked=215 walkable=809 timeMs=0.2
    [INFO ] [Map] area=Town(罗格营地) size=32x32 seed=20250916 blocked=215 walkable=809 timeMs=0.2 attempts=1 spawn=(15, 19) exits=2 caveEntrance=- npc=5 monsterSpawns=0
    [INFO ] [Map] DumpStats →
── MAP STATS ────────────────────────────────────────────────
  区域      : Town（罗格营地）
  尺寸      : 32 x 32 = 1024 格
  seed      : 20250916（重试次数 1）
  障碍数    : 215
  可走数    : 809（79.0%）
  生成耗时  : 0.2 ms
  出生点    : (15, 19)
  出口      : 2 个 [15,0, 16,0]
  洞穴入口  : -（本区域无）
  NPC 站位  : 5 个 [14,7, 8,11, 22,8, 24,17, 17,4]
  刷怪点    : 0 个
  地形哈希  : F49AB4344E3D0D0A
─────────────────────────────────────────────────────────────
    [INFO ] [Map] DumpAscii hash=F49AB4344E3D0D0A（同 seed 两次生成必须同哈希）
ASCII y=31→0  x=0→31   图例: ' '=图外/未生成 '.'=可走 '#'=障碍 'S'=出生点 'E'=出口 'C'=洞穴入口 'N'=NPC 'M'=刷怪点
031|################################
030|#..............................#
029|#..............................#
028|#...........#......#...........#
027|#........###...................#
026|#..#.....###................#..#
025|#..............................#
024|#..............................#
023|#........................##....#
022|#...................###..##....#
021|#...................###........#
020|#..............................#

    [INFO ] [Map] BuildMinimap: area=Town 32x32 tiles=1024 markers=7
    [INFO ] [Player] [Create] CmdMove 职业=Amazon(1) 等级 1 力20/敏25/体20/精15 生命=60/60 法力=22/22 耐力=20/20 防御=6 AR=95 可分配属性点=5 经验 0/500（升级阈值来自 experience_c）
    [INFO ] [Player] 落位：格=(15,19) 世界=(-4.00,-17.50)
    [INFO ] [Player] [Move] steps=26 path=(15,19)->(15,18)->(14,17)->(14,16)->(13,15)->(13,14)->(13,13)->(13,12)->(13,11)->(13,10)->(13,9)->(13,8)->(13,7)->(12,7)->(11,7)->(10,7)->(9,6)->(8,5)->(7,4)->(7,3)->(6,3)->(5,3)->(4,3)->(3,3)->(2,2)->(1,1) from=(15,19) to=(1,1) speed=6格/秒(跑)
    [ OK ] MoveCommand 事件驱动移动（契约通道打通）   (IsMoving=True 目标=(1, 1)（命令 (1, 1)）)
    [WARN ] [Input] 取 Camera.main 抛异常（SecurityException: ECall methods must be packaged into a system module.）⇒ 视为无相机
    [INFO ] [Player] [Move] arrived steps=26 frames=226 from=(15,19) to=(1,1) dir=NW
    [ OK ] 按 MoveCommand 走到了目标格   (终点 (1, 1)（目标 (1, 1)）)
    [ OK ] MoveTo 不回发 MoveCommand（无递归环）   (次数 1)

────────────────────────────────────────────────────────────
▶ 13. 交互：悬停（怪物 / 地面物品 / NPC / 空地 / 障碍）/ 左键点怪 / Shift 站立攻击 / 走跑切换
────────────────────────────────────────────────────────────
    [INFO ] [Map] MapGenTown: 罗格营地固定布局完成（栅栏边界 / 2 个出城口 / 5 个 NPC / 出生点 (15, 19)）
    [INFO ] [Map] 连通性自检：从出生点 (15, 19) 可达 809 格（可走共 809），需可达目标 7 个，不可达 0 个
    [INFO ] [Map] Generate 完成：area=Town(罗格营地) requestedSeed=20250916 effectiveSeed=20250916 attempts=1 size=32x32 blocked=215 walkable=809 timeMs=0.2
    [INFO ] [Map] area=Town(罗格营地) size=32x32 seed=20250916 blocked=215 walkable=809 timeMs=0.2 attempts=1 spawn=(15, 19) exits=2 caveEntrance=- npc=5 monsterSpawns=0
    [INFO ] [Map] DumpStats →
── MAP STATS ────────────────────────────────────────────────
  区域      : Town（罗格营地）
  尺寸      : 32 x 32 = 1024 格
  seed      : 20250916（重试次数 1）
  障碍数    : 215
  可走数    : 809（79.0%）
  生成耗时  : 0.2 ms
  出生点    : (15, 19)
  出口      : 2 个 [15,0, 16,0]
  洞穴入口  : -（本区域无）
  NPC 站位  : 5 个 [14,7, 8,11, 22,8, 24,17, 17,4]
  刷怪点    : 0 个
  地形哈希  : F49AB4344E3D0D0A
─────────────────────────────────────────────────────────────
    [INFO ] [Map] DumpAscii hash=F49AB4344E3D0D0A（同 seed 两次生成必须同哈希）
ASCII y=31→0  x=0→31   图例: ' '=图外/未生成 '.'=可走 '#'=障碍 'S'=出生点 'E'=出口 'C'=洞穴入口 'N'=NPC 'M'=刷怪点
031|################################
030|#..............................#
029|#..............................#
028|#...........#......#...........#
027|#........###...................#
026|#..#.....###................#..#
025|#..............................#
024|#..............................#
023|#........................##....#
022|#...................###..##....#
021|#...................###........#
020|#..............................#

    [INFO ] [Map] BuildMinimap: area=Town 32x32 tiles=1024 markers=7
    [INFO ] [Player] [Create] Interact 职业=Amazon(1) 等级 1 力20/敏25/体20/精15 生命=60/60 法力=22/22 耐力=20/20 防御=6 AR=95 可分配属性点=5 经验 0/500（升级阈值来自 experience_c）
    [INFO ] [Player] 落位：格=(15,19) 世界=(-4.00,-17.50)
    [ OK ] 地图上找到 ≥4 个可走格供悬停用例   (找到 4 个)
    悬停点：怪物 (1, 1) / 地面物品 (2, 1) / NPC (3, 1) / 空地 (4, 1) / 障碍 (4, 4)
    [INFO ] [Input] [Hover] 首个悬停命中：格=(1,1) cursor=Attack id=1007「堕落者(自检)」
    [ OK ] 悬停怪物 ⇒ HoverTarget{cursor=Attack, id=怪物 id, 格=悬停格}   (hasTarget=True cursor=Attack id=1007 格=(1,1) name=堕落者(自检))
    [ OK ] 发 HoverTargetChanged(1) + CursorChanged(Attack)   (Hover +1 Cursor +1 载荷=Attack)
    [ OK ] 悬停怪物同步给 IMonsterModule.SetHovered(id)   (SetHovered(1007))
    [ OK ] 悬停地面物品 ⇒ HoverTarget{cursor=Pickup, id, name}   (cursor=Pickup id=100003 name=短剑(自检))
    [ OK ] CursorChanged(Pickup)   (Pickup)
    [ OK ] 离开怪物 ⇒ SetHovered(-1)   (SetHovered(-1))
    [ OK ] 悬停 NPC ⇒ HoverTarget{cursor=Interact, id=1}   (cursor=Interact id=1 name=瓦瑞夫(自检))
    [ OK ] CursorChanged(Interact)   (Interact)
    [ OK ] 空地 ⇒ 无目标 + cursor=Default   (hasTarget=False cursor=Default)
    [ OK ] 障碍格 ⇒ 无目标 + cursor=NoWalk   (cursor=NoWalk 格=(4,4))
    [ OK ] CursorChanged(NoWalk)   (NoWalk)
    [ OK ] 留下了悬停命中日志（验收 #14 取证）   ([INFO ] [Input] [Hover] 首个悬停命中：格=(1,1) cursor=Attack id=1007「堕落者(自检)」)
    [INFO ] [Player] [Attack] 左键点怪 m#1007「堕落者(自检)」格=(1,1) ⇒ 发 D2.Combat.AttackRequest（并走向怪物相邻格）
    [INFO ] [Player] [Move] steps=25 path=(15,19)->(15,18)->(14,17)->(14,16)->(13,15)->(13,14)->(13,13)->(13,12)->(13,11)->(13,10)->(13,9)->(13,8)->(13,7)->(12,7)->(11,7)->(10,7)->(9,6)->(8,5)->(7,4)->(7,3)->(6,3)->(5,3)->(4,3)->(3,3)->(2,2) from=(15,19) to=(2,2) speed=6格/秒(跑)
    [ OK ] 左键点怪 ⇒ AttackRequest 恰好 1 次且 id 正确   (次数 1 载荷 1007)
    [ OK ] 点怪同时补发走位 MoveCommand（ICombatModule 超距时不走位）   (MoveCommand +1，逼近格=(2, 2))
    [ OK ] 留下了 [Attack] 日志   ([INFO ] [Player] [Attack] 左键点怪 m#1007「堕落者(自检)」格=(1,1) ⇒ 发 D2.Combat.AttackRequest（并走向怪物相邻格）)
    [INFO ] [Player] 停止移动：清空剩余 24 个路点（当前格 (15,19) 朝向 S）
    [ OK ] Shift+点击怪 ⇒ 只发 AttackRequest，不产生移动目标（MoveCommand 不增）   (Attack +1 Move +0)
    [ OK ] 空地上按住左键不会被判成攻击（cursor=Default）   (cursor=Default)
    [INFO ] [Player] 落位：格=(15,19) 世界=(-4.00,-17.50)
    [ OK ] 找到够远的目标格（走跑速率对比用）   (目标 (1, 1)（出生点 (15, 19)）)
    [ OK ] 跑：MoveSpeed = PlayerWalkSpeed   (Running=True MoveSpeed=6)
    [INFO ] [Player] [Move] steps=26 path=(15,19)->(15,18)->(14,17)->(14,16)->(13,15)->(13,14)->(13,13)->(13,12)->(13,11)->(13,10)->(13,9)->(13,8)->(13,7)->(12,7)->(11,7)->(10,7)->(9,6)->(8,5)->(7,4)->(7,3)->(6,3)->(5,3)->(4,3)->(3,3)->(2,2)->(1,1) from=(15,19) to=(1,1) speed=6格/秒(跑)
    [WARN ] [Input] 取 Camera.main 抛异常（SecurityException: ECall methods must be packaged into a system module.）⇒ 视为无相机
    [INFO ] [Player] [Move] arrived steps=26 frames=226 from=(15,19) to=(1,1) dir=NW
    [INFO ] [Player] 落位：格=(15,19) 世界=(-4.00,-17.50)
    [INFO ] [Player] [Run] 走/跑切换 ⇒ 走：移动速率 3.00 格/秒（= PlayerWalkSpeed 6.00 × 0.5）；发 D2.Ui.HudDirty
    [ OK ] R 切换后为「走」：MoveSpeed 减半   (Running=False MoveSpeed=3（= 6 × 0.5）)
    [INFO ] [Player] [Move] steps=26 path=(15,19)->(15,18)->(14,17)->(14,16)->(13,15)->(13,14)->(13,13)->(13,12)->(13,11)->(13,10)->(13,9)->(13,8)->(13,7)->(12,7)->(11,7)->(10,7)->(9,6)->(8,5)->(7,4)->(7,3)->(6,3)->(5,3)->(4,3)->(3,3)->(2,2)->(1,1) from=(15,19) to=(1,1) speed=3格/秒(走)
    [INFO ] [Player] [Move] arrived steps=26 frames=449 from=(15,19) to=(1,1) dir=NW
    [ OK ] 走的耗时 ≈ 跑的 2 倍（实际速率减半已生效）   (跑 226 帧 / 走 449 帧 = 1.987（同路径 26 格）)
    [ OK ] 留下了 [Run] 走/跑切换日志   ([INFO ] [Player] [Run] 走/跑切换 ⇒ 走：移动速率 3.00 格/秒（= PlayerWalkSpeed 6.00 × 0.5）；发 D2.Ui.HudDirty)
    [INFO ] [Player] [Run] 走/跑切换 ⇒ 跑：移动速率 6.00 格/秒（= PlayerWalkSpeed 6.00 × 1）；发 D2.Ui.HudDirty

────────────────────────────────────────────────────────────
▶ 14. 复位：Reset 后再建角色必须干净（第二次进图无残留）
────────────────────────────────────────────────────────────
    [INFO ] [Player] 复位：角色/数值/路径/输入缓存已清空（回主菜单）
    [ OK ] Reset 后数值清空   ((未创建) Amazon Lv1 力0/敏0/体0/精0 生命0/1 法力0/1 耐力0/1 防御0 AR0 格挡0% 抗性(火/冰/电/毒)0/0/0/0 经验0/500 属性点0 技能点0 金币0 格(0,0) 朝向S 移动中=False 死亡=False)
    [INFO ] [Player] [Create] Second 职业=Amazon(1) 等级 1 力20/敏25/体20/精15 生命=60/60 法力=22/22 耐力=20/20 防御=6 AR=95 可分配属性点=5 经验 0/500（升级阈值来自 experience_c）
    [ OK ] 复位后重新建角：满血、经验 0、属性点 = stat_per_lvl   (Second Amazon Lv1 力20/敏25/体20/精15 生命60/60 法力22/22 耐力20/20 防御6 AR95 格挡0% 抗性(火/冰/电/毒)0/0/0/0 经验0/500 属性点5 技能点0 金币0 格(0,0) 朝向S 移动中=False 死亡=False)
    [ OK ] 复位后装备加成没有残留   (BonusStr=0 火抗=0)

================ 结束：137 项通过，0 项失败 ================

未覆盖（需要 Unity 原生 API，留给主 agent 进 Play 后验）：
  ① Camera.main 的真实屏幕→地面反投影（点哪走哪）—— 离线宿主里 Camera.main/Screen 不可用，本宿主只断言了降级路径；
  ② 光标换帧 / 行走动画 / 朝向帧（属 Module/View，agent-07）；
  ③ 跟随相机的「手感」（是否抖）与像素级画面。
