=== Uicheck：HUD 与游戏内面板 离线自检 ===

── ① 面板 / 层 / 预制体路径 / 事件 ──
[ OK ] HudPanel：预制体路径 = UI/HudPanel（引擎约定 Resources/UI/{类名}）   (UI/HudPanel)
[ OK ] HudPanel：是 UIPanel 子类   (UIPanel)
[ OK ] HudPanel：覆写了 Layer   (HudPanel)
[ OK ] HudPanel：声明的层 = Normal   (在 HudPanel.cs 内检索)
[ OK ] HudPanel：事件常量 16 条双向核对   (全部命中 Core/Events.cs)
[ OK ] HudPanel：一个文件一个 MonoBehaviour   (UIPanel/MonoBehaviour 出现次数)
[ OK ] MiniMapPanel：预制体路径 = UI/MiniMapPanel（引擎约定 Resources/UI/{类名}）   (UI/MiniMapPanel)
[ OK ] MiniMapPanel：是 UIPanel 子类   (UIPanel)
[ OK ] MiniMapPanel：覆写了 Layer   (MiniMapPanel)
[ OK ] MiniMapPanel：声明的层 = Normal   (在 MiniMapPanel.cs 内检索)
[ OK ] MiniMapPanel：事件常量 2 条双向核对   (全部命中 Core/Events.cs)
[ OK ] MiniMapPanel：一个文件一个 MonoBehaviour   (UIPanel/MonoBehaviour 出现次数)
[ OK ] InventoryPanel：预制体路径 = UI/InventoryPanel（引擎约定 Resources/UI/{类名}）   (UI/InventoryPanel)
[ OK ] InventoryPanel：是 UIPanel 子类   (UIPanel)
[ OK ] InventoryPanel：覆写了 Layer   (InventoryPanel)
[ OK ] InventoryPanel：声明的层 = Popup   (在 InventoryPanel.cs 内检索)
[ OK ] InventoryPanel：事件常量 8 条双向核对   (全部命中 Core/Events.cs)
[ OK ] InventoryPanel：一个文件一个 MonoBehaviour   (UIPanel/MonoBehaviour 出现次数)
[ OK ] CharacterPanel：预制体路径 = UI/CharacterPanel（引擎约定 Resources/UI/{类名}）   (UI/CharacterPanel)
[ OK ] CharacterPanel：是 UIPanel 子类   (UIPanel)
[ OK ] CharacterPanel：覆写了 Layer   (CharacterPanel)
[ OK ] CharacterPanel：声明的层 = Popup   (在 CharacterPanel.cs 内检索)
[ OK ] CharacterPanel：事件常量 4 条双向核对   (全部命中 Core/Events.cs)
[ OK ] CharacterPanel：一个文件一个 MonoBehaviour   (UIPanel/MonoBehaviour 出现次数)
[ OK ] SkillTreePanel：预制体路径 = UI/SkillTreePanel（引擎约定 Resources/UI/{类名}）   (UI/SkillTreePanel)
[ OK ] SkillTreePanel：是 UIPanel 子类   (UIPanel)
[ OK ] SkillTreePanel：覆写了 Layer   (SkillTreePanel)
[ OK ] SkillTreePanel：声明的层 = Popup   (在 SkillTreePanel.cs 内检索)
[ OK ] SkillTreePanel：事件常量 4 条双向核对   (全部命中 Core/Events.cs)
[ OK ] SkillTreePanel：一个文件一个 MonoBehaviour   (UIPanel/MonoBehaviour 出现次数)
[ OK ] QuestLogPanel：预制体路径 = UI/QuestLogPanel（引擎约定 Resources/UI/{类名}）   (UI/QuestLogPanel)
[ OK ] QuestLogPanel：是 UIPanel 子类   (UIPanel)
[ OK ] QuestLogPanel：覆写了 Layer   (QuestLogPanel)
[ OK ] QuestLogPanel：声明的层 = Popup   (在 QuestLogPanel.cs 内检索)
[ OK ] QuestLogPanel：事件常量 5 条双向核对   (全部命中 Core/Events.cs)
[ OK ] QuestLogPanel：一个文件一个 MonoBehaviour   (UIPanel/MonoBehaviour 出现次数)
[ OK ] NpcDialogPanel：预制体路径 = UI/NpcDialogPanel（引擎约定 Resources/UI/{类名}）   (UI/NpcDialogPanel)
[ OK ] NpcDialogPanel：是 UIPanel 子类   (UIPanel)
[ OK ] NpcDialogPanel：覆写了 Layer   (NpcDialogPanel)
[ OK ] NpcDialogPanel：声明的层 = Popup   (在 NpcDialogPanel.cs 内检索)
[ OK ] NpcDialogPanel：事件常量 6 条双向核对   (全部命中 Core/Events.cs)
[ OK ] NpcDialogPanel：一个文件一个 MonoBehaviour   (UIPanel/MonoBehaviour 出现次数)
[ OK ] ShopPanel：预制体路径 = UI/ShopPanel（引擎约定 Resources/UI/{类名}）   (UI/ShopPanel)
[ OK ] ShopPanel：是 UIPanel 子类   (UIPanel)
[ OK ] ShopPanel：覆写了 Layer   (ShopPanel)
[ OK ] ShopPanel：声明的层 = Popup   (在 ShopPanel.cs 内检索)
[ OK ] ShopPanel：事件常量 6 条双向核对   (全部命中 Core/Events.cs)
[ OK ] ShopPanel：一个文件一个 MonoBehaviour   (UIPanel/MonoBehaviour 出现次数)
[ OK ] DeathPanel：预制体路径 = UI/DeathPanel（引擎约定 Resources/UI/{类名}）   (UI/DeathPanel)
[ OK ] DeathPanel：是 UIPanel 子类   (UIPanel)
[ OK ] DeathPanel：覆写了 Layer   (DeathPanel)
[ OK ] DeathPanel：声明的层 = Top   (在 DeathPanel.cs 内检索)
[ OK ] DeathPanel：事件常量 4 条双向核对   (全部命中 Core/Events.cs)
[ OK ] DeathPanel：一个文件一个 MonoBehaviour   (UIPanel/MonoBehaviour 出现次数)

── ② 分层：UI/** 不许 using Diablo2.Module；禁用 API ──
[ OK ] UI 文件数 = 21；`using Diablo2.Module`（锚定）命中 0   (0 命中)
[ OK ] UI 里 `GameObject.Find`/`FindObjectOfType` 命中 0   (0 命中)
[ OK ] UI 里裸 `Debug.Log` 命中 0   (0 命中)

── ③ 背包 10×4 格（GameConst + inventory.png 实测）──
[ OK ] 格数 = 40（GameConst.InventoryCols × Rows）   (CellCount=40, GameConst=10×4)
[ OK ] 列/行常量与 GameConst 同值   (10×4)
[ OK ] 面板尺寸 = 原版 inventory.png 实测 320×432   ((320.00, 432.00))
[ OK ] 格子总尺寸与实测格线一致（292±1 × 117±1）   (292×117)
[ OK ] 首格中心 = 贴图 (17,252) 换算值   ((-128.40, -50.62))
[ OK ] 40 格全部落在面板内   (40/40 在界内)
[ OK ] 行优先、步进 = 格宽/格高（不重叠）   (相邻格步进校验)

── ③b 装备栏 10 槽 ──
[ OK ] 槽位数 = 10   (10)
[ OK ] 覆盖 Helm/Armor/Weapon/Shield/Gloves/Boots/Belt/Amulet + 双戒指   (Weapon#0, Helm#0, Amulet#0, Armor#0, Shield#0, Gloves#0, Ring#0, Belt#0, Ring#1, Boots#0)
[ OK ] 底图全部来自 ResPaths.D2UiEquipSlot，half ∈ {0,1,2}   (见 InventoryPanel.EquipSlots)
[ OK ] 同槽多件（双戒指）按 slotIndex 取到不同物品   (戒指A/戒指B)

── ④ 血球/经验条填充（constraints.md #3）──
[ OK ] 无 sprite ⇒ 锚点填充（**绝不用 Filled + 空 sprite**）   (Anchor)
[ OK ] 有 sprite ⇒ Filled + fillAmount（与原版 ControlPanel.prefab 一致）   (FilledSprite)
[ OK ] HUD 的球/经验条都经 UiBar 设置（不是自己写 fillAmount）   (UiBar.Set×3，裸 fillAmount×0)
[ OK ] UiBar 内部：Filled 分支与锚点分支并存，且 Filled 只在有 sprite 时走   (见 UI/UiBar.cs Apply())
[ OK ] UiBar 两模式都先把矩形归一成「铺满父节点」   (见 UI/UiBar.cs Apply())
[ OK ] HUD 的球建了同尺寸容器（Holder），不是直接挂面板根   (见 HudPanel.BuildOrb())

── ⑤ 物品品质配色（白/蓝/金/绿/暗金）──
[ OK ] 5 种品质颜色互不相同   (Normal=#FFFFFF  Magic=#6969FF  Rare=#FFFF64  Set=#00FF00  Unique=#C7B377)
[ OK ] 蓝(魔法) 偏蓝：b 最大   (#6969FF)
[ OK ] 金(稀有) 偏黄：r≈g 且 b 低   (#FFFF64)
[ OK ] 绿(套装) 偏绿：g 最大且 r 最低   (#00FF00)
[ OK ] 暗金(唯一) 偏褐金：r>g>b 且不是亮黄   (#C7B377)
[ OK ] 白(普通) 接近纯白   (#FFFFFF)
[ OK ] 未知品质有降级分支且打 WarnOnce（不静默）   (见 ItemTooltip.cs ItemQualityColor.Of())

── ⑥ 位图字体（advance 表 / 只渲染拉丁）──
[ OK ] Font16：advance 表长度 = 95（32..126）且取值合理   (len=95, cell=16×18)
[ OK ] Font24：advance 表长度 = 95（32..126）且取值合理   (len=95, cell=24×28)
[ OK ] Font30：advance 表长度 = 95（32..126）且取值合理   (len=95, cell=31×32)
[ OK ] Font42：advance 表长度 = 95（32..126）且取值合理   (len=95, cell=41×43)
[ OK ] font16 逐字形 advance 与 font16.txt 抽取值一致   ('0'=12, '1'=5, 'A'=12, 'i'=4, 'W'=16, '/'=9, ' '=8)
[ OK ] Measure(font16,"0/0") = 12+9+12 = 33   (33)
[ OK ] 中文不可用位图字体（无汉字字形）⇒ IsLatinOnly("你") = false   (中文走 UIFactory.DefaultFont())
[ OK ] 数字/英文可用位图字体   (HUD 球内数字、金币、等级)
[ OK ] 字号格子参数与 AssetImporter.FontGrids 一致（16×18/24×28/31×32/41×43）   (见 D2Text.CellWidth/CellHeight)

── ⑦ OnOpen 漏参数（constraints.md #7）──
[ OK ] param=null ⇒ 返回 null（面板按空数据打开，不崩）   (null)
[ OK ] param=null ⇒ 打 Warn 且点名面板 + 说明缺参数   ([WARN][Ui] HudPanel.OnOpen 缺少参数（param=null）⇒ 按空数据打开（数值为 0 / 列表为空），请检查打开方是否漏传 DTO（constraints.md #7）)
[ OK ] 类型不符 ⇒ 返回 null   (null)
[ OK ] 类型不符 ⇒ Warn 里同时写出期望与实际类型   ([WARN][Ui] InventoryPanel.OnOpen 参数类型不符：期望 PlayerStatsDto，实际 String ⇒ 按空数据打开（请检查事件参数类型是否与 Core/Events.cs 的约定一致）)
[ OK ] 参数正确 ⇒ 原样返回且**不打**日志   (level=7, logs=0)
[ OK ] 整型载荷缺失 ⇒ 用兜底值 + Warn   (-1)

── ⑧ 任务（邪恶洞穴）进度口径 ──
[ OK ] 进行中（3/6）⇒ 剩余 3，不可交付   (remaining=3)
[ OK ] 清光（6/6）⇒ 剩余 0，可交付（原版硬条件）   (remaining=0)
[ OK ] 已完成 ⇒ Remaining 不出现负数   (0)
[ OK ] 四种状态显示各不相同   (未接取 / 进行中 / 可交付 / 已完成)

── ⑨ HUD 布局（原版 ControlPanel.prefab 实测值换算）──
[ OK ] UI 参考分辨率 = 1920×1080（引擎 UIManager 固定值）   (1920×1080)
[ OK ] 控制面板：948×160，中心 y = -21.3 + 80 - 540   ((0.00, -481.30))
[ OK ] 生命球：108×108 @ (-316.01, 66.96-540)   ((-316.01, -473.04))
[ OK ] 法力球：108×108 @ (299.56, 66.96-540)   ((299.56, -473.04))
[ OK ] 经验条：486.94×4.06 @ (-8.9, 7.77-540)   ((-8.90, -532.23))
[ OK ] 技能栏左右两格：33.5×35.12 @ (-229.9 / -192.2, 35.x-540)   ((-229.90, -504.80) / (-192.20, -504.50))
[ OK ] 小面板 7 个按钮 x = -63..63 步进 21（原版实测）   (-63,-42,-21,0,21,42,63)
[ OK ] 腰带格边长与背包格同口径（29.2）   (29.2 vs 29.2)
[ OK ] 腰带 4 格与 小面板/左右技能格/经验条 两两不重叠   (belt=(x:-148.40, y:-525.60, width:116.80, height:29.20)  mini=(x:-76.00, y:-493.00, width:152.00, height:26.00)  exp=(x:-252.37, y:-534.26, width:486.94, height:4.06))
[ OK ] 左右键技能格互不重叠（原版间距 37.7px）   (left=(x:-246.65, y:-522.36, width:33.50, height:35.12) right=(x:-208.95, y:-522.06, width:33.50, height:35.12))
[ OK ] 元件都在控制面板范围内（±474 × -561.3..-401.3）   (面板 948×160 @ (0,-481.3)  腰带 y=[-525.6,-496.4])

── ⑪ §B：UI 事件补发（Unequip/Move/Drop/ShopOpen）+ 小地图参数 ──
[ OK ] 点装备槽（头盔）⇒ UnequipRequest 恰好 1 次，载荷 = (int)ItemSlot.Helm   (count=1 payload=1)
[ OK ] 点第二枚戒指 ⇒ 载荷高位带 slotIndex（= (int)Ring | (1<<8)），可解回原槽/下标   (payload=265（解码 slot=Ring idx=1）)
[ OK ] UnequipRequest 打包与 AppEventRouting 解码同口径（逐槽 round-trip）   (Weapon=3 Ring#1=265)
[ OK ] 背包内拖放 ⇒ MoveInInventoryRequest 恰好 1 次，载荷 = 2 | (5<<16)，可解回 from/to   (payload=327682（解码 from=2 to=5）)
[ OK ] 拖到面板外 ⇒ ItemDropRequest 恰好 1 次，载荷 = 锚点 7   (payload=7)
[ OK ] 对话点『交易』⇒ ShopOpenRequest 恰好 1 次，载荷 = NpcId.Charsi(2)   (payload=2)
[ OK ] 四条 Emit 路径各行其是（没有误发别的请求事件）   (PanelToggleRequest=0)
[ OK ] 只有 hasShop 的对话才允许开商店   (hasShop=true⇒true / hasShop=false⇒false / null⇒false)
[ OK ] 落点锚点换算：空格的落点 = 自身下标   (3)
[ OK ] 落点锚点换算：被占用格的落点 = 该物品锚点   (10/10)
[ OK ] 落点锚点换算：越界 / 空数据 = -1   (-1)
[ OK ] HUD 对 MiniMapPanel 的打开参数 = 缓存的 MinimapArgs（非 null）   (PanelParam(MiniMapPanel, …, map) == map)
[ OK ] HUD 打开参数映射：其余面板各取自己的快照（互不串），未知面板 = null   (Inventory→inv / Character→stats / 未知→null)
[ OK ] MiniMapPanel.OnOpen 的参数校验：传非 null MinimapArgs 原样收下（不会降级成「无数据」）   (UiLog.Require<MinimapArgs>(map) == map)
[ OK ] HUD 源码：订阅 Events.MapGenerated 并缓存到 _minimap   (见 HudPanel.OnMapGenerated)
[ OK ] HUD 源码：不再有 `Toggle<MiniMapPanel>(null)`   (已改为传入缓存的 MinimapArgs)
[ OK ] 死亡面板源码：订阅 Events.Revived 并据此关闭（不再点一下就走）   (见 DeathPanel.OnRevived)

── ⑩ 引用的原版贴图存在于 Resources ──
[ OK ] 26 个贴图路径全部命中磁盘文件   (0 缺失)
[ OK ] 4 套位图字体图集存在   (font16/24/30/42)


未覆盖（需要 Unity 原生，留给主 agent 进 Play 后验）：① 面板实例化与构件层级；② 贴图像素对齐与观感（含球/条填充真的在动）；③ `Time.timeScale=0` 下 `AfterUnscaled` 的实际触发；④ 拖放手感。

=== 自检全部通过 ===
